Archive member included to satisfy reference by file (symbol)

/opt/stm32cubeide/plugins/com.st.stm32cube.ide.mcu.externaltools.gnu-tools-for-stm32.9-2020-q2-update.linux64_1.5.0.202011040924/tools/bin/../lib/gcc/arm-none-eabi/9.3.1/../../../../arm-none-eabi/lib/thumb/v7-m/nofp/libc_nano.a(lib_a-errno.o)
                              Core/Src/syscalls.o (__errno)
/opt/stm32cubeide/plugins/com.st.stm32cube.ide.mcu.externaltools.gnu-tools-for-stm32.9-2020-q2-update.linux64_1.5.0.202011040924/tools/bin/../lib/gcc/arm-none-eabi/9.3.1/../../../../arm-none-eabi/lib/thumb/v7-m/nofp/libc_nano.a(lib_a-exit.o)
                              /opt/stm32cubeide/plugins/com.st.stm32cube.ide.mcu.externaltools.gnu-tools-for-stm32.9-2020-q2-update.linux64_1.5.0.202011040924/tools/bin/../lib/gcc/arm-none-eabi/9.3.1/../../../../arm-none-eabi/lib/thumb/v7-m/nofp/crt0.o (exit)
/opt/stm32cubeide/plugins/com.st.stm32cube.ide.mcu.externaltools.gnu-tools-for-stm32.9-2020-q2-update.linux64_1.5.0.202011040924/tools/bin/../lib/gcc/arm-none-eabi/9.3.1/../../../../arm-none-eabi/lib/thumb/v7-m/nofp/libc_nano.a(lib_a-impure.o)
                              /opt/stm32cubeide/plugins/com.st.stm32cube.ide.mcu.externaltools.gnu-tools-for-stm32.9-2020-q2-update.linux64_1.5.0.202011040924/tools/bin/../lib/gcc/arm-none-eabi/9.3.1/../../../../arm-none-eabi/lib/thumb/v7-m/nofp/libc_nano.a(lib_a-exit.o) (_global_impure_ptr)
/opt/stm32cubeide/plugins/com.st.stm32cube.ide.mcu.externaltools.gnu-tools-for-stm32.9-2020-q2-update.linux64_1.5.0.202011040924/tools/bin/../lib/gcc/arm-none-eabi/9.3.1/../../../../arm-none-eabi/lib/thumb/v7-m/nofp/libc_nano.a(lib_a-init.o)
                              /opt/stm32cubeide/plugins/com.st.stm32cube.ide.mcu.externaltools.gnu-tools-for-stm32.9-2020-q2-update.linux64_1.5.0.202011040924/tools/bin/../lib/gcc/arm-none-eabi/9.3.1/../../../../arm-none-eabi/lib/thumb/v7-m/nofp/crt0.o (__libc_init_array)
/opt/stm32cubeide/plugins/com.st.stm32cube.ide.mcu.externaltools.gnu-tools-for-stm32.9-2020-q2-update.linux64_1.5.0.202011040924/tools/bin/../lib/gcc/arm-none-eabi/9.3.1/../../../../arm-none-eabi/lib/thumb/v7-m/nofp/libc_nano.a(lib_a-memset.o)
                              /opt/stm32cubeide/plugins/com.st.stm32cube.ide.mcu.externaltools.gnu-tools-for-stm32.9-2020-q2-update.linux64_1.5.0.202011040924/tools/bin/../lib/gcc/arm-none-eabi/9.3.1/../../../../arm-none-eabi/lib/thumb/v7-m/nofp/crt0.o (memset)
/opt/stm32cubeide/plugins/com.st.stm32cube.ide.mcu.externaltools.gnu-tools-for-stm32.9-2020-q2-update.linux64_1.5.0.202011040924/tools/bin/../lib/gcc/arm-none-eabi/9.3.1/../../../../arm-none-eabi/lib/thumb/v7-m/nofp/libc_nano.a(lib_a-sprintf.o)
                              Core/Src/main.o (sprintf)
/opt/stm32cubeide/plugins/com.st.stm32cube.ide.mcu.externaltools.gnu-tools-for-stm32.9-2020-q2-update.linux64_1.5.0.202011040924/tools/bin/../lib/gcc/arm-none-eabi/9.3.1/../../../../arm-none-eabi/lib/thumb/v7-m/nofp/libc_nano.a(lib_a-strcmp.o)
                              Core/Src/main.o (strcmp)
/opt/stm32cubeide/plugins/com.st.stm32cube.ide.mcu.externaltools.gnu-tools-for-stm32.9-2020-q2-update.linux64_1.5.0.202011040924/tools/bin/../lib/gcc/arm-none-eabi/9.3.1/../../../../arm-none-eabi/lib/thumb/v7-m/nofp/libc_nano.a(lib_a-strcpy.o)
                              Core/Src/main.o (strcpy)
/opt/stm32cubeide/plugins/com.st.stm32cube.ide.mcu.externaltools.gnu-tools-for-stm32.9-2020-q2-update.linux64_1.5.0.202011040924/tools/bin/../lib/gcc/arm-none-eabi/9.3.1/../../../../arm-none-eabi/lib/thumb/v7-m/nofp/libc_nano.a(lib_a-strlen.o)
                              Core/Src/UartRingbuffer.o (strlen)
/opt/stm32cubeide/plugins/com.st.stm32cube.ide.mcu.externaltools.gnu-tools-for-stm32.9-2020-q2-update.linux64_1.5.0.202011040924/tools/bin/../lib/gcc/arm-none-eabi/9.3.1/../../../../arm-none-eabi/lib/thumb/v7-m/nofp/libc_nano.a(lib_a-strncpy.o)
                              USB_DEVICE/App/usbd_cdc_if.o (strncpy)
/opt/stm32cubeide/plugins/com.st.stm32cube.ide.mcu.externaltools.gnu-tools-for-stm32.9-2020-q2-update.linux64_1.5.0.202011040924/tools/bin/../lib/gcc/arm-none-eabi/9.3.1/../../../../arm-none-eabi/lib/thumb/v7-m/nofp/libc_nano.a(lib_a-nano-svfprintf.o)
                              /opt/stm32cubeide/plugins/com.st.stm32cube.ide.mcu.externaltools.gnu-tools-for-stm32.9-2020-q2-update.linux64_1.5.0.202011040924/tools/bin/../lib/gcc/arm-none-eabi/9.3.1/../../../../arm-none-eabi/lib/thumb/v7-m/nofp/libc_nano.a(lib_a-sprintf.o) (_svfprintf_r)
/opt/stm32cubeide/plugins/com.st.stm32cube.ide.mcu.externaltools.gnu-tools-for-stm32.9-2020-q2-update.linux64_1.5.0.202011040924/tools/bin/../lib/gcc/arm-none-eabi/9.3.1/../../../../arm-none-eabi/lib/thumb/v7-m/nofp/libc_nano.a(lib_a-nano-vfprintf_i.o)
[...]
Memory Configuration

Name             Origin             Length             Attributes
RAM              0x0000000020000000 0x0000000000005000 xrw
FLASH            0x0000000008000000 0x0000000000010000 xr
*default*        0x0000000000000000 0xffffffffffffffff

Linker script and memory map

LOAD /opt/stm32cubeide/plugins/com.st.stm32cube.ide.mcu.externaltools.gnu-tools-for-stm32.9-2020-q2-update.linux64_1.5.0.202011040924/tools/bin/../lib/gcc/arm-none-eabi/9.3.1/thumb/v7-m/nofp/crti.o
LOAD /opt/stm32cubeide/plugins/com.st.stm32cube.ide.mcu.externaltools.gnu-tools-for-stm32.9-2020-q2-update.linux64_1.5.0.202011040924/tools/bin/../lib/gcc/arm-none-eabi/9.3.1/thumb/v7-m/nofp/crtbegin.o
LOAD /opt/stm32cubeide/plugins/com.st.stm32cube.ide.mcu.externaltools.gnu-tools-for-stm32.9-2020-q2-update.linux64_1.5.0.202011040924/tools/bin/../lib/gcc/arm-none-eabi/9.3.1/../../../../arm-none-eabi/lib/thumb/v7-m/nofp/crt0.o
LOAD Core/Src/UartRingbuffer.o
LOAD Core/Src/bmp280.o
LOAD Core/Src/ds1307_for_stm32_hal.o
LOAD Core/Src/fonts.o
LOAD Core/Src/main.o
LOAD Core/Src/si7021.o
LOAD Core/Src/ssd1306.o
LOAD Core/Src/stm32f1xx_hal_msp.o
LOAD Core/Src/stm32f1xx_it.o
LOAD Core/Src/syscalls.o
LOAD Core/Src/sysmem.o
LOAD Core/Src/system_stm32f1xx.o
LOAD Core/Src/wifiwork.o
LOAD Core/Startup/startup_stm32f103c8tx.o
LOAD Drivers/STM32F1xx_HAL_Driver/Src/stm32f1xx_hal.o
LOAD Drivers/STM32F1xx_HAL_Driver/Src/stm32f1xx_hal_adc.o
LOAD Drivers/STM32F1xx_HAL_Driver/Src/stm32f1xx_hal_adc_ex.o
LOAD Drivers/STM32F1xx_HAL_Driver/Src/stm32f1xx_hal_cortex.o
LOAD Drivers/STM32F1xx_HAL_Driver/Src/stm32f1xx_hal_dma.o
LOAD Drivers/STM32F1xx_HAL_Driver/Src/stm32f1xx_hal_exti.o
LOAD Drivers/STM32F1xx_HAL_Driver/Src/stm32f1xx_hal_flash.o
LOAD Drivers/STM32F1xx_HAL_Driver/Src/stm32f1xx_hal_flash_ex.o
LOAD Drivers/STM32F1xx_HAL_Driver/Src/stm32f1xx_hal_gpio.o
LOAD Drivers/STM32F1xx_HAL_Driver/Src/stm32f1xx_hal_gpio_ex.o
LOAD Drivers/STM32F1xx_HAL_Driver/Src/stm32f1xx_hal_i2c.o
LOAD Drivers/STM32F1xx_HAL_Driver/Src/stm32f1xx_hal_pcd.o
LOAD Drivers/STM32F1xx_HAL_Driver/Src/stm32f1xx_hal_pcd_ex.o
LOAD Drivers/STM32F1xx_HAL_Driver/Src/stm32f1xx_hal_pwr.o
LOAD Drivers/STM32F1xx_HAL_Driver/Src/stm32f1xx_hal_rcc.o
LOAD Drivers/STM32F1xx_HAL_Driver/Src/stm32f1xx_hal_rcc_ex.o
LOAD Drivers/STM32F1xx_HAL_Driver/Src/stm32f1xx_hal_spi.o
LOAD Drivers/STM32F1xx_HAL_Driver/Src/stm32f1xx_hal_tim.o
LOAD Drivers/STM32F1xx_HAL_Driver/Src/stm32f1xx_hal_tim_ex.o
LOAD Drivers/STM32F1xx_HAL_Driver/Src/stm32f1xx_hal_uart.o
LOAD Drivers/STM32F1xx_HAL_Driver/Src/stm32f1xx_ll_usb.o
LOAD FATFS/App/fatfs.o
LOAD FATFS/Target/user_diskio.o
LOAD Middlewares/ST/STM32_USB_Device_Library/Class/CDC/Src/usbd_cdc.o
LOAD Middlewares/ST/STM32_USB_Device_Library/Core/Src/usbd_core.o
LOAD Middlewares/ST/STM32_USB_Device_Library/Core/Src/usbd_ctlreq.o
LOAD Middlewares/ST/STM32_USB_Device_Library/Core/Src/usbd_ioreq.o
LOAD Middlewares/Third_Party/FatFs/src/diskio.o
LOAD Middlewares/Third_Party/FatFs/src/ff.o
LOAD Middlewares/Third_Party/FatFs/src/ff_gen_drv.o
LOAD Middlewares/Third_Party/FatFs/src/option/syscall.o
LOAD USB_DEVICE/App/usb_device.o
LOAD USB_DEVICE/App/usbd_cdc_if.o
LOAD USB_DEVICE/App/usbd_desc.o
LOAD USB_DEVICE/Target/usbd_conf.o
START GROUP
LOAD /opt/stm32cubeide/plugins/com.st.stm32cube.ide.mcu.externaltools.gnu-tools-for-stm32.9-2020-q2-update.linux64_1.5.0.202011040924/tools/bin/../lib/gcc/arm-none-eabi/9.3.1/../../../../arm-none-eabi/lib/thumb/v7-m/nofp/libc_nano.a
LOAD /opt/stm32cubeide/plugins/com.st.stm32cube.ide.mcu.externaltools.gnu-tools-for-stm32.9-2020-q2-update.linux64_1.5.0.202011040924/tools/bin/../lib/gcc/arm-none-eabi/9.3.1/../../../../arm-none-eabi/lib/thumb/v7-m/nofp/libm.a
END GROUP
START GROUP
LOAD /opt/stm32cubeide/plugins/com.st.stm32cube.ide.mcu.externaltools.gnu-tools-for-stm32.9-2020-q2-update.linux64_1.5.0.202011040924/tools/bin/../lib/gcc/arm-none-eabi/9.3.1/thumb/v7-m/nofp/libgcc.a
LOAD /opt/stm32cubeide/plugins/com.st.stm32cube.ide.mcu.externaltools.gnu-tools-for-stm32.9-2020-q2-update.linux64_1.5.0.202011040924/tools/bin/../lib/gcc/arm-none-eabi/9.3.1/../../../../arm-none-eabi/lib/thumb/v7-m/nofp/libc_nano.a
END GROUP
START GROUP
LOAD /opt/stm32cubeide/plugins/com.st.stm32cube.ide.mcu.externaltools.gnu-tools-for-stm32.9-2020-q2-update.linux64_1.5.0.202011040924/tools/bin/../lib/gcc/arm-none-eabi/9.3.1/thumb/v7-m/nofp/libgcc.a
LOAD /opt/stm32cubeide/plugins/com.st.stm32cube.ide.mcu.externaltools.gnu-tools-for-stm32.9-2020-q2-update.linux64_1.5.0.202011040924/tools/bin/../lib/gcc/arm-none-eabi/9.3.1/../../../../arm-none-eabi/lib/thumb/v7-m/nofp/libc_nano.a
LOAD /opt/stm32cubeide/plugins/com.st.stm32cube.ide.mcu.externaltools.gnu-tools-for-stm32.9-2020-q2-update.linux64_1.5.0.202011040924/tools/bin/../lib/gcc/arm-none-eabi/9.3.1/../../../../arm-none-eabi/lib/thumb/v7-m/nofp/libnosys.a
END GROUP
START GROUP
LOAD /opt/stm32cubeide/plugins/com.st.stm32cube.ide.mcu.externaltools.gnu-tools-for-stm32.9-2020-q2-update.linux64_1.5.0.202011040924/tools/bin/../lib/gcc/arm-none-eabi/9.3.1/thumb/v7-m/nofp/libgcc.a
LOAD /opt/stm32cubeide/plugins/com.st.stm32cube.ide.mcu.externaltools.gnu-tools-for-stm32.9-2020-q2-update.linux64_1.5.0.202011040924/tools/bin/../lib/gcc/arm-none-eabi/9.3.1/../../../../arm-none-eabi/lib/thumb/v7-m/nofp/libc_nano.a
LOAD /opt/stm32cubeide/plugins/com.st.stm32cube.ide.mcu.externaltools.gnu-tools-for-stm32.9-2020-q2-update.linux64_1.5.0.202011040924/tools/bin/../lib/gcc/arm-none-eabi/9.3.1/../../../../arm-none-eabi/lib/thumb/v7-m/nofp/libnosys.a
END GROUP
LOAD /opt/stm32cubeide/plugins/com.st.stm32cube.ide.mcu.externaltools.gnu-tools-for-stm32.9-2020-q2-update.linux64_1.5.0.202011040924/tools/bin/../lib/gcc/arm-none-eabi/9.3.1/thumb/v7-m/nofp/crtend.o
LOAD /opt/stm32cubeide/plugins/com.st.stm32cube.ide.mcu.externaltools.gnu-tools-for-stm32.9-2020-q2-update.linux64_1.5.0.202011040924/tools/bin/../lib/gcc/arm-none-eabi/9.3.1/thumb/v7-m/nofp/crtn.o
                0x0000000020005000                _estack = (ORIGIN (RAM) + LENGTH (RAM))
                0x0000000000000200                _Min_Heap_Size = 0x200
                0x0000000000000400                _Min_Stack_Size = 0x400

.isr_vector     0x0000000008000000      0x10c
                0x0000000008000000                . = ALIGN (0x4)
 *(.isr_vector)
 .isr_vector    0x0000000008000000      0x10c Core/Startup/startup_stm32f103c8tx.o
                0x0000000008000000                g_pfnVectors
                0x000000000800010c                . = ALIGN (0x4)

.text           0x0000000008000110     0x8fb0
                0x0000000008000110                . = ALIGN (0x4)
 *(.text)
 .text          0x0000000008000110       0x40 /opt/stm32cubeide/plugins/com.st.stm32cube.ide.mcu.externaltools.gnu-tools-for-stm32.9-2020-q2-update.linux64_1.5.0.202011040924/tools/bin/../lib/gcc/arm-none-eabi/9.3.1/thumb/v7-m/nofp/crtbegin.o
 .text          0x0000000008000150       0x14 /opt/stm32cubeide/plugins/com.st.stm32cube.ide.mcu.externaltools.gnu-tools-for-stm32.9-2020-q2-update.linux64_1.5.0.202011040924/tools/bin/../lib/gcc/arm-none-eabi/9.3.1/../../../../arm-none-eabi/lib/thumb/v7-m/nofp/libc_nano.a(lib_a-strcmp.o)
                0x0000000008000150                strcmp
 .text          0x0000000008000164       0x10 /opt/stm32cubeide/plugins/com.st.stm32cube.ide.mcu.externaltools.gnu-tools-for-stm32.9-2020-q2-update.linux64_1.5.0.202011040924/tools/bin/../lib/gcc/arm-none-eabi/9.3.1/../../../../arm-none-eabi/lib/thumb/v7-m/nofp/libc_nano.a(lib_a-strlen.o)
                0x0000000008000164                strlen
 .text          0x0000000008000174      0x378 /opt/stm32cubeide/plugins/com.st.stm32cube.ide.mcu.externaltools.gnu-tools-for-stm32.9-2020-q2-update.linux64_1.5.0.202011040924/tools/bin/../lib/gcc/arm-none-eabi/9.3.1/thumb/v7-m/nofp/libgcc.a(_arm_addsubdf3.o)
                0x0000000008000174                __aeabi_drsub
                0x000000000800017c                __aeabi_dsub
                0x000000000800017c                __subdf3
                0x0000000008000180                __adddf3
                0x0000000008000180                __aeabi_dadd
                0x00000000080003f8                __aeabi_ui2d
                0x00000000080003f8                __floatunsidf
                0x0000000008000418                __floatsidf
                0x0000000008000418                __aeabi_i2d
                0x000000000800043c                __extendsfdf2
                0x000000000800043c                __aeabi_f2d
                0x0000000008000480                __aeabi_ul2d
                0x0000000008000480                __floatundidf
                0x0000000008000490                __floatdidf
                0x0000000008000490                __aeabi_l2d
 .text          0x00000000080004ec      0x424 /opt/stm32cubeide/plugins/com.st.stm32cube.ide.mcu.externaltools.gnu-tools-for-stm32.9-2020-q2-update.linux64_1.5.0.202011040924/tools/bin/../lib/gcc/arm-none-eabi/9.3.1/thumb/v7-m/nofp/libgcc.a(_arm_muldivdf3.o)
                0x00000000080004ec                __aeabi_dmul
                0x00000000080004ec                __muldf3
                0x0000000008000740                __aeabi_ddiv
                0x0000000008000740                __divdf3
 .text          0x0000000008000910       0x50 /opt/stm32cubeide/plugins/com.st.stm32cube.ide.mcu.externaltools.gnu-tools-for-stm32.9-2020-q2-update.linux64_1.5.0.202011040924/tools/bin/../lib/gcc/arm-none-eabi/9.3.1/thumb/v7-m/nofp/libgcc.a(_arm_fixdfsi.o)
                0x0000000008000910                __fixdfsi
                0x0000000008000910                __aeabi_d2iz
 .text          0x0000000008000960      0x21c /opt/stm32cubeide/plugins/com.st.stm32cube.ide.mcu.externaltools.gnu-tools-for-stm32.9-2020-q2-update.linux64_1.5.0.202011040924/tools/bin/../lib/gcc/arm-none-eabi/9.3.1/thumb/v7-m/nofp/libgcc.a(_arm_addsubsf3.o)
                0x0000000008000960                __aeabi_frsub
                0x0000000008000968                __subsf3
                0x0000000008000968                __aeabi_fsub
                0x000000000800096c                __aeabi_fadd
                0x000000000800096c                __addsf3
                0x0000000008000acc                __aeabi_ui2f
                0x0000000008000acc                __floatunsisf
                0x0000000008000ad4                __aeabi_i2f
                0x0000000008000ad4                __floatsisf
                0x0000000008000af0                __floatundisf
                0x0000000008000af0                __aeabi_ul2f
                0x0000000008000b00                __floatdisf
                0x0000000008000b00                __aeabi_l2f
 .text          0x0000000008000b7c      0x2a0 /opt/stm32cubeide/plugins/com.st.stm32cube.ide.mcu.externaltools.gnu-tools-for-stm32.9-2020-q2-update.linux64_1.5.0.202011040924/tools/bin/../lib/gcc/arm-none-eabi/9.3.1/thumb/v7-m/nofp/libgcc.a(_arm_muldivsf3.o)
                0x0000000008000b7c                __mulsf3
                0x0000000008000b7c                __aeabi_fmul
                0x0000000008000ce4                __divsf3
                0x0000000008000ce4                __aeabi_fdiv
 .text          0x0000000008000e1c       0x4c /opt/stm32cubeide/plugins/com.st.stm32cube.ide.mcu.externaltools.gnu-tools-for-stm32.9-2020-q2-update.linux64_1.5.0.202011040924/tools/bin/../lib/gcc/arm-none-eabi/9.3.1/thumb/v7-m/nofp/libgcc.a(_arm_fixsfsi.o)
                0x0000000008000e1c                __fixsfsi
                0x0000000008000e1c                __aeabi_f2iz
 .text          0x0000000008000e68       0xa0 /opt/stm32cubeide/plugins/com.st.stm32cube.ide.mcu.externaltools.gnu-tools-for-stm32.9-2020-q2-update.linux64_1.5.0.202011040924/tools/bin/../lib/gcc/arm-none-eabi/9.3.1/thumb/v7-m/nofp/libgcc.a(_aeabi_ldivmod.o)
                0x0000000008000e68                __aeabi_ldivmod
 .text          0x0000000008000f08      0x2c4 /opt/stm32cubeide/plugins/com.st.stm32cube.ide.mcu.externaltools.gnu-tools-for-stm32.9-2020-q2-update.linux64_1.5.0.202011040924/tools/bin/../lib/gcc/arm-none-eabi/9.3.1/thumb/v7-m/nofp/libgcc.a(_udivmoddi4.o)
                0x0000000008000f08                __udivmoddi4
 .text          0x00000000080011cc        0x4 /opt/stm32cubeide/plugins/com.st.stm32cube.ide.mcu.externaltools.gnu-tools-for-stm32.9-2020-q2-update.linux64_1.5.0.202011040924/tools/bin/../lib/gcc/arm-none-eabi/9.3.1/thumb/v7-m/nofp/libgcc.a(_dvmd_tls.o)
                0x00000000080011cc                __aeabi_ldiv0
                0x00000000080011cc                __aeabi_idiv0
 *(.text*)
 .text.Ringbuf_init
                0x00000000080011d0       0x38 Core/Src/UartRingbuffer.o
                0x00000000080011d0                Ringbuf_init
 .text.store_char
                0x0000000008001208       0x16 Core/Src/UartRingbuffer.o
                0x0000000008001208                store_char
 *fill*         0x000000000800121e        0x2 
 .text.Uart_read
                0x0000000008001220       0x28 Core/Src/UartRingbuffer.o
                0x0000000008001220                Uart_read
 .text.Uart_write
                0x0000000008001248       0x34 Core/Src/UartRingbuffer.o
                0x0000000008001248                Uart_write
 .text.IsDataAvailable
                0x000000000800127c       0x14 Core/Src/UartRingbuffer.o
                0x000000000800127c                IsDataAvailable
 .text.Uart_sendstring
                0x0000000008001290       0x12 Core/Src/UartRingbuffer.o
                0x0000000008001290                Uart_sendstring
 *fill*         0x00000000080012a2        0x2 
 .text.Uart_flush
                0x00000000080012a4       0x1c Core/Src/UartRingbuffer.o
                0x00000000080012a4                Uart_flush
 .text.Uart_peek
                0x00000000080012c0       0x1c Core/Src/UartRingbuffer.o
                0x00000000080012c0                Uart_peek
 .text.Wait_for
                0x00000000080012dc       0x58 Core/Src/UartRingbuffer.o
                0x00000000080012dc                Wait_for
 .text.Uart_isr
                0x0000000008001334       0x54 Core/Src/UartRingbuffer.o
                0x0000000008001334                Uart_isr
 .text.read_data
                0x0000000008001388       0x2a Core/Src/bmp280.o
 .text.read_register16
                0x00000000080013b2       0x40 Core/Src/bmp280.o
 .text.write_register8
                0x00000000080013f2       0x32 Core/Src/bmp280.o
 .text.bmp280_init_default_params
                0x0000000008001424       0x12 Core/Src/bmp280.o
                0x0000000008001424                bmp280_init_default_params
 .text.bmp280_init
                0x0000000008001436      0x204 Core/Src/bmp280.o
                0x0000000008001436                bmp280_init
 .text.bmp280_read_fixed
                0x000000000800163a      0x284 Core/Src/bmp280.o
                0x000000000800163a                bmp280_read_fixed
 *fill*         0x00000000080018be        0x2 
 .text.bmp280_read_float
                0x00000000080018c0       0x58 Core/Src/bmp280.o
                0x00000000080018c0                bmp280_read_float
 .text.DS1307_SetRegByte
                0x0000000008001918       0x28 Core/Src/ds1307_for_stm32_hal.o
                0x0000000008001918                DS1307_SetRegByte
 .text.DS1307_GetRegByte
                0x0000000008001940       0x3c Core/Src/ds1307_for_stm32_hal.o
                0x0000000008001940                DS1307_GetRegByte
 .text.DS1307_SetClockHalt
                0x000000000800197c       0x20 Core/Src/ds1307_for_stm32_hal.o
                0x000000000800197c                DS1307_SetClockHalt
 .text.DS1307_Init
                0x000000000800199c       0x10 Core/Src/ds1307_for_stm32_hal.o
                0x000000000800199c                DS1307_Init
 .text.DS1307_DecodeBCD
                0x00000000080019ac       0x12 Core/Src/ds1307_for_stm32_hal.o
                0x00000000080019ac                DS1307_DecodeBCD
 .text.DS1307_GetDayOfWeek
                0x00000000080019be       0x10 Core/Src/ds1307_for_stm32_hal.o
                0x00000000080019be                DS1307_GetDayOfWeek
 .text.DS1307_GetDate
                0x00000000080019ce       0x10 Core/Src/ds1307_for_stm32_hal.o
                0x00000000080019ce                DS1307_GetDate
 .text.DS1307_GetMonth
                0x00000000080019de       0x10 Core/Src/ds1307_for_stm32_hal.o
                0x00000000080019de                DS1307_GetMonth
 .text.DS1307_GetYear
                0x00000000080019ee       0x24 Core/Src/ds1307_for_stm32_hal.o
                0x00000000080019ee                DS1307_GetYear
 .text.DS1307_GetHour
                0x0000000008001a12       0x14 Core/Src/ds1307_for_stm32_hal.o
                0x0000000008001a12                DS1307_GetHour
 .text.DS1307_GetMinute
                0x0000000008001a26       0x10 Core/Src/ds1307_for_stm32_hal.o
                0x0000000008001a26                DS1307_GetMinute
 .text.DS1307_GetSecond
                0x0000000008001a36       0x14 Core/Src/ds1307_for_stm32_hal.o
                0x0000000008001a36                DS1307_GetSecond
 .text.SystemClock_Config
                0x0000000008001a4a       0x86 Core/Src/main.o
                0x0000000008001a4a                SystemClock_Config
 .text.waittx   0x0000000008001ad0       0x18 Core/Src/main.o
                0x0000000008001ad0                waittx
 .text.polsens  0x0000000008001ae8      0x108 Core/Src/main.o
                0x0000000008001ae8                polsens
 .text.wifiinit
                0x0000000008001bf0       0x18 Core/Src/main.o
                0x0000000008001bf0                wifiinit
 .text.usbwork  0x0000000008001c08      0x444 Core/Src/main.o
                0x0000000008001c08                usbwork
 .text.displaywork
                0x000000000800204c      0x304 Core/Src/main.o
                0x000000000800204c                displaywork
 .text.autoWork
                0x0000000008002350      0x100 Core/Src/main.o
                0x0000000008002350                autoWork
 .text.startup.main
                0x0000000008002450      0x414 Core/Src/main.o
                0x0000000008002450                main
 .text.Error_Handler
                0x0000000008002864        0x4 Core/Src/main.o
                0x0000000008002864                Error_Handler
 .text._read_and_convert_temperature
                0x0000000008002868       0x60 Core/Src/si7021.o
 .text.si7021_measure_humidity
                0x00000000080028c8       0x4e Core/Src/si7021.o
                0x00000000080028c8                si7021_measure_humidity
 .text.si7021_measure_temperature
                0x0000000008002916       0x30 Core/Src/si7021.o
                0x0000000008002916                si7021_measure_temperature
 *fill*         0x0000000008002946        0x2 
 .text.SSD1306_Fill
                0x0000000008002948       0x18 Core/Src/ssd1306.o
                0x0000000008002948                SSD1306_Fill
 .text.SSD1306_DrawPixel
                0x0000000008002960       0x40 Core/Src/ssd1306.o
                0x0000000008002960                SSD1306_DrawPixel
 .text.SSD1306_GotoXY
                0x00000000080029a0        0xc Core/Src/ssd1306.o
                0x00000000080029a0                SSD1306_GotoXY
 .text.SSD1306_Putc
                0x00000000080029ac       0x94 Core/Src/ssd1306.o
                0x00000000080029ac                SSD1306_Putc
 .text.SSD1306_Puts
                0x0000000008002a40       0x20 Core/Src/ssd1306.o
                0x0000000008002a40                SSD1306_Puts
 .text.ssd1306_I2C_WriteMulti
                0x0000000008002a60       0x3c Core/Src/ssd1306.o
                0x0000000008002a60                ssd1306_I2C_WriteMulti
 .text.ssd1306_I2C_Write
                0x0000000008002a9c       0x24 Core/Src/ssd1306.o
                0x0000000008002a9c                ssd1306_I2C_Write
 .text.SSD1306_UpdateScreen
                0x0000000008002ac0       0x44 Core/Src/ssd1306.o
                0x0000000008002ac0                SSD1306_UpdateScreen
 .text.SSD1306_Clear
                0x0000000008002b04       0x10 Core/Src/ssd1306.o
                0x0000000008002b04                SSD1306_Clear
 .text.SSD1306_Init
                0x0000000008002b14      0x15c Core/Src/ssd1306.o
                0x0000000008002b14                SSD1306_Init
 .text.HAL_MspInit
                0x0000000008002c70       0x44 Core/Src/stm32f1xx_hal_msp.o
                0x0000000008002c70                HAL_MspInit
 .text.HAL_ADC_MspInit
                0x0000000008002cb4       0x94 Core/Src/stm32f1xx_hal_msp.o
                0x0000000008002cb4                HAL_ADC_MspInit
 .text.HAL_I2C_MspInit
                0x0000000008002d48       0xac Core/Src/stm32f1xx_hal_msp.o
                0x0000000008002d48                HAL_I2C_MspInit
 .text.HAL_SPI_MspInit
                0x0000000008002df4       0x74 Core/Src/stm32f1xx_hal_msp.o
                0x0000000008002df4                HAL_SPI_MspInit
 .text.HAL_TIM_Base_MspInit
                0x0000000008002e68       0x80 Core/Src/stm32f1xx_hal_msp.o
                0x0000000008002e68                HAL_TIM_Base_MspInit
 .text.HAL_TIM_MspPostInit
                0x0000000008002ee8       0x98 Core/Src/stm32f1xx_hal_msp.o
                0x0000000008002ee8                HAL_TIM_MspPostInit
 .text.HAL_UART_MspInit
                0x0000000008002f80       0x84 Core/Src/stm32f1xx_hal_msp.o
                0x0000000008002f80                HAL_UART_MspInit
 .text.NMI_Handler
                0x0000000008003004        0x2 Core/Src/stm32f1xx_it.o
                0x0000000008003004                NMI_Handler
 .text.HardFault_Handler
                0x0000000008003006        0x2 Core/Src/stm32f1xx_it.o
                0x0000000008003006                HardFault_Handler
 .text.MemManage_Handler
                0x0000000008003008        0x2 Core/Src/stm32f1xx_it.o
                0x0000000008003008                MemManage_Handler
 .text.BusFault_Handler
                0x000000000800300a        0x2 Core/Src/stm32f1xx_it.o
                0x000000000800300a                BusFault_Handler
 .text.UsageFault_Handler
                0x000000000800300c        0x2 Core/Src/stm32f1xx_it.o
                0x000000000800300c                UsageFault_Handler
 .text.SVC_Handler
                0x000000000800300e        0x2 Core/Src/stm32f1xx_it.o
                0x000000000800300e                SVC_Handler
 .text.DebugMon_Handler
                0x0000000008003010        0x2 Core/Src/stm32f1xx_it.o
                0x0000000008003010                DebugMon_Handler
 .text.PendSV_Handler
                0x0000000008003012        0x2 Core/Src/stm32f1xx_it.o
                0x0000000008003012                PendSV_Handler
 .text.SysTick_Handler
                0x0000000008003014        0x4 Core/Src/stm32f1xx_it.o
                0x0000000008003014                SysTick_Handler
 .text.DMA1_Channel1_IRQHandler
                0x0000000008003018        0xc Core/Src/stm32f1xx_it.o
                0x0000000008003018                DMA1_Channel1_IRQHandler
 .text.USB_LP_CAN1_RX0_IRQHandler
                0x0000000008003024        0xc Core/Src/stm32f1xx_it.o
                0x0000000008003024                USB_LP_CAN1_RX0_IRQHandler
 .text.TIM4_IRQHandler
                0x0000000008003030       0x40 Core/Src/stm32f1xx_it.o
                0x0000000008003030                TIM4_IRQHandler
 .text.USART2_IRQHandler
                0x0000000008003070       0x18 Core/Src/stm32f1xx_it.o
                0x0000000008003070                USART2_IRQHandler
 .text._sbrk    0x0000000008003088       0x40 Core/Src/sysmem.o
                0x0000000008003088                _sbrk
 .text.SystemInit
                0x00000000080030c8        0x2 Core/Src/system_stm32f1xx.o
                0x00000000080030c8                SystemInit
 *fill*         0x00000000080030ca        0x2 
 .text.ESP_Init
                0x00000000080030cc       0x84 Core/Src/wifiwork.o
                0x00000000080030cc                ESP_Init
 .text.Reset_Handler
                0x0000000008003150       0x48 Core/Startup/startup_stm32f103c8tx.o
                0x0000000008003150                Reset_Handler
 .text.Default_Handler
                0x0000000008003198        0x2 Core/Startup/startup_stm32f103c8tx.o
                0x0000000008003198                RTC_Alarm_IRQHandler
                0x0000000008003198                EXTI2_IRQHandler
                0x0000000008003198                TIM1_CC_IRQHandler
                0x0000000008003198                PVD_IRQHandler
                0x0000000008003198                EXTI3_IRQHandler
                0x0000000008003198                EXTI0_IRQHandler
                0x0000000008003198                I2C2_EV_IRQHandler
                0x0000000008003198                ADC1_2_IRQHandler
                0x0000000008003198                SPI1_IRQHandler
                0x0000000008003198                TAMPER_IRQHandler
                0x0000000008003198                DMA1_Channel4_IRQHandler
                0x0000000008003198                USART3_IRQHandler
                0x0000000008003198                RTC_IRQHandler
                0x0000000008003198                DMA1_Channel7_IRQHandler
                0x0000000008003198                CAN1_RX1_IRQHandler
                0x0000000008003198                I2C1_EV_IRQHandler
                0x0000000008003198                DMA1_Channel6_IRQHandler
                0x0000000008003198                TIM3_IRQHandler
                0x0000000008003198                RCC_IRQHandler
                0x0000000008003198                TIM1_TRG_COM_IRQHandler
                0x0000000008003198                Default_Handler
                0x0000000008003198                EXTI15_10_IRQHandler
                0x0000000008003198                EXTI9_5_IRQHandler
                0x0000000008003198                SPI2_IRQHandler
                0x0000000008003198                DMA1_Channel5_IRQHandler
                0x0000000008003198                EXTI4_IRQHandler
                0x0000000008003198                USB_HP_CAN1_TX_IRQHandler
                0x0000000008003198                DMA1_Channel3_IRQHandler
                0x0000000008003198                TIM1_UP_IRQHandler
                0x0000000008003198                WWDG_IRQHandler
                0x0000000008003198                TIM2_IRQHandler
                0x0000000008003198                TIM1_BRK_IRQHandler
                0x0000000008003198                EXTI1_IRQHandler
                0x0000000008003198                I2C2_ER_IRQHandler
                0x0000000008003198                DMA1_Channel2_IRQHandler
                0x0000000008003198                CAN1_SCE_IRQHandler
                0x0000000008003198                FLASH_IRQHandler
                0x0000000008003198                USART1_IRQHandler
                0x0000000008003198                I2C1_ER_IRQHandler
                0x0000000008003198                USBWakeUp_IRQHandler
 *fill*         0x000000000800319a        0x2 
 .text.HAL_InitTick
                0x000000000800319c       0x48 Drivers/STM32F1xx_HAL_Driver/Src/stm32f1xx_hal.o
                0x000000000800319c                HAL_InitTick
 .text.HAL_Init
                0x00000000080031e4       0x24 Drivers/STM32F1xx_HAL_Driver/Src/stm32f1xx_hal.o
                0x00000000080031e4                HAL_Init
 .text.HAL_IncTick
                0x0000000008003208       0x18 Drivers/STM32F1xx_HAL_Driver/Src/stm32f1xx_hal.o
                0x0000000008003208                HAL_IncTick
 .text.HAL_GetTick
                0x0000000008003220        0xc Drivers/STM32F1xx_HAL_Driver/Src/stm32f1xx_hal.o
                0x0000000008003220                HAL_GetTick
 .text.HAL_Delay
                0x000000000800322c       0x24 Drivers/STM32F1xx_HAL_Driver/Src/stm32f1xx_hal.o
                0x000000000800322c                HAL_Delay
 .text.HAL_ADC_ConvCpltCallback
                0x0000000008003250        0x2 Drivers/STM32F1xx_HAL_Driver/Src/stm32f1xx_hal_adc.o
                0x0000000008003250                HAL_ADC_ConvCpltCallback
 .text.ADC_DMAConvCplt
                0x0000000008003252       0x4e Drivers/STM32F1xx_HAL_Driver/Src/stm32f1xx_hal_adc.o
                0x0000000008003252                ADC_DMAConvCplt
 .text.HAL_ADC_ConvHalfCpltCallback
                0x00000000080032a0        0x2 Drivers/STM32F1xx_HAL_Driver/Src/stm32f1xx_hal_adc.o
                0x00000000080032a0                HAL_ADC_ConvHalfCpltCallback
 .text.ADC_DMAHalfConvCplt
                0x00000000080032a2        0xa Drivers/STM32F1xx_HAL_Driver/Src/stm32f1xx_hal_adc.o
                0x00000000080032a2                ADC_DMAHalfConvCplt
 .text.HAL_ADC_ErrorCallback
                0x00000000080032ac        0x2 Drivers/STM32F1xx_HAL_Driver/Src/stm32f1xx_hal_adc.o
                0x00000000080032ac                HAL_ADC_ErrorCallback
 .text.ADC_DMAError
                0x00000000080032ae       0x1a Drivers/STM32F1xx_HAL_Driver/Src/stm32f1xx_hal_adc.o
                0x00000000080032ae                ADC_DMAError
 .text.HAL_ADC_ConfigChannel
                0x00000000080032c8       0xfc Drivers/STM32F1xx_HAL_Driver/Src/stm32f1xx_hal_adc.o
                0x00000000080032c8                HAL_ADC_ConfigChannel
 .text.ADC_Enable
                0x00000000080033c4       0x78 Drivers/STM32F1xx_HAL_Driver/Src/stm32f1xx_hal_adc.o
                0x00000000080033c4                ADC_Enable
 .text.HAL_ADC_Start_DMA
                0x000000000800343c      0x11c Drivers/STM32F1xx_HAL_Driver/Src/stm32f1xx_hal_adc.o
                0x000000000800343c                HAL_ADC_Start_DMA
 .text.ADC_ConversionStop_Disable
                0x0000000008003558       0x4c Drivers/STM32F1xx_HAL_Driver/Src/stm32f1xx_hal_adc.o
                0x0000000008003558                ADC_ConversionStop_Disable
 .text.HAL_ADC_Init
                0x00000000080035a4       0xfc Drivers/STM32F1xx_HAL_Driver/Src/stm32f1xx_hal_adc.o
                0x00000000080035a4                HAL_ADC_Init
 .text.HAL_ADCEx_Calibration_Start
                0x00000000080036a0       0xe0 Drivers/STM32F1xx_HAL_Driver/Src/stm32f1xx_hal_adc_ex.o
                0x00000000080036a0                HAL_ADCEx_Calibration_Start
 .text.HAL_NVIC_SetPriorityGrouping
                0x0000000008003780       0x24 Drivers/STM32F1xx_HAL_Driver/Src/stm32f1xx_hal_cortex.o
                0x0000000008003780                HAL_NVIC_SetPriorityGrouping
 .text.HAL_NVIC_SetPriority
                0x00000000080037a4       0x64 Drivers/STM32F1xx_HAL_Driver/Src/stm32f1xx_hal_cortex.o
                0x00000000080037a4                HAL_NVIC_SetPriority
 .text.HAL_NVIC_EnableIRQ
                0x0000000008003808       0x1c Drivers/STM32F1xx_HAL_Driver/Src/stm32f1xx_hal_cortex.o
                0x0000000008003808                HAL_NVIC_EnableIRQ
 .text.HAL_SYSTICK_Config
                0x0000000008003824       0x2c Drivers/STM32F1xx_HAL_Driver/Src/stm32f1xx_hal_cortex.o
                0x0000000008003824                HAL_SYSTICK_Config
 .text.HAL_DMA_Init
                0x0000000008003850       0x5c Drivers/STM32F1xx_HAL_Driver/Src/stm32f1xx_hal_dma.o
                0x0000000008003850                HAL_DMA_Init
 .text.HAL_DMA_Start_IT
                0x00000000080038ac       0x78 Drivers/STM32F1xx_HAL_Driver/Src/stm32f1xx_hal_dma.o
                0x00000000080038ac                HAL_DMA_Start_IT
 .text.HAL_DMA_Abort
                0x0000000008003924       0x3c Drivers/STM32F1xx_HAL_Driver/Src/stm32f1xx_hal_dma.o
                0x0000000008003924                HAL_DMA_Abort
 .text.HAL_DMA_Abort_IT
                0x0000000008003960       0x8c Drivers/STM32F1xx_HAL_Driver/Src/stm32f1xx_hal_dma.o
                0x0000000008003960                HAL_DMA_Abort_IT
 .text.HAL_DMA_IRQHandler
                0x00000000080039ec      0x124 Drivers/STM32F1xx_HAL_Driver/Src/stm32f1xx_hal_dma.o
                0x00000000080039ec                HAL_DMA_IRQHandler
 .text.HAL_GPIO_Init
                0x0000000008003b10      0x1b8 Drivers/STM32F1xx_HAL_Driver/Src/stm32f1xx_hal_gpio.o
                0x0000000008003b10                HAL_GPIO_Init
 .text.HAL_GPIO_ReadPin
                0x0000000008003cc8        0xc Drivers/STM32F1xx_HAL_Driver/Src/stm32f1xx_hal_gpio.o
                0x0000000008003cc8                HAL_GPIO_ReadPin
 .text.HAL_GPIO_WritePin
                0x0000000008003cd4        0xa Drivers/STM32F1xx_HAL_Driver/Src/stm32f1xx_hal_gpio.o
                0x0000000008003cd4                HAL_GPIO_WritePin
 .text.I2C_IsAcknowledgeFailed
                0x0000000008003cde       0x32 Drivers/STM32F1xx_HAL_Driver/Src/stm32f1xx_hal_i2c.o
 .text.I2C_WaitOnMasterAddressFlagUntilTimeout
                0x0000000008003d10       0x76 Drivers/STM32F1xx_HAL_Driver/Src/stm32f1xx_hal_i2c.o
 .text.I2C_WaitOnBTFFlagUntilTimeout
                0x0000000008003d86       0x4c Drivers/STM32F1xx_HAL_Driver/Src/stm32f1xx_hal_i2c.o
 .text.I2C_WaitOnRXNEFlagUntilTimeout
                0x0000000008003dd2       0x5e Drivers/STM32F1xx_HAL_Driver/Src/stm32f1xx_hal_i2c.o
 .text.I2C_WaitOnFlagUntilTimeout
                0x0000000008003e30       0x64 Drivers/STM32F1xx_HAL_Driver/Src/stm32f1xx_hal_i2c.o
 .text.I2C_WaitOnTXEFlagUntilTimeout
                0x0000000008003e94       0x4c Drivers/STM32F1xx_HAL_Driver/Src/stm32f1xx_hal_i2c.o
 .text.I2C_RequestMemoryWrite
                0x0000000008003ee0       0xb0 Drivers/STM32F1xx_HAL_Driver/Src/stm32f1xx_hal_i2c.o
 .text.I2C_RequestMemoryRead
                0x0000000008003f90      0x104 Drivers/STM32F1xx_HAL_Driver/Src/stm32f1xx_hal_i2c.o
 .text.HAL_I2C_Init
                0x0000000008004094      0x150 Drivers/STM32F1xx_HAL_Driver/Src/stm32f1xx_hal_i2c.o
                0x0000000008004094                HAL_I2C_Init
 .text.HAL_I2C_Master_Transmit
                0x00000000080041e4      0x1b0 Drivers/STM32F1xx_HAL_Driver/Src/stm32f1xx_hal_i2c.o
                0x00000000080041e4                HAL_I2C_Master_Transmit
 .text.HAL_I2C_Master_Receive
                0x0000000008004394      0x348 Drivers/STM32F1xx_HAL_Driver/Src/stm32f1xx_hal_i2c.o
                0x0000000008004394                HAL_I2C_Master_Receive
 .text.HAL_I2C_Mem_Write
                0x00000000080046dc      0x120 Drivers/STM32F1xx_HAL_Driver/Src/stm32f1xx_hal_i2c.o
                0x00000000080046dc                HAL_I2C_Mem_Write
 .text.HAL_I2C_Mem_Read
                0x00000000080047fc      0x27c Drivers/STM32F1xx_HAL_Driver/Src/stm32f1xx_hal_i2c.o
                0x00000000080047fc                HAL_I2C_Mem_Read
 .text.HAL_I2C_IsDeviceReady
                0x0000000008004a78      0x164 Drivers/STM32F1xx_HAL_Driver/Src/stm32f1xx_hal_i2c.o
                0x0000000008004a78                HAL_I2C_IsDeviceReady
 .text.HAL_PCD_Init
                0x0000000008004bdc       0xf2 Drivers/STM32F1xx_HAL_Driver/Src/stm32f1xx_hal_pcd.o
                0x0000000008004bdc                HAL_PCD_Init
 .text.HAL_PCD_Start
                0x0000000008004cce       0x32 Drivers/STM32F1xx_HAL_Driver/Src/stm32f1xx_hal_pcd.o
                0x0000000008004cce                HAL_PCD_Start
 .text.HAL_PCD_SetAddress
                0x0000000008004d00       0x28 Drivers/STM32F1xx_HAL_Driver/Src/stm32f1xx_hal_pcd.o
                0x0000000008004d00                HAL_PCD_SetAddress
 .text.HAL_PCD_IRQHandler
                0x0000000008004d28      0x9a8 Drivers/STM32F1xx_HAL_Driver/Src/stm32f1xx_hal_pcd.o
                0x0000000008004d28                HAL_PCD_IRQHandler
 .text.HAL_PCD_EP_Open
                0x00000000080056d0       0x64 Drivers/STM32F1xx_HAL_Driver/Src/stm32f1xx_hal_pcd.o
                0x00000000080056d0                HAL_PCD_EP_Open
 .text.HAL_PCD_EP_Close
                0x0000000008005734       0x52 Drivers/STM32F1xx_HAL_Driver/Src/stm32f1xx_hal_pcd.o
                0x0000000008005734                HAL_PCD_EP_Close
 .text.HAL_PCD_EP_Receive
                0x0000000008005786       0x2e Drivers/STM32F1xx_HAL_Driver/Src/stm32f1xx_hal_pcd.o
                0x0000000008005786                HAL_PCD_EP_Receive
 .text.HAL_PCD_EP_GetRxCount
                0x00000000080057b4       0x10 Drivers/STM32F1xx_HAL_Driver/Src/stm32f1xx_hal_pcd.o
                0x00000000080057b4                HAL_PCD_EP_GetRxCount
 .text.HAL_PCD_EP_Transmit
                0x00000000080057c4       0x34 Drivers/STM32F1xx_HAL_Driver/Src/stm32f1xx_hal_pcd.o
                0x00000000080057c4                HAL_PCD_EP_Transmit
 .text.HAL_PCD_EP_SetStall
                0x00000000080057f8       0x68 Drivers/STM32F1xx_HAL_Driver/Src/stm32f1xx_hal_pcd.o
                0x00000000080057f8                HAL_PCD_EP_SetStall
 .text.HAL_PCD_EP_ClrStall
                0x0000000008005860       0x64 Drivers/STM32F1xx_HAL_Driver/Src/stm32f1xx_hal_pcd.o
                0x0000000008005860                HAL_PCD_EP_ClrStall
 .text.HAL_PCDEx_PMAConfig
                0x00000000080058c4       0x32 Drivers/STM32F1xx_HAL_Driver/Src/stm32f1xx_hal_pcd_ex.o
                0x00000000080058c4                HAL_PCDEx_PMAConfig
 *fill*         0x00000000080058f6        0x2 
 .text.HAL_RCC_OscConfig
                0x00000000080058f8      0x338 Drivers/STM32F1xx_HAL_Driver/Src/stm32f1xx_hal_rcc.o
                0x00000000080058f8                HAL_RCC_OscConfig
 .text.HAL_RCC_GetSysClockFreq
                0x0000000008005c30       0x74 Drivers/STM32F1xx_HAL_Driver/Src/stm32f1xx_hal_rcc.o
                0x0000000008005c30                HAL_RCC_GetSysClockFreq
 .text.HAL_RCC_ClockConfig
                0x0000000008005ca4      0x138 Drivers/STM32F1xx_HAL_Driver/Src/stm32f1xx_hal_rcc.o
                0x0000000008005ca4                HAL_RCC_ClockConfig
 .text.HAL_RCC_GetPCLK1Freq
                0x0000000008005ddc       0x20 Drivers/STM32F1xx_HAL_Driver/Src/stm32f1xx_hal_rcc.o
                0x0000000008005ddc                HAL_RCC_GetPCLK1Freq
 .text.HAL_RCC_GetPCLK2Freq
                0x0000000008005dfc       0x20 Drivers/STM32F1xx_HAL_Driver/Src/stm32f1xx_hal_rcc.o
                0x0000000008005dfc                HAL_RCC_GetPCLK2Freq
 .text.HAL_RCCEx_PeriphCLKConfig
                0x0000000008005e1c       0xf0 Drivers/STM32F1xx_HAL_Driver/Src/stm32f1xx_hal_rcc_ex.o
                0x0000000008005e1c                HAL_RCCEx_PeriphCLKConfig
 .text.HAL_RCCEx_GetPeriphCLKFreq
                0x0000000008005f0c       0xe8 Drivers/STM32F1xx_HAL_Driver/Src/stm32f1xx_hal_rcc_ex.o
                0x0000000008005f0c                HAL_RCCEx_GetPeriphCLKFreq
 .text.HAL_SPI_Init
                0x0000000008005ff4       0xb0 Drivers/STM32F1xx_HAL_Driver/Src/stm32f1xx_hal_spi.o
                0x0000000008005ff4                HAL_SPI_Init
 .text.TIM_OC1_SetConfig
                0x00000000080060a4       0x50 Drivers/STM32F1xx_HAL_Driver/Src/stm32f1xx_hal_tim.o
 .text.TIM_OC3_SetConfig
                0x00000000080060f4       0x54 Drivers/STM32F1xx_HAL_Driver/Src/stm32f1xx_hal_tim.o
 .text.TIM_OC4_SetConfig
                0x0000000008006148       0x44 Drivers/STM32F1xx_HAL_Driver/Src/stm32f1xx_hal_tim.o
 .text.HAL_TIM_Base_Start_IT
                0x000000000800618c       0x54 Drivers/STM32F1xx_HAL_Driver/Src/stm32f1xx_hal_tim.o
                0x000000000800618c                HAL_TIM_Base_Start_IT
 .text.HAL_TIM_PWM_MspInit
                0x00000000080061e0        0x2 Drivers/STM32F1xx_HAL_Driver/Src/stm32f1xx_hal_tim.o
                0x00000000080061e0                HAL_TIM_PWM_MspInit
 .text.HAL_TIM_PeriodElapsedCallback
                0x00000000080061e2        0x2 Drivers/STM32F1xx_HAL_Driver/Src/stm32f1xx_hal_tim.o
                0x00000000080061e2                HAL_TIM_PeriodElapsedCallback
 .text.HAL_TIM_OC_DelayElapsedCallback
                0x00000000080061e4        0x2 Drivers/STM32F1xx_HAL_Driver/Src/stm32f1xx_hal_tim.o
                0x00000000080061e4                HAL_TIM_OC_DelayElapsedCallback
 .text.HAL_TIM_IC_CaptureCallback
                0x00000000080061e6        0x2 Drivers/STM32F1xx_HAL_Driver/Src/stm32f1xx_hal_tim.o
                0x00000000080061e6                HAL_TIM_IC_CaptureCallback
 .text.HAL_TIM_PWM_PulseFinishedCallback
                0x00000000080061e8        0x2 Drivers/STM32F1xx_HAL_Driver/Src/stm32f1xx_hal_tim.o
                0x00000000080061e8                HAL_TIM_PWM_PulseFinishedCallback
 .text.HAL_TIM_TriggerCallback
                0x00000000080061ea        0x2 Drivers/STM32F1xx_HAL_Driver/Src/stm32f1xx_hal_tim.o
                0x00000000080061ea                HAL_TIM_TriggerCallback
 .text.HAL_TIM_IRQHandler
                0x00000000080061ec      0x144 Drivers/STM32F1xx_HAL_Driver/Src/stm32f1xx_hal_tim.o
                0x00000000080061ec                HAL_TIM_IRQHandler
 .text.TIM_Base_SetConfig
                0x0000000008006330       0x70 Drivers/STM32F1xx_HAL_Driver/Src/stm32f1xx_hal_tim.o
                0x0000000008006330                TIM_Base_SetConfig
 .text.HAL_TIM_Base_Init
                0x00000000080063a0       0x58 Drivers/STM32F1xx_HAL_Driver/Src/stm32f1xx_hal_tim.o
                0x00000000080063a0                HAL_TIM_Base_Init
 .text.HAL_TIM_PWM_Init
                0x00000000080063f8       0x58 Drivers/STM32F1xx_HAL_Driver/Src/stm32f1xx_hal_tim.o
                0x00000000080063f8                HAL_TIM_PWM_Init
 .text.TIM_OC2_SetConfig
                0x0000000008006450       0x58 Drivers/STM32F1xx_HAL_Driver/Src/stm32f1xx_hal_tim.o
                0x0000000008006450                TIM_OC2_SetConfig
 .text.HAL_TIM_PWM_ConfigChannel
                0x00000000080064a8       0xb6 Drivers/STM32F1xx_HAL_Driver/Src/stm32f1xx_hal_tim.o
                0x00000000080064a8                HAL_TIM_PWM_ConfigChannel
 .text.TIM_ETR_SetConfig
                0x000000000800655e       0x14 Drivers/STM32F1xx_HAL_Driver/Src/stm32f1xx_hal_tim.o
                0x000000000800655e                TIM_ETR_SetConfig
 .text.HAL_TIM_ConfigClockSource
                0x0000000008006572      0x128 Drivers/STM32F1xx_HAL_Driver/Src/stm32f1xx_hal_tim.o
                0x0000000008006572                HAL_TIM_ConfigClockSource
 .text.TIM_CCxChannelCmd
                0x000000000800669a       0x1c Drivers/STM32F1xx_HAL_Driver/Src/stm32f1xx_hal_tim.o
                0x000000000800669a                TIM_CCxChannelCmd
 *fill*         0x00000000080066b6        0x2 
 .text.HAL_TIM_OC_Start
                0x00000000080066b8       0x9c Drivers/STM32F1xx_HAL_Driver/Src/stm32f1xx_hal_tim.o
                0x00000000080066b8                HAL_TIM_OC_Start
 .text.HAL_TIM_PWM_Start
                0x0000000008006754        0x4 Drivers/STM32F1xx_HAL_Driver/Src/stm32f1xx_hal_tim.o
                0x0000000008006754                HAL_TIM_PWM_Start
 .text.HAL_TIMEx_MasterConfigSynchronization
                0x0000000008006758       0x5c Drivers/STM32F1xx_HAL_Driver/Src/stm32f1xx_hal_tim_ex.o
                0x0000000008006758                HAL_TIMEx_MasterConfigSynchronization
 .text.HAL_TIMEx_CommutCallback
                0x00000000080067b4        0x2 Drivers/STM32F1xx_HAL_Driver/Src/stm32f1xx_hal_tim_ex.o
                0x00000000080067b4                HAL_TIMEx_CommutCallback
 .text.HAL_TIMEx_BreakCallback
                0x00000000080067b6        0x2 Drivers/STM32F1xx_HAL_Driver/Src/stm32f1xx_hal_tim_ex.o
                0x00000000080067b6                HAL_TIMEx_BreakCallback
 .text.UART_EndRxTransfer
                0x00000000080067b8       0x2c Drivers/STM32F1xx_HAL_Driver/Src/stm32f1xx_hal_uart.o
 .text.UART_SetConfig
                0x00000000080067e4       0x74 Drivers/STM32F1xx_HAL_Driver/Src/stm32f1xx_hal_uart.o
 .text.HAL_UART_Init
                0x0000000008006858       0x5c Drivers/STM32F1xx_HAL_Driver/Src/stm32f1xx_hal_uart.o
                0x0000000008006858                HAL_UART_Init
 .text.HAL_UART_TxCpltCallback
                0x00000000080068b4        0x2 Drivers/STM32F1xx_HAL_Driver/Src/stm32f1xx_hal_uart.o
                0x00000000080068b4                HAL_UART_TxCpltCallback
 .text.HAL_UART_RxCpltCallback
                0x00000000080068b6        0x2 Drivers/STM32F1xx_HAL_Driver/Src/stm32f1xx_hal_uart.o
                0x00000000080068b6                HAL_UART_RxCpltCallback
 .text.HAL_UART_ErrorCallback
                0x00000000080068b8        0x2 Drivers/STM32F1xx_HAL_Driver/Src/stm32f1xx_hal_uart.o
                0x00000000080068b8                HAL_UART_ErrorCallback
 .text.UART_DMAAbortOnError
                0x00000000080068ba       0x10 Drivers/STM32F1xx_HAL_Driver/Src/stm32f1xx_hal_uart.o
 .text.HAL_UARTEx_RxEventCallback
                0x00000000080068ca        0x2 Drivers/STM32F1xx_HAL_Driver/Src/stm32f1xx_hal_uart.o
                0x00000000080068ca                HAL_UARTEx_RxEventCallback
 .text.UART_Receive_IT
                0x00000000080068cc       0xa4 Drivers/STM32F1xx_HAL_Driver/Src/stm32f1xx_hal_uart.o
 .text.HAL_UART_IRQHandler
                0x0000000008006970      0x200 Drivers/STM32F1xx_HAL_Driver/Src/stm32f1xx_hal_uart.o
                0x0000000008006970                HAL_UART_IRQHandler
 .text.USB_CoreInit
                0x0000000008006b70        0xe Drivers/STM32F1xx_HAL_Driver/Src/stm32f1xx_ll_usb.o
                0x0000000008006b70                USB_CoreInit
 .text.USB_EnableGlobalInt
                0x0000000008006b7e       0x12 Drivers/STM32F1xx_HAL_Driver/Src/stm32f1xx_ll_usb.o
                0x0000000008006b7e                USB_EnableGlobalInt
 .text.USB_DisableGlobalInt
                0x0000000008006b90       0x14 Drivers/STM32F1xx_HAL_Driver/Src/stm32f1xx_ll_usb.o
                0x0000000008006b90                USB_DisableGlobalInt
 .text.USB_SetCurrentMode
                0x0000000008006ba4        0x4 Drivers/STM32F1xx_HAL_Driver/Src/stm32f1xx_ll_usb.o
                0x0000000008006ba4                USB_SetCurrentMode
 .text.USB_DevInit
                0x0000000008006ba8       0x28 Drivers/STM32F1xx_HAL_Driver/Src/stm32f1xx_ll_usb.o
                0x0000000008006ba8                USB_DevInit
 .text.USB_ActivateEndpoint
                0x0000000008006bd0      0x2b0 Drivers/STM32F1xx_HAL_Driver/Src/stm32f1xx_ll_usb.o
                0x0000000008006bd0                USB_ActivateEndpoint
 .text.USB_DeactivateEndpoint
                0x0000000008006e80      0x1be Drivers/STM32F1xx_HAL_Driver/Src/stm32f1xx_ll_usb.o
                0x0000000008006e80                USB_DeactivateEndpoint
 .text.USB_EPSetStall
                0x000000000800703e       0x40 Drivers/STM32F1xx_HAL_Driver/Src/stm32f1xx_ll_usb.o
                0x000000000800703e                USB_EPSetStall
 .text.USB_EPClearStall
                0x000000000800707e       0x96 Drivers/STM32F1xx_HAL_Driver/Src/stm32f1xx_ll_usb.o
                0x000000000800707e                USB_EPClearStall
 .text.USB_SetDevAddress
                0x0000000008007114        0xc Drivers/STM32F1xx_HAL_Driver/Src/stm32f1xx_ll_usb.o
                0x0000000008007114                USB_SetDevAddress
 .text.USB_DevConnect
                0x0000000008007120        0x4 Drivers/STM32F1xx_HAL_Driver/Src/stm32f1xx_ll_usb.o
                0x0000000008007120                USB_DevConnect
 .text.USB_DevDisconnect
                0x0000000008007124        0x4 Drivers/STM32F1xx_HAL_Driver/Src/stm32f1xx_ll_usb.o
                0x0000000008007124                USB_DevDisconnect
 .text.USB_ReadInterrupts
                0x0000000008007128        0x8 Drivers/STM32F1xx_HAL_Driver/Src/stm32f1xx_ll_usb.o
                0x0000000008007128                USB_ReadInterrupts
 .text.USB_EP0_OutStart
                0x0000000008007130        0x4 Drivers/STM32F1xx_HAL_Driver/Src/stm32f1xx_ll_usb.o
                0x0000000008007130                USB_EP0_OutStart
 .text.USB_WritePMA
                0x0000000008007134       0x20 Drivers/STM32F1xx_HAL_Driver/Src/stm32f1xx_ll_usb.o
                0x0000000008007134                USB_WritePMA
 .text.USB_EPStartXfer
                0x0000000008007154      0x71c Drivers/STM32F1xx_HAL_Driver/Src/stm32f1xx_ll_usb.o
                0x0000000008007154                USB_EPStartXfer
 .text.USB_ReadPMA
                0x0000000008007870       0x38 Drivers/STM32F1xx_HAL_Driver/Src/stm32f1xx_ll_usb.o
                0x0000000008007870                USB_ReadPMA
 .text.MX_FATFS_Init
                0x00000000080078a8       0x1c FATFS/App/fatfs.o
                0x00000000080078a8                MX_FATFS_Init
 .text.USER_initialize
                0x00000000080078c4       0x10 FATFS/Target/user_diskio.o
                0x00000000080078c4                USER_initialize
 .text.USER_read
                0x00000000080078d4        0x4 FATFS/Target/user_diskio.o
                0x00000000080078d4                USER_read
 .text.USER_ioctl
                0x00000000080078d8        0x4 FATFS/Target/user_diskio.o
                0x00000000080078d8                USER_ioctl
 .text.USER_write
                0x00000000080078dc        0x4 FATFS/Target/user_diskio.o
                0x00000000080078dc                USER_write
 .text.USER_status
                0x00000000080078e0       0x10 FATFS/Target/user_diskio.o
                0x00000000080078e0                USER_status
 .text.USBD_CDC_EP0_RxReady
                0x00000000080078f0       0x28 Middlewares/ST/STM32_USB_Device_Library/Class/CDC/Src/usbd_cdc.o
 .text.USBD_CDC_GetFSCfgDesc
                0x0000000008007918        0xc Middlewares/ST/STM32_USB_Device_Library/Class/CDC/Src/usbd_cdc.o
 .text.USBD_CDC_GetHSCfgDesc
                0x0000000008007924        0xc Middlewares/ST/STM32_USB_Device_Library/Class/CDC/Src/usbd_cdc.o
 .text.USBD_CDC_GetOtherSpeedCfgDesc
                0x0000000008007930        0xc Middlewares/ST/STM32_USB_Device_Library/Class/CDC/Src/usbd_cdc.o
 .text.USBD_CDC_GetDeviceQualifierDescriptor
                0x000000000800793c        0xc Middlewares/ST/STM32_USB_Device_Library/Class/CDC/Src/usbd_cdc.o
                0x000000000800793c                USBD_CDC_GetDeviceQualifierDescriptor
 .text.USBD_CDC_DataOut
                0x0000000008007948       0x2e Middlewares/ST/STM32_USB_Device_Library/Class/CDC/Src/usbd_cdc.o
 .text.USBD_CDC_DataIn
                0x0000000008007976       0x42 Middlewares/ST/STM32_USB_Device_Library/Class/CDC/Src/usbd_cdc.o
 .text.USBD_CDC_Setup
                0x00000000080079b8       0xb6 Middlewares/ST/STM32_USB_Device_Library/Class/CDC/Src/usbd_cdc.o
 .text.USBD_CDC_DeInit
                0x0000000008007a6e       0x42 Middlewares/ST/STM32_USB_Device_Library/Class/CDC/Src/usbd_cdc.o
 .text.USBD_CDC_Init
                0x0000000008007ab0       0xa2 Middlewares/ST/STM32_USB_Device_Library/Class/CDC/Src/usbd_cdc.o
 .text.USBD_CDC_RegisterInterface
                0x0000000008007b52        0xe Middlewares/ST/STM32_USB_Device_Library/Class/CDC/Src/usbd_cdc.o
                0x0000000008007b52                USBD_CDC_RegisterInterface
 .text.USBD_CDC_SetTxBuffer
                0x0000000008007b60       0x10 Middlewares/ST/STM32_USB_Device_Library/Class/CDC/Src/usbd_cdc.o
                0x0000000008007b60                USBD_CDC_SetTxBuffer
 .text.USBD_CDC_SetRxBuffer
                0x0000000008007b70        0xc Middlewares/ST/STM32_USB_Device_Library/Class/CDC/Src/usbd_cdc.o
                0x0000000008007b70                USBD_CDC_SetRxBuffer
 .text.USBD_CDC_TransmitPacket
                0x0000000008007b7c       0x32 Middlewares/ST/STM32_USB_Device_Library/Class/CDC/Src/usbd_cdc.o
                0x0000000008007b7c                USBD_CDC_TransmitPacket
 .text.USBD_CDC_ReceivePacket
                0x0000000008007bae       0x2e Middlewares/ST/STM32_USB_Device_Library/Class/CDC/Src/usbd_cdc.o
                0x0000000008007bae                USBD_CDC_ReceivePacket
 .text.USBD_Init
                0x0000000008007bdc       0x2a Middlewares/ST/STM32_USB_Device_Library/Core/Src/usbd_core.o
                0x0000000008007bdc                USBD_Init
 .text.USBD_RegisterClass
                0x0000000008007c06        0xe Middlewares/ST/STM32_USB_Device_Library/Core/Src/usbd_core.o
                0x0000000008007c06                USBD_RegisterClass
 .text.USBD_Start
                0x0000000008007c14        0xa Middlewares/ST/STM32_USB_Device_Library/Core/Src/usbd_core.o
                0x0000000008007c14                USBD_Start
 .text.USBD_SetClassConfig
                0x0000000008007c1e       0x16 Middlewares/ST/STM32_USB_Device_Library/Core/Src/usbd_core.o
                0x0000000008007c1e                USBD_SetClassConfig
 .text.USBD_ClrClassConfig
                0x0000000008007c34        0xe Middlewares/ST/STM32_USB_Device_Library/Core/Src/usbd_core.o
                0x0000000008007c34                USBD_ClrClassConfig
 .text.USBD_LL_SetupStage
                0x0000000008007c42       0x5a Middlewares/ST/STM32_USB_Device_Library/Core/Src/usbd_core.o
                0x0000000008007c42                USBD_LL_SetupStage
 .text.USBD_LL_DataOutStage
                0x0000000008007c9c       0x74 Middlewares/ST/STM32_USB_Device_Library/Core/Src/usbd_core.o
                0x0000000008007c9c                USBD_LL_DataOutStage
 .text.USBD_LL_DataInStage
                0x0000000008007d10       0xb6 Middlewares/ST/STM32_USB_Device_Library/Core/Src/usbd_core.o
                0x0000000008007d10                USBD_LL_DataInStage
 .text.USBD_LL_Reset
                0x0000000008007dc6       0x4e Middlewares/ST/STM32_USB_Device_Library/Core/Src/usbd_core.o
                0x0000000008007dc6                USBD_LL_Reset
 .text.USBD_LL_SetSpeed
                0x0000000008007e14        0x6 Middlewares/ST/STM32_USB_Device_Library/Core/Src/usbd_core.o
                0x0000000008007e14                USBD_LL_SetSpeed
 .text.USBD_LL_Suspend
                0x0000000008007e1a       0x12 Middlewares/ST/STM32_USB_Device_Library/Core/Src/usbd_core.o
                0x0000000008007e1a                USBD_LL_Suspend
 .text.USBD_LL_Resume
                0x0000000008007e2c       0x14 Middlewares/ST/STM32_USB_Device_Library/Core/Src/usbd_core.o
                0x0000000008007e2c                USBD_LL_Resume
 .text.USBD_LL_SOF
                0x0000000008007e40       0x18 Middlewares/ST/STM32_USB_Device_Library/Core/Src/usbd_core.o
                0x0000000008007e40                USBD_LL_SOF
 .text.USBD_CtlError.constprop.0
                0x0000000008007e58       0x16 Middlewares/ST/STM32_USB_Device_Library/Core/Src/usbd_ctlreq.o
 *fill*         0x0000000008007e6e        0x2 
 .text.USBD_StdDevReq
                0x0000000008007e70      0x254 Middlewares/ST/STM32_USB_Device_Library/Core/Src/usbd_ctlreq.o
                0x0000000008007e70                USBD_StdDevReq
 .text.USBD_StdItfReq
                0x00000000080080c4       0x48 Middlewares/ST/STM32_USB_Device_Library/Core/Src/usbd_ctlreq.o
                0x00000000080080c4                USBD_StdItfReq
 .text.USBD_StdEPReq
                0x000000000800810c      0x114 Middlewares/ST/STM32_USB_Device_Library/Core/Src/usbd_ctlreq.o
                0x000000000800810c                USBD_StdEPReq
 .text.USBD_ParseSetupRequest
                0x0000000008008220       0x28 Middlewares/ST/STM32_USB_Device_Library/Core/Src/usbd_ctlreq.o
                0x0000000008008220                USBD_ParseSetupRequest
 .text.USBD_CtlError
                0x0000000008008248       0x16 Middlewares/ST/STM32_USB_Device_Library/Core/Src/usbd_ctlreq.o
                0x0000000008008248                USBD_CtlError
 .text.USBD_GetString
                0x000000000800825e       0x38 Middlewares/ST/STM32_USB_Device_Library/Core/Src/usbd_ctlreq.o
                0x000000000800825e                USBD_GetString
 .text.USBD_CtlSendData
                0x0000000008008296       0x1a Middlewares/ST/STM32_USB_Device_Library/Core/Src/usbd_ioreq.o
                0x0000000008008296                USBD_CtlSendData
 .text.USBD_CtlContinueSendData
                0x00000000080082b0       0x10 Middlewares/ST/STM32_USB_Device_Library/Core/Src/usbd_ioreq.o
                0x00000000080082b0                USBD_CtlContinueSendData
 .text.USBD_CtlPrepareRx
                0x00000000080082c0       0x1a Middlewares/ST/STM32_USB_Device_Library/Core/Src/usbd_ioreq.o
                0x00000000080082c0                USBD_CtlPrepareRx
 .text.USBD_CtlContinueRx
                0x00000000080082da       0x10 Middlewares/ST/STM32_USB_Device_Library/Core/Src/usbd_ioreq.o
                0x00000000080082da                USBD_CtlContinueRx
 .text.USBD_CtlSendStatus
                0x00000000080082ea       0x16 Middlewares/ST/STM32_USB_Device_Library/Core/Src/usbd_ioreq.o
                0x00000000080082ea                USBD_CtlSendStatus
 .text.USBD_CtlReceiveStatus
                0x0000000008008300       0x16 Middlewares/ST/STM32_USB_Device_Library/Core/Src/usbd_ioreq.o
                0x0000000008008300                USBD_CtlReceiveStatus
 *fill*         0x0000000008008316        0x2 
 .text.FATFS_LinkDriverEx
                0x0000000008008318       0x44 Middlewares/Third_Party/FatFs/src/ff_gen_drv.o
                0x0000000008008318                FATFS_LinkDriverEx
 .text.FATFS_LinkDriver
                0x000000000800835c        0x6 Middlewares/Third_Party/FatFs/src/ff_gen_drv.o
                0x000000000800835c                FATFS_LinkDriver
 *fill*         0x0000000008008362        0x2 
 .text.MX_USB_DEVICE_Init
                0x0000000008008364       0x50 USB_DEVICE/App/usb_device.o
                0x0000000008008364                MX_USB_DEVICE_Init
 .text.CDC_DeInit_FS
                0x00000000080083b4        0x4 USB_DEVICE/App/usbd_cdc_if.o
 .text.CDC_Control_FS
                0x00000000080083b8        0x4 USB_DEVICE/App/usbd_cdc_if.o
 .text.CDC_Receive_FS
                0x00000000080083bc       0x34 USB_DEVICE/App/usbd_cdc_if.o
 .text.CDC_Init_FS
                0x00000000080083f0       0x28 USB_DEVICE/App/usbd_cdc_if.o
 .text.CDC_Transmit_FS
                0x0000000008008418       0x2c USB_DEVICE/App/usbd_cdc_if.o
                0x0000000008008418                CDC_Transmit_FS
 .text.USBD_FS_DeviceDescriptor
                0x0000000008008444        0xc USB_DEVICE/App/usbd_desc.o
                0x0000000008008444                USBD_FS_DeviceDescriptor
 .text.USBD_FS_LangIDStrDescriptor
                0x0000000008008450        0xc USB_DEVICE/App/usbd_desc.o
                0x0000000008008450                USBD_FS_LangIDStrDescriptor
 .text.IntToUnicode
                0x000000000800845c       0x2a USB_DEVICE/App/usbd_desc.o
 *fill*         0x0000000008008486        0x2 
 .text.USBD_FS_SerialStrDescriptor
                0x0000000008008488       0x40 USB_DEVICE/App/usbd_desc.o
                0x0000000008008488                USBD_FS_SerialStrDescriptor
 .text.USBD_FS_ManufacturerStrDescriptor
                0x00000000080084c8       0x1c USB_DEVICE/App/usbd_desc.o
                0x00000000080084c8                USBD_FS_ManufacturerStrDescriptor
 .text.USBD_FS_ProductStrDescriptor
                0x00000000080084e4       0x1c USB_DEVICE/App/usbd_desc.o
                0x00000000080084e4                USBD_FS_ProductStrDescriptor
 .text.USBD_FS_ConfigStrDescriptor
                0x0000000008008500       0x1c USB_DEVICE/App/usbd_desc.o
                0x0000000008008500                USBD_FS_ConfigStrDescriptor
 .text.USBD_FS_InterfaceStrDescriptor
                0x000000000800851c       0x1c USB_DEVICE/App/usbd_desc.o
                0x000000000800851c                USBD_FS_InterfaceStrDescriptor
 .text.HAL_PCD_MspInit
                0x0000000008008538       0x40 USB_DEVICE/Target/usbd_conf.o
                0x0000000008008538                HAL_PCD_MspInit
 .text.HAL_PCD_SetupStageCallback
                0x0000000008008578        0xc USB_DEVICE/Target/usbd_conf.o
                0x0000000008008578                HAL_PCD_SetupStageCallback
 .text.HAL_PCD_DataOutStageCallback
                0x0000000008008584       0x12 USB_DEVICE/Target/usbd_conf.o
                0x0000000008008584                HAL_PCD_DataOutStageCallback
 .text.HAL_PCD_DataInStageCallback
                0x0000000008008596       0x10 USB_DEVICE/Target/usbd_conf.o
                0x0000000008008596                HAL_PCD_DataInStageCallback
 .text.HAL_PCD_SOFCallback
                0x00000000080085a6        0x8 USB_DEVICE/Target/usbd_conf.o
                0x00000000080085a6                HAL_PCD_SOFCallback
 .text.HAL_PCD_ResetCallback
                0x00000000080085ae       0x24 USB_DEVICE/Target/usbd_conf.o
                0x00000000080085ae                HAL_PCD_ResetCallback
 *fill*         0x00000000080085d2        0x2 
 .text.HAL_PCD_SuspendCallback
                0x00000000080085d4       0x20 USB_DEVICE/Target/usbd_conf.o
                0x00000000080085d4                HAL_PCD_SuspendCallback
 .text.HAL_PCD_ResumeCallback
                0x00000000080085f4        0x8 USB_DEVICE/Target/usbd_conf.o
                0x00000000080085f4                HAL_PCD_ResumeCallback
 .text.USBD_LL_Init
                0x00000000080085fc       0x84 USB_DEVICE/Target/usbd_conf.o
                0x00000000080085fc                USBD_LL_Init
 .text.USBD_LL_Start
                0x0000000008008680       0x1c USB_DEVICE/Target/usbd_conf.o
                0x0000000008008680                USBD_LL_Start
 .text.USBD_LL_OpenEP
                0x000000000800869c       0x20 USB_DEVICE/Target/usbd_conf.o
                0x000000000800869c                USBD_LL_OpenEP
 .text.USBD_LL_CloseEP
                0x00000000080086bc       0x1c USB_DEVICE/Target/usbd_conf.o
                0x00000000080086bc                USBD_LL_CloseEP
 .text.USBD_LL_StallEP
                0x00000000080086d8       0x1c USB_DEVICE/Target/usbd_conf.o
                0x00000000080086d8                USBD_LL_StallEP
 .text.USBD_LL_ClearStallEP
                0x00000000080086f4       0x1c USB_DEVICE/Target/usbd_conf.o
                0x00000000080086f4                USBD_LL_ClearStallEP
 .text.USBD_LL_IsStallEP
                0x0000000008008710       0x24 USB_DEVICE/Target/usbd_conf.o
                0x0000000008008710                USBD_LL_IsStallEP
 .text.USBD_LL_SetUSBAddress
                0x0000000008008734       0x1c USB_DEVICE/Target/usbd_conf.o
                0x0000000008008734                USBD_LL_SetUSBAddress
 .text.USBD_LL_Transmit
                0x0000000008008750       0x1c USB_DEVICE/Target/usbd_conf.o
                0x0000000008008750                USBD_LL_Transmit
 .text.USBD_LL_PrepareReceive
                0x000000000800876c       0x1c USB_DEVICE/Target/usbd_conf.o
                0x000000000800876c                USBD_LL_PrepareReceive
 .text.USBD_LL_GetRxDataSize
                0x0000000008008788        0x8 USB_DEVICE/Target/usbd_conf.o
                0x0000000008008788                USBD_LL_GetRxDataSize
 .text.USBD_static_malloc
                0x0000000008008790        0x8 USB_DEVICE/Target/usbd_conf.o
                0x0000000008008790                USBD_static_malloc
 .text.USBD_static_free
                0x0000000008008798        0x2 USB_DEVICE/Target/usbd_conf.o
                0x0000000008008798                USBD_static_free
 .text.HAL_PCDEx_SetConnectionState
                0x000000000800879a        0x2 USB_DEVICE/Target/usbd_conf.o
                0x000000000800879a                HAL_PCDEx_SetConnectionState
 .text.__errno  0x000000000800879c        0xc /opt/stm32cubeide/plugins/com.st.stm32cube.ide.mcu.externaltools.gnu-tools-for-stm32.9-2020-q2-update.linux64_1.5.0.202011040924/tools/bin/../lib/gcc/arm-none-eabi/9.3.1/../../../../arm-none-eabi/lib/thumb/v7-m/nofp/libc_nano.a(lib_a-errno.o)
                0x000000000800879c                __errno
 .text.__libc_init_array
                0x00000000080087a8       0x48 /opt/stm32cubeide/plugins/com.st.stm32cube.ide.mcu.externaltools.gnu-tools-for-stm32.9-2020-q2-update.linux64_1.5.0.202011040924/tools/bin/../lib/gcc/arm-none-eabi/9.3.1/../../../../arm-none-eabi/lib/thumb/v7-m/nofp/libc_nano.a(lib_a-init.o)
                0x00000000080087a8                __libc_init_array
 .text.memset   0x00000000080087f0       0x10 /opt/stm32cubeide/plugins/com.st.stm32cube.ide.mcu.externaltools.gnu-tools-for-stm32.9-2020-q2-update.linux64_1.5.0.202011040924/tools/bin/../lib/gcc/arm-none-eabi/9.3.1/../../../../arm-none-eabi/lib/thumb/v7-m/nofp/libc_nano.a(lib_a-memset.o)
                0x00000000080087f0                memset
 .text.sprintf  0x0000000008008800       0x40 /opt/stm32cubeide/plugins/com.st.stm32cube.ide.mcu.externaltools.gnu-tools-for-stm32.9-2020-q2-update.linux64_1.5.0.202011040924/tools/bin/../lib/gcc/arm-none-eabi/9.3.1/../../../../arm-none-eabi/lib/thumb/v7-m/nofp/libc_nano.a(lib_a-sprintf.o)
                0x0000000008008800                sprintf
                0x0000000008008800                siprintf
 .text.strcpy   0x0000000008008840       0x10 /opt/stm32cubeide/plugins/com.st.stm32cube.ide.mcu.externaltools.gnu-tools-for-stm32.9-2020-q2-update.linux64_1.5.0.202011040924/tools/bin/../lib/gcc/arm-none-eabi/9.3.1/../../../../arm-none-eabi/lib/thumb/v7-m/nofp/libc_nano.a(lib_a-strcpy.o)
                0x0000000008008840                strcpy
 .text.strncpy  0x0000000008008850       0x26 /opt/stm32cubeide/plugins/com.st.stm32cube.ide.mcu.externaltools.gnu-tools-for-stm32.9-2020-q2-update.linux64_1.5.0.202011040924/tools/bin/../lib/gcc/arm-none-eabi/9.3.1/../../../../arm-none-eabi/lib/thumb/v7-m/nofp/libc_nano.a(lib_a-strncpy.o)
                0x0000000008008850                strncpy
 .text.__ssputs_r
                0x0000000008008876       0xb6 /opt/stm32cubeide/plugins/com.st.stm32cube.ide.mcu.externaltools.gnu-tools-for-stm32.9-2020-q2-update.linux64_1.5.0.202011040924/tools/bin/../lib/gcc/arm-none-eabi/9.3.1/../../../../arm-none-eabi/lib/thumb/v7-m/nofp/libc_nano.a(lib_a-nano-svfprintf.o)
                0x0000000008008876                __ssputs_r
 .text._svfprintf_r
                0x000000000800892c      0x200 /opt/stm32cubeide/plugins/com.st.stm32cube.ide.mcu.externaltools.gnu-tools-for-stm32.9-2020-q2-update.linux64_1.5.0.202011040924/tools/bin/../lib/gcc/arm-none-eabi/9.3.1/../../../../arm-none-eabi/lib/thumb/v7-m/nofp/libc_nano.a(lib_a-nano-svfprintf.o)
                0x000000000800892c                _svfprintf_r
                0x000000000800892c                _svfiprintf_r
 .text._printf_common
                0x0000000008008b2c       0xde /opt/stm32cubeide/plugins/com.st.stm32cube.ide.mcu.externaltools.gnu-tools-for-stm32.9-2020-q2-update.linux64_1.5.0.202011040924/tools/bin/../lib/gcc/arm-none-eabi/9.3.1/../../../../arm-none-eabi/lib/thumb/v7-m/nofp/libc_nano.a(lib_a-nano-vfprintf_i.o)
                0x0000000008008b2c                _printf_common
 *fill*         0x0000000008008c0a        0x2 
 .text._printf_i
                0x0000000008008c0c      0x24c /opt/stm32cubeide/plugins/com.st.stm32cube.ide.mcu.externaltools.gnu-tools-for-stm32.9-2020-q2-update.linux64_1.5.0.202011040924/tools/bin/../lib/gcc/arm-none-eabi/9.3.1/../../../../arm-none-eabi/lib/thumb/v7-m/nofp/libc_nano.a(lib_a-nano-vfprintf_i.o)
                0x0000000008008c0c                _printf_i
 .text.memchr   0x0000000008008e58       0x1c /opt/stm32cubeide/plugins/com.st.stm32cube.ide.mcu.externaltools.gnu-tools-for-stm32.9-2020-q2-update.linux64_1.5.0.202011040924/tools/bin/../lib/gcc/arm-none-eabi/9.3.1/../../../../arm-none-eabi/lib/thumb/v7-m/nofp/libc_nano.a(lib_a-memchr-stub.o)
                0x0000000008008e58                memchr
 .text.memcpy   0x0000000008008e74       0x1c /opt/stm32cubeide/plugins/com.st.stm32cube.ide.mcu.externaltools.gnu-tools-for-stm32.9-2020-q2-update.linux64_1.5.0.202011040924/tools/bin/../lib/gcc/arm-none-eabi/9.3.1/../../../../arm-none-eabi/lib/thumb/v7-m/nofp/libc_nano.a(lib_a-memcpy-stub.o)
                0x0000000008008e74                memcpy
 .text.memmove  0x0000000008008e90       0x34 /opt/stm32cubeide/plugins/com.st.stm32cube.ide.mcu.externaltools.gnu-tools-for-stm32.9-2020-q2-update.linux64_1.5.0.202011040924/tools/bin/../lib/gcc/arm-none-eabi/9.3.1/../../../../arm-none-eabi/lib/thumb/v7-m/nofp/libc_nano.a(lib_a-memmove.o)
                0x0000000008008e90                memmove
 .text._free_r  0x0000000008008ec4       0x98 /opt/stm32cubeide/plugins/com.st.stm32cube.ide.mcu.externaltools.gnu-tools-for-stm32.9-2020-q2-update.linux64_1.5.0.202011040924/tools/bin/../lib/gcc/arm-none-eabi/9.3.1/../../../../arm-none-eabi/lib/thumb/v7-m/nofp/libc_nano.a(lib_a-nano-freer.o)
                0x0000000008008ec4                _free_r
 .text._malloc_r
                0x0000000008008f5c       0xb4 /opt/stm32cubeide/plugins/com.st.stm32cube.ide.mcu.externaltools.gnu-tools-for-stm32.9-2020-q2-update.linux64_1.5.0.202011040924/tools/bin/../lib/gcc/arm-none-eabi/9.3.1/../../../../arm-none-eabi/lib/thumb/v7-m/nofp/libc_nano.a(lib_a-nano-mallocr.o)
                0x0000000008008f5c                _malloc_r
 .text._realloc_r
                0x0000000008009010       0x4c /opt/stm32cubeide/plugins/com.st.stm32cube.ide.mcu.externaltools.gnu-tools-for-stm32.9-2020-q2-update.linux64_1.5.0.202011040924/tools/bin/../lib/gcc/arm-none-eabi/9.3.1/../../../../arm-none-eabi/lib/thumb/v7-m/nofp/libc_nano.a(lib_a-nano-reallocr.o)
                0x0000000008009010                _realloc_r
 .text._sbrk_r  0x000000000800905c       0x20 /opt/stm32cubeide/plugins/com.st.stm32cube.ide.mcu.externaltools.gnu-tools-for-stm32.9-2020-q2-update.linux64_1.5.0.202011040924/tools/bin/../lib/gcc/arm-none-eabi/9.3.1/../../../../arm-none-eabi/lib/thumb/v7-m/nofp/libc_nano.a(lib_a-sbrkr.o)
                0x000000000800905c                _sbrk_r
 .text.__malloc_lock
                0x000000000800907c        0xc /opt/stm32cubeide/plugins/com.st.stm32cube.ide.mcu.externaltools.gnu-tools-for-stm32.9-2020-q2-update.linux64_1.5.0.202011040924/tools/bin/../lib/gcc/arm-none-eabi/9.3.1/../../../../arm-none-eabi/lib/thumb/v7-m/nofp/libc_nano.a(lib_a-mlock.o)
                0x000000000800907c                __malloc_lock
 .text.__malloc_unlock
                0x0000000008009088        0xc /opt/stm32cubeide/plugins/com.st.stm32cube.ide.mcu.externaltools.gnu-tools-for-stm32.9-2020-q2-update.linux64_1.5.0.202011040924/tools/bin/../lib/gcc/arm-none-eabi/9.3.1/../../../../arm-none-eabi/lib/thumb/v7-m/nofp/libc_nano.a(lib_a-mlock.o)
                0x0000000008009088                __malloc_unlock
 .text._malloc_usable_size_r
                0x0000000008009094       0x10 /opt/stm32cubeide/plugins/com.st.stm32cube.ide.mcu.externaltools.gnu-tools-for-stm32.9-2020-q2-update.linux64_1.5.0.202011040924/tools/bin/../lib/gcc/arm-none-eabi/9.3.1/../../../../arm-none-eabi/lib/thumb/v7-m/nofp/libc_nano.a(lib_a-nano-msizer.o)
                0x0000000008009094                _malloc_usable_size_r
 .text.__retarget_lock_acquire_recursive
                0x00000000080090a4        0x2 /opt/stm32cubeide/plugins/com.st.stm32cube.ide.mcu.externaltools.gnu-tools-for-stm32.9-2020-q2-update.linux64_1.5.0.202011040924/tools/bin/../lib/gcc/arm-none-eabi/9.3.1/../../../../arm-none-eabi/lib/thumb/v7-m/nofp/libc_nano.a(lib_a-lock.o)
                0x00000000080090a4                __retarget_lock_acquire_recursive
 .text.__retarget_lock_release_recursive
                0x00000000080090a6        0x2 /opt/stm32cubeide/plugins/com.st.stm32cube.ide.mcu.externaltools.gnu-tools-for-stm32.9-2020-q2-update.linux64_1.5.0.202011040924/tools/bin/../lib/gcc/arm-none-eabi/9.3.1/../../../../arm-none-eabi/lib/thumb/v7-m/nofp/libc_nano.a(lib_a-lock.o)
                0x00000000080090a6                __retarget_lock_release_recursive
 *(.glue_7)
 .glue_7        0x00000000080090a8        0x0 linker stubs
 *(.glue_7t)
 .glue_7t       0x00000000080090a8        0x0 linker stubs
 *(.eh_frame)
 .eh_frame      0x00000000080090a8        0x0 /opt/stm32cubeide/plugins/com.st.stm32cube.ide.mcu.externaltools.gnu-tools-for-stm32.9-2020-q2-update.linux64_1.5.0.202011040924/tools/bin/../lib/gcc/arm-none-eabi/9.3.1/thumb/v7-m/nofp/crtbegin.o
 *(.init)
 .init          0x00000000080090a8        0x4 /opt/stm32cubeide/plugins/com.st.stm32cube.ide.mcu.externaltools.gnu-tools-for-stm32.9-2020-q2-update.linux64_1.5.0.202011040924/tools/bin/../lib/gcc/arm-none-eabi/9.3.1/thumb/v7-m/nofp/crti.o
                0x00000000080090a8                _init
 .init          0x00000000080090ac        0x8 /opt/stm32cubeide/plugins/com.st.stm32cube.ide.mcu.externaltools.gnu-tools-for-stm32.9-2020-q2-update.linux64_1.5.0.202011040924/tools/bin/../lib/gcc/arm-none-eabi/9.3.1/thumb/v7-m/nofp/crtn.o
 *(.fini)
 .fini          0x00000000080090b4        0x4 /opt/stm32cubeide/plugins/com.st.stm32cube.ide.mcu.externaltools.gnu-tools-for-stm32.9-2020-q2-update.linux64_1.5.0.202011040924/tools/bin/../lib/gcc/arm-none-eabi/9.3.1/thumb/v7-m/nofp/crti.o
                0x00000000080090b4                _fini
 .fini          0x00000000080090b8        0x8 /opt/stm32cubeide/plugins/com.st.stm32cube.ide.mcu.externaltools.gnu-tools-for-stm32.9-2020-q2-update.linux64_1.5.0.202011040924/tools/bin/../lib/gcc/arm-none-eabi/9.3.1/thumb/v7-m/nofp/crtn.o
                0x00000000080090c0                . = ALIGN (0x4)
                0x00000000080090c0                _etext = .

.vfp11_veneer   0x00000000080090c0        0x0
 .vfp11_veneer  0x00000000080090c0        0x0 linker stubs

.v4_bx          0x00000000080090c0        0x0
 .v4_bx         0x00000000080090c0        0x0 linker stubs

.iplt           0x00000000080090c0        0x0
 .iplt          0x00000000080090c0        0x0 /opt/stm32cubeide/plugins/com.st.stm32cube.ide.mcu.externaltools.gnu-tools-for-stm32.9-2020-q2-update.linux64_1.5.0.202011040924/tools/bin/../lib/gcc/arm-none-eabi/9.3.1/thumb/v7-m/nofp/crtbegin.o

.rodata         0x00000000080090c0      0xfbc
                0x00000000080090c0                . = ALIGN (0x4)
 *(.rodata)
 *(.rodata*)
 .rodata.Font11x18
                0x00000000080090c0      0xd5c Core/Src/fonts.o
                0x00000000080090c0                Font11x18
 .rodata.wifiinit.str1.1
                0x0000000008009e1c       0x10 Core/Src/main.o
 .rodata.usbwork.str1.1
                0x0000000008009e2c      0x11f Core/Src/main.o
                                        0x120 (size before relaxing)
 .rodata.displaywork.str1.1
                0x0000000008009f4b       0x5b Core/Src/main.o
                                         0x5e (size before relaxing)
 .rodata.AHBPrescTable
                0x0000000008009fa6       0x10 Core/Src/system_stm32f1xx.o
                0x0000000008009fa6                AHBPrescTable
 .rodata.APBPrescTable
                0x0000000008009fb6        0x8 Core/Src/system_stm32f1xx.o
                0x0000000008009fb6                APBPrescTable
 .rodata.ESP_Init.str1.1
                0x0000000008009fbe       0x36 Core/Src/wifiwork.o
 .rodata.HAL_RCC_GetSysClockFreq.str1.1
                0x0000000008009ff4       0x11 Drivers/STM32F1xx_HAL_Driver/Src/stm32f1xx_hal_rcc.o
 .rodata.HAL_RCCEx_GetPeriphCLKFreq.str1.1
                0x000000000800a005       0x11 Drivers/STM32F1xx_HAL_Driver/Src/stm32f1xx_hal_rcc_ex.o
 .rodata.USBD_FS_ManufacturerStrDescriptor.str1.1
                0x000000000800a005       0x13 USB_DEVICE/App/usbd_desc.o
 .rodata.USBD_FS_ProductStrDescriptor.str1.1
                0x000000000800a018       0x11 USB_DEVICE/App/usbd_desc.o
 .rodata.USBD_FS_ConfigStrDescriptor.str1.1
                0x000000000800a029        0xb USB_DEVICE/App/usbd_desc.o
 .rodata.USBD_FS_InterfaceStrDescriptor.str1.1
                0x000000000800a034        0xe USB_DEVICE/App/usbd_desc.o
 .rodata.CSWTCH.3
                0x000000000800a042        0x4 USB_DEVICE/Target/usbd_conf.o
 .rodata._svfprintf_r.str1.1
                0x000000000800a046       0x11 /opt/stm32cubeide/plugins/com.st.stm32cube.ide.mcu.externaltools.gnu-tools-for-stm32.9-2020-q2-update.linux64_1.5.0.202011040924/tools/bin/../lib/gcc/arm-none-eabi/9.3.1/../../../../arm-none-eabi/lib/thumb/v7-m/nofp/libc_nano.a(lib_a-nano-svfprintf.o)
 .rodata._printf_i.str1.1
                0x000000000800a057       0x22 /opt/stm32cubeide/plugins/com.st.stm32cube.ide.mcu.externaltools.gnu-tools-for-stm32.9-2020-q2-update.linux64_1.5.0.202011040924/tools/bin/../lib/gcc/arm-none-eabi/9.3.1/../../../../arm-none-eabi/lib/thumb/v7-m/nofp/libc_nano.a(lib_a-nano-vfprintf_i.o)
                0x000000000800a07c                . = ALIGN (0x4)
 *fill*         0x000000000800a079        0x3 

.ARM.extab      0x000000000800a07c        0x0
                0x000000000800a07c                . = ALIGN (0x4)
 *(.ARM.extab* .gnu.linkonce.armextab.*)
                0x000000000800a07c                . = ALIGN (0x4)

.ARM            0x000000000800a07c        0x8
                0x000000000800a07c                . = ALIGN (0x4)
                0x000000000800a07c                __exidx_start = .
 *(.ARM.exidx*)
 .ARM.exidx     0x000000000800a07c        0x8 /opt/stm32cubeide/plugins/com.st.stm32cube.ide.mcu.externaltools.gnu-tools-for-stm32.9-2020-q2-update.linux64_1.5.0.202011040924/tools/bin/../lib/gcc/arm-none-eabi/9.3.1/thumb/v7-m/nofp/libgcc.a(_udivmoddi4.o)
                0x000000000800a084                __exidx_end = .
                0x000000000800a084                . = ALIGN (0x4)

.rel.dyn        0x000000000800a084        0x0
 .rel.iplt      0x000000000800a084        0x0 /opt/stm32cubeide/plugins/com.st.stm32cube.ide.mcu.externaltools.gnu-tools-for-stm32.9-2020-q2-update.linux64_1.5.0.202011040924/tools/bin/../lib/gcc/arm-none-eabi/9.3.1/thumb/v7-m/nofp/crtbegin.o

.preinit_array  0x000000000800a084        0x0
                0x000000000800a084                . = ALIGN (0x4)
                0x000000000800a084                PROVIDE (__preinit_array_start = .)
 *(.preinit_array*)
                0x000000000800a084                PROVIDE (__preinit_array_end = .)
                0x000000000800a084                . = ALIGN (0x4)

.init_array     0x000000000800a084        0x4
                0x000000000800a084                . = ALIGN (0x4)
                0x000000000800a084                PROVIDE (__init_array_start = .)
 *(SORT_BY_NAME(.init_array.*))
 *(.init_array*)
 .init_array    0x000000000800a084        0x4 /opt/stm32cubeide/plugins/com.st.stm32cube.ide.mcu.externaltools.gnu-tools-for-stm32.9-2020-q2-update.linux64_1.5.0.202011040924/tools/bin/../lib/gcc/arm-none-eabi/9.3.1/thumb/v7-m/nofp/crtbegin.o
                0x000000000800a088                PROVIDE (__init_array_end = .)
                0x000000000800a088                . = ALIGN (0x4)

.fini_array     0x000000000800a088        0x4
                0x000000000800a088                . = ALIGN (0x4)
                [!provide]                        PROVIDE (__fini_array_start = .)
 *(SORT_BY_NAME(.fini_array.*))
 *(.fini_array*)
 .fini_array    0x000000000800a088        0x4 /opt/stm32cubeide/plugins/com.st.stm32cube.ide.mcu.externaltools.gnu-tools-for-stm32.9-2020-q2-update.linux64_1.5.0.202011040924/tools/bin/../lib/gcc/arm-none-eabi/9.3.1/thumb/v7-m/nofp/crtbegin.o
                [!provide]                        PROVIDE (__fini_array_end = .)
                0x000000000800a08c                . = ALIGN (0x4)
                0x000000000800a08c                _sidata = LOADADDR (.data)

.data           0x0000000020000000      0x200 load address 0x000000000800a08c
                0x0000000020000000                . = ALIGN (0x4)
                0x0000000020000000                _sdata = .
 *(.data)
 *(.data*)
 .data.Font_11x18
                0x0000000020000000        0x8 Core/Src/fonts.o
                0x0000000020000000                Font_11x18
 .data.SystemCoreClock
                0x0000000020000008        0x4 Core/Src/system_stm32f1xx.o
                0x0000000020000008                SystemCoreClock
 .data.uwTickFreq
                0x000000002000000c        0x1 Drivers/STM32F1xx_HAL_Driver/Src/stm32f1xx_hal.o
                0x000000002000000c                uwTickFreq
 *fill*         0x000000002000000d        0x3 
 .data.uwTickPrio
                0x0000000020000010        0x4 Drivers/STM32F1xx_HAL_Driver/Src/stm32f1xx_hal.o
                0x0000000020000010                uwTickPrio
 .data.Stat     0x0000000020000014        0x1 FATFS/Target/user_diskio.o
 *fill*         0x0000000020000015        0x3 
 .data.USER_Driver
                0x0000000020000018       0x14 FATFS/Target/user_diskio.o
                0x0000000020000018                USER_Driver
 .data.USBD_CDC
                0x000000002000002c       0x38 Middlewares/ST/STM32_USB_Device_Library/Class/CDC/Src/usbd_cdc.o
                0x000000002000002c                USBD_CDC
 .data.USBD_CDC_CfgFSDesc
                0x0000000020000064       0x43 Middlewares/ST/STM32_USB_Device_Library/Class/CDC/Src/usbd_cdc.o
                0x0000000020000064                USBD_CDC_CfgFSDesc
 *fill*         0x00000000200000a7        0x1 
 .data.USBD_CDC_CfgHSDesc
                0x00000000200000a8       0x43 Middlewares/ST/STM32_USB_Device_Library/Class/CDC/Src/usbd_cdc.o
                0x00000000200000a8                USBD_CDC_CfgHSDesc
 *fill*         0x00000000200000eb        0x1 
 .data.USBD_CDC_DeviceQualifierDesc
                0x00000000200000ec        0xa Middlewares/ST/STM32_USB_Device_Library/Class/CDC/Src/usbd_cdc.o
 *fill*         0x00000000200000f6        0x2 
 .data.USBD_CDC_OtherSpeedCfgDesc
                0x00000000200000f8       0x43 Middlewares/ST/STM32_USB_Device_Library/Class/CDC/Src/usbd_cdc.o
                0x00000000200000f8                USBD_CDC_OtherSpeedCfgDesc
 *fill*         0x000000002000013b        0x1 
 .data.USBD_Interface_fops_FS
                0x000000002000013c       0x10 USB_DEVICE/App/usbd_cdc_if.o
                0x000000002000013c                USBD_Interface_fops_FS
 .data.FS_Desc  0x000000002000014c       0x1c USB_DEVICE/App/usbd_desc.o
                0x000000002000014c                FS_Desc
 .data.USBD_FS_DeviceDesc
                0x0000000020000168       0x12 USB_DEVICE/App/usbd_desc.o
                0x0000000020000168                USBD_FS_DeviceDesc
 *fill*         0x000000002000017a        0x2 
 .data.USBD_LangIDDesc
                0x000000002000017c        0x4 USB_DEVICE/App/usbd_desc.o
                0x000000002000017c                USBD_LangIDDesc
 .data.USBD_StringSerial
                0x0000000020000180       0x1a USB_DEVICE/App/usbd_desc.o
                0x0000000020000180                USBD_StringSerial
 *fill*         0x000000002000019a        0x2 
 .data._impure_ptr
                0x000000002000019c        0x4 /opt/stm32cubeide/plugins/com.st.stm32cube.ide.mcu.externaltools.gnu-tools-for-stm32.9-2020-q2-update.linux64_1.5.0.202011040924/tools/bin/../lib/gcc/arm-none-eabi/9.3.1/../../../../arm-none-eabi/lib/thumb/v7-m/nofp/libc_nano.a(lib_a-impure.o)
                0x000000002000019c                _impure_ptr
 .data.impure_data
                0x00000000200001a0       0x60 /opt/stm32cubeide/plugins/com.st.stm32cube.ide.mcu.externaltools.gnu-tools-for-stm32.9-2020-q2-update.linux64_1.5.0.202011040924/tools/bin/../lib/gcc/arm-none-eabi/9.3.1/../../../../arm-none-eabi/lib/thumb/v7-m/nofp/libc_nano.a(lib_a-impure.o)
 *(.RamFunc)
 *(.RamFunc*)
                0x0000000020000200                . = ALIGN (0x4)
                0x0000000020000200                _edata = .

.igot.plt       0x0000000020000200        0x0 load address 0x000000000800a28c
 .igot.plt      0x0000000020000200        0x0 /opt/stm32cubeide/plugins/com.st.stm32cube.ide.mcu.externaltools.gnu-tools-for-stm32.9-2020-q2-update.linux64_1.5.0.202011040924/tools/bin/../lib/gcc/arm-none-eabi/9.3.1/thumb/v7-m/nofp/crtbegin.o
                0x0000000020000200                . = ALIGN (0x4)

.bss            0x0000000020000200     0x1e60 load address 0x000000000800a28c
                0x0000000020000200                _sbss = .
                0x0000000020000200                __bss_start__ = _sbss
 *(.bss)
 .bss           0x0000000020000200       0x1c /opt/stm32cubeide/plugins/com.st.stm32cube.ide.mcu.externaltools.gnu-tools-for-stm32.9-2020-q2-update.linux64_1.5.0.202011040924/tools/bin/../lib/gcc/arm-none-eabi/9.3.1/thumb/v7-m/nofp/crtbegin.o
 *(.bss*)
 .bss.rx_buffer
                0x000000002000021c       0x48 Core/Src/UartRingbuffer.o
                0x000000002000021c                rx_buffer
 .bss.tx_buffer
                0x0000000020000264       0x48 Core/Src/UartRingbuffer.o
                0x0000000020000264                tx_buffer
 .bss.autowork  0x00000000200002ac        0x1 Core/Src/main.o
                0x00000000200002ac                autowork
 .bss.dispFlag  0x00000000200002ad        0x1 Core/Src/main.o
                0x00000000200002ad                dispFlag
 *fill*         0x00000000200002ae        0x2 
 .bss.humidair  0x00000000200002b0        0x4 Core/Src/main.o
                0x00000000200002b0                humidair
 .bss.ispumpon  0x00000000200002b4        0x1 Core/Src/main.o
                0x00000000200002b4                ispumpon
 .bss.iswindowopen
                0x00000000200002b5        0x1 Core/Src/main.o
                0x00000000200002b5                iswindowopen
 *fill*         0x00000000200002b6        0x2 
 .bss.nowscreen
                0x00000000200002b8        0x4 Core/Src/main.o
                0x00000000200002b8                nowscreen
 .bss.pumpworkflag
                0x00000000200002bc        0x1 Core/Src/main.o
                0x00000000200002bc                pumpworkflag
 *fill*         0x00000000200002bd        0x3 
 .bss.temp1     0x00000000200002c0        0x4 Core/Src/main.o
                0x00000000200002c0                temp1
 .bss.time_work
                0x00000000200002c4        0x4 Core/Src/main.o
                0x00000000200002c4                time_work
 .bss.timer_val
                0x00000000200002c8        0x2 Core/Src/main.o
                0x00000000200002c8                timer_val
 .bss.wifiint   0x00000000200002ca        0x1 Core/Src/main.o
                0x00000000200002ca                wifiint
 *fill*         0x00000000200002cb        0x1 
 .bss.SSD1306   0x00000000200002cc        0x6 Core/Src/ssd1306.o
 .bss.SSD1306_Buffer
                0x00000000200002d2      0x400 Core/Src/ssd1306.o
 *fill*         0x00000000200006d2        0x2 
 .bss.__sbrk_heap_end
                0x00000000200006d4        0x4 Core/Src/sysmem.o
 .bss.cfgidx.8897
                0x00000000200006d8        0x1 Middlewares/ST/STM32_USB_Device_Library/Core/Src/usbd_ctlreq.o
 *fill*         0x00000000200006d9        0x3 
 .bss.disk      0x00000000200006dc        0xc Middlewares/Third_Party/FatFs/src/ff_gen_drv.o
                0x00000000200006dc                disk
 .bss.mem.8967  0x00000000200006e8      0x220 USB_DEVICE/Target/usbd_conf.o
 .bss.__malloc_free_list
                0x0000000020000908        0x4 /opt/stm32cubeide/plugins/com.st.stm32cube.ide.mcu.externaltools.gnu-tools-for-stm32.9-2020-q2-update.linux64_1.5.0.202011040924/tools/bin/../lib/gcc/arm-none-eabi/9.3.1/../../../../arm-none-eabi/lib/thumb/v7-m/nofp/libc_nano.a(lib_a-nano-mallocr.o)
                0x0000000020000908                __malloc_free_list
 .bss.__malloc_sbrk_start
                0x000000002000090c        0x4 /opt/stm32cubeide/plugins/com.st.stm32cube.ide.mcu.externaltools.gnu-tools-for-stm32.9-2020-q2-update.linux64_1.5.0.202011040924/tools/bin/../lib/gcc/arm-none-eabi/9.3.1/../../../../arm-none-eabi/lib/thumb/v7-m/nofp/libc_nano.a(lib_a-nano-mallocr.o)
                0x000000002000090c                __malloc_sbrk_start
 *(COMMON)
 COMMON         0x0000000020000910       0x4c Core/Src/UartRingbuffer.o
                0x0000000020000910                _tx_buffer
                0x0000000020000914                _rx_buffer
                0x0000000020000918                huart2
 COMMON         0x000000002000095c        0x4 Core/Src/ds1307_for_stm32_hal.o
                0x000000002000095c                _ds1307_ui2c
 COMMON         0x0000000020000960      0x5cc Core/Src/main.o
                0x0000000020000960                buffOut
                0x000000002000096c                hUsbDeviceFS
                0x0000000020000c30                needhum
                0x0000000020000c34                psi
                0x0000000020000c38                temp2
                0x0000000020000c3c                htim4
                0x0000000020000c84                hi2c1
                0x0000000020000cd8                needhumearth
                0x0000000020000cdc                hi2c2
                0x0000000020000d30                strRX
                0x0000000020000d45                month
                0x0000000020000d48                maxco2
                0x0000000020000d4c                dow
                0x0000000020000d50                temperature
                0x0000000020000d54                second
                0x0000000020000d58                htim3
                0x0000000020000da0                minute
                0x0000000020000da4                pressure
                0x0000000020000da8                hadc1
                0x0000000020000dd8                humidity
                0x0000000020000ddc                pumpdelay
                0x0000000020000dde                hour
                0x0000000020000de0                hdma_adc1
                0x0000000020000e24                pumptime
                0x0000000020000e26                bufferRX
                0x0000000020000e3c                year
                0x0000000020000e40                humidearth
                0x0000000020000e44                hspi1
                0x0000000020000e9c                htim2
                0x0000000020000ee4                bmp280
                0x0000000020000f18                date
                0x0000000020000f1c                gasq
                0x0000000020000f20                needtemp
                0x0000000020000f24                adcval
 COMMON         0x0000000020000f2c        0x4 Drivers/STM32F1xx_HAL_Driver/Src/stm32f1xx_hal.o
                0x0000000020000f2c                uwTick
 COMMON         0x0000000020000f30      0x464 FATFS/App/fatfs.o
                0x0000000020000f30                USERPath
                0x0000000020000f34                retUSER
                0x0000000020000f38                USERFile
                0x0000000020001164                USERFatFS
 COMMON         0x0000000020001394      0x7d0 USB_DEVICE/App/usbd_cdc_if.o
                0x0000000020001394                UserRxBufferFS
                0x000000002000177c                UserTxBufferFS
 COMMON         0x0000000020001b64      0x200 USB_DEVICE/App/usbd_desc.o
                0x0000000020001b64                USBD_StrDesc
 COMMON         0x0000000020001d64      0x2ec USB_DEVICE/Target/usbd_conf.o
                0x0000000020001d64                hpcd_USB_FS
 COMMON         0x0000000020002050        0x4 /opt/stm32cubeide/plugins/com.st.stm32cube.ide.mcu.externaltools.gnu-tools-for-stm32.9-2020-q2-update.linux64_1.5.0.202011040924/tools/bin/../lib/gcc/arm-none-eabi/9.3.1/../../../../arm-none-eabi/lib/thumb/v7-m/nofp/libc_nano.a(lib_a-reent.o)
                0x0000000020002050                errno
 COMMON         0x0000000020002054        0x9 /opt/stm32cubeide/plugins/com.st.stm32cube.ide.mcu.externaltools.gnu-tools-for-stm32.9-2020-q2-update.linux64_1.5.0.202011040924/tools/bin/../lib/gcc/arm-none-eabi/9.3.1/../../../../arm-none-eabi/lib/thumb/v7-m/nofp/libc_nano.a(lib_a-lock.o)
                0x0000000020002054                __lock___atexit_recursive_mutex
                0x0000000020002055                __lock___arc4random_mutex
                0x0000000020002056                __lock___env_recursive_mutex
                0x0000000020002057                __lock___sinit_recursive_mutex
                0x0000000020002058                __lock___malloc_recursive_mutex
                0x0000000020002059                __lock___at_quick_exit_mutex
                0x000000002000205a                __lock___dd_hash_mutex
                0x000000002000205b                __lock___tz_mutex
                0x000000002000205c                __lock___sfp_recursive_mutex
                0x0000000020002060                . = ALIGN (0x4)
 *fill*         0x000000002000205d        0x3 
                0x0000000020002060                _ebss = .
                0x0000000020002060                __bss_end__ = _ebss

._user_heap_stack
                0x0000000020002060      0x600 load address 0x000000000800a28c
                0x0000000020002060                . = ALIGN (0x8)
                [!provide]                        PROVIDE (end = .)
                0x0000000020002060                PROVIDE (_end = .)
                0x0000000020002260                . = (. + _Min_Heap_Size)
 *fill*         0x0000000020002060      0x200 
                0x0000000020002660                . = (. + _Min_Stack_Size)
 *fill*         0x0000000020002260      0x400 
                0x0000000020002660                . = ALIGN (0x8)

/DISCARD/
 libc.a(*)
 libm.a(*)
 libgcc.a(*)

.ARM.attributes
                0x0000000000000000       0x29
 *(.ARM.attributes)
 .ARM.attributes
                0x0000000000000000       0x1d /opt/stm32cubeide/plugins/com.st.stm32cube.ide.mcu.externaltools.gnu-tools-for-stm32.9-2020-q2-update.linux64_1.5.0.202011040924/tools/bin/../lib/gcc/arm-none-eabi/9.3.1/thumb/v7-m/nofp/crti.o
 .ARM.attributes
                0x000000000000001d       0x2d /opt/stm32cubeide/plugins/com.st.stm32cube.ide.mcu.externaltools.gnu-tools-for-stm32.9-2020-q2-update.linux64_1.5.0.202011040924/tools/bin/../lib/gcc/arm-none-eabi/9.3.1/thumb/v7-m/nofp/crtbegin.o
 .ARM.attributes
                0x000000000000004a       0x2d Core/Src/UartRingbuffer.o
 .ARM.attributes
                0x0000000000000077       0x2d Core/Src/bmp280.o
 .ARM.attributes
                0x00000000000000a4       0x2d Core/Src/ds1307_for_stm32_hal.o
 .ARM.attributes
                0x00000000000000d1       0x2d Core/Src/fonts.o
 .ARM.attributes
                0x00000000000000fe       0x2d Core/Src/main.o
 .ARM.attributes
                0x000000000000012b       0x2d Core/Src/si7021.o
 .ARM.attributes
                0x0000000000000158       0x2d Core/Src/ssd1306.o
 .ARM.attributes
                0x0000000000000185       0x2d Core/Src/stm32f1xx_hal_msp.o
 .ARM.attributes
                0x00000000000001b2       0x2d Core/Src/stm32f1xx_it.o
 .ARM.attributes