Archive member included to satisfy reference by file (symbol)

/opt/stm32cubeide/plugins/com.st.stm32cube.ide.mcu.externaltools.gnu-tools-for-stm32.9-2020-q2-update.linux64_1.5.0.202011040924/tools/bin/../lib/gcc/arm-none-eabi/9.3.1/../../../../arm-none-eabi/lib/thumb/v7-m/nofp/libc_nano.a(lib_a-errno.o)
                              Core/Src/syscalls.o (__errno)
/opt/stm32cubeide/plugins/com.st.stm32cube.ide.mcu.externaltools.gnu-tools-for-stm32.9-2020-q2-update.linux64_1.5.0.202011040924/tools/bin/../lib/gcc/arm-none-eabi/9.3.1/../../../../arm-none-eabi/lib/thumb/v7-m/nofp/libc_nano.a(lib_a-exit.o)
                              /opt/stm32cubeide/plugins/com.st.stm32cube.ide.mcu.externaltools.gnu-tools-for-stm32.9-2020-q2-update.linux64_1.5.0.202011040924/tools/bin/../lib/gcc/arm-none-eabi/9.3.1/../../../../arm-none-eabi/lib/thumb/v7-m/nofp/crt0.o (exit)
/opt/stm32cubeide/plugins/com.st.stm32cube.ide.mcu.externaltools.gnu-tools-for-stm32.9-2020-q2-update.linux64_1.5.0.202011040924/tools/bin/../lib/gcc/arm-none-eabi/9.3.1/../../../../arm-none-eabi/lib/thumb/v7-m/nofp/libc_nano.a(lib_a-impure.o)
                              /opt/stm32cubeide/plugins/com.st.stm32cube.ide.mcu.externaltools.gnu-tools-for-stm32.9-2020-q2-update.linux64_1.5.0.202011040924/tools/bin/../lib/gcc/arm-none-eabi/9.3.1/../../../../arm-none-eabi/lib/thumb/v7-m/nofp/libc_nano.a(lib_a-exit.o) (_global_impure_ptr)
/opt/stm32cubeide/plugins/com.st.stm32cube.ide.mcu.externaltools.gnu-tools-for-stm32.9-2020-q2-update.linux64_1.5.0.202011040924/tools/bin/../lib/gcc/arm-none-eabi/9.3.1/../../../../arm-none-eabi/lib/thumb/v7-m/nofp/libc_nano.a(lib_a-init.o)
                              /opt/stm32cubeide/plugins/com.st.stm32cube.ide.mcu.externaltools.gnu-tools-for-stm32.9-2020-q2-update.linux64_1.5.0.202011040924/tools/bin/../lib/gcc/arm-none-eabi/9.3.1/../../../../arm-none-eabi/lib/thumb/v7-m/nofp/crt0.o (__libc_init_array)
/opt/stm32cubeide/plugins/com.st.stm32cube.ide.mcu.externaltools.gnu-tools-for-stm32.9-2020-q2-update.linux64_1.5.0.202011040924/tools/bin/../lib/gcc/arm-none-eabi/9.3.1/../../../../arm-none-eabi/lib/thumb/v7-m/nofp/libc_nano.a(lib_a-memset.o)
                              /opt/stm32cubeide/plugins/com.st.stm32cube.ide.mcu.externaltools.gnu-tools-for-stm32.9-2020-q2-update.linux64_1.5.0.202011040924/tools/bin/../lib/gcc/arm-none-eabi/9.3.1/../../../../arm-none-eabi/lib/thumb/v7-m/nofp/crt0.o (memset)
/opt/stm32cubeide/plugins/com.st.stm32cube.ide.mcu.externaltools.gnu-tools-for-stm32.9-2020-q2-update.linux64_1.5.0.202011040924/tools/bin/../lib/gcc/arm-none-eabi/9.3.1/../../../../arm-none-eabi/lib/thumb/v7-m/nofp/libc_nano.a(lib_a-sprintf.o)
                              Core/Src/main.o (sprintf)
/opt/stm32cubeide/plugins/com.st.stm32cube.ide.mcu.externaltools.gnu-tools-for-stm32.9-2020-q2-update.linux64_1.5.0.202011040924/tools/bin/../lib/gcc/arm-none-eabi/9.3.1/../../../../arm-none-eabi/lib/thumb/v7-m/nofp/libc_nano.a(lib_a-strcmp.o)
                              Core/Src/main.o (strcmp)
/opt/stm32cubeide/plugins/com.st.stm32cube.ide.mcu.externaltools.gnu-tools-for-stm32.9-2020-q2-update.linux64_1.5.0.202011040924/tools/bin/../lib/gcc/arm-none-eabi/9.3.1/../../../../arm-none-eabi/lib/thumb/v7-m/nofp/libc_nano.a(lib_a-strcpy.o)
                              Core/Src/main.o (strcpy)
/opt/stm32cubeide/plugins/com.st.stm32cube.ide.mcu.externaltools.gnu-tools-for-stm32.9-2020-q2-update.linux64_1.5.0.202011040924/tools/bin/../lib/gcc/arm-none-eabi/9.3.1/../../../../arm-none-eabi/lib/thumb/v7-m/nofp/libc_nano.a(lib_a-strlen.o)
                              Core/Src/UartRingbuffer.o (strlen)
/opt/stm32cubeide/plugins/com.st.stm32cube.ide.mcu.externaltools.gnu-tools-for-stm32.9-2020-q2-update.linux64_1.5.0.202011040924/tools/bin/../lib/gcc/arm-none-eabi/9.3.1/../../../../arm-none-eabi/lib/thumb/v7-m/nofp/libc_nano.a(lib_a-strncpy.o)
                              USB_DEVICE/App/usbd_cdc_if.o (strncpy)
/opt/stm32cubeide/plugins/com.st.stm32cube.ide.mcu.externaltools.gnu-tools-for-stm32.9-2020-q2-update.linux64_1.5.0.202011040924/tools/bin/../lib/gcc/arm-none-eabi/9.3.1/../../../../arm-none-eabi/lib/thumb/v7-m/nofp/libc_nano.a(lib_a-nano-svfprintf.o)
                              /opt/stm32cubeide/plugins/com.st.stm32cube.ide.mcu.externaltools.gnu-tools-for-stm32.9-2020-q2-update.linux64_1.5.0.202011040924/tools/bin/../lib/gcc/arm-none-eabi/9.3.1/../../../../arm-none-eabi/lib/thumb/v7-m/nofp/libc_nano.a(lib_a-sprintf.o) (_svfprintf_r)
/opt/stm32cubeide/plugins/com.st.stm32cube.ide.mcu.externaltools.gnu-tools-for-stm32.9-2020-q2-update.linux64_1.5.0.202011040924/tools/bin/../lib/gcc/arm-none-eabi/9.3.1/../../../../arm-none-eabi/lib/thumb/v7-m/nofp/libc_nano.a(lib_a-nano-vfprintf_i.o)
[...]
Memory Configuration

Name             Origin             Length             Attributes
RAM              0x0000000020000000 0x0000000000005000 xrw
FLASH            0x0000000008000000 0x0000000000010000 xr
*default*        0x0000000000000000 0xffffffffffffffff

Linker script and memory map

LOAD /opt/stm32cubeide/plugins/com.st.stm32cube.ide.mcu.externaltools.gnu-tools-for-stm32.9-2020-q2-update.linux64_1.5.0.202011040924/tools/bin/../lib/gcc/arm-none-eabi/9.3.1/thumb/v7-m/nofp/crti.o
LOAD /opt/stm32cubeide/plugins/com.st.stm32cube.ide.mcu.externaltools.gnu-tools-for-stm32.9-2020-q2-update.linux64_1.5.0.202011040924/tools/bin/../lib/gcc/arm-none-eabi/9.3.1/thumb/v7-m/nofp/crtbegin.o
LOAD /opt/stm32cubeide/plugins/com.st.stm32cube.ide.mcu.externaltools.gnu-tools-for-stm32.9-2020-q2-update.linux64_1.5.0.202011040924/tools/bin/../lib/gcc/arm-none-eabi/9.3.1/../../../../arm-none-eabi/lib/thumb/v7-m/nofp/crt0.o
LOAD Core/Src/UartRingbuffer.o
LOAD Core/Src/bmp280.o
LOAD Core/Src/fonts.o
LOAD Core/Src/main.o
LOAD Core/Src/si7021.o
LOAD Core/Src/ssd1306.o
LOAD Core/Src/stm32f1xx_hal_msp.o
LOAD Core/Src/stm32f1xx_it.o
LOAD Core/Src/syscalls.o
LOAD Core/Src/sysmem.o
LOAD Core/Src/system_stm32f1xx.o
LOAD Core/Src/wifiwork.o
LOAD Core/Startup/startup_stm32f103c8tx.o
LOAD Drivers/STM32F1xx_HAL_Driver/Src/stm32f1xx_hal.o
LOAD Drivers/STM32F1xx_HAL_Driver/Src/stm32f1xx_hal_adc.o
LOAD Drivers/STM32F1xx_HAL_Driver/Src/stm32f1xx_hal_adc_ex.o
LOAD Drivers/STM32F1xx_HAL_Driver/Src/stm32f1xx_hal_cortex.o
LOAD Drivers/STM32F1xx_HAL_Driver/Src/stm32f1xx_hal_dma.o
LOAD Drivers/STM32F1xx_HAL_Driver/Src/stm32f1xx_hal_exti.o
LOAD Drivers/STM32F1xx_HAL_Driver/Src/stm32f1xx_hal_flash.o
LOAD Drivers/STM32F1xx_HAL_Driver/Src/stm32f1xx_hal_flash_ex.o
LOAD Drivers/STM32F1xx_HAL_Driver/Src/stm32f1xx_hal_gpio.o
LOAD Drivers/STM32F1xx_HAL_Driver/Src/stm32f1xx_hal_gpio_ex.o
LOAD Drivers/STM32F1xx_HAL_Driver/Src/stm32f1xx_hal_i2c.o
LOAD Drivers/STM32F1xx_HAL_Driver/Src/stm32f1xx_hal_pcd.o
LOAD Drivers/STM32F1xx_HAL_Driver/Src/stm32f1xx_hal_pcd_ex.o
LOAD Drivers/STM32F1xx_HAL_Driver/Src/stm32f1xx_hal_pwr.o
LOAD Drivers/STM32F1xx_HAL_Driver/Src/stm32f1xx_hal_rcc.o
LOAD Drivers/STM32F1xx_HAL_Driver/Src/stm32f1xx_hal_rcc_ex.o
LOAD Drivers/STM32F1xx_HAL_Driver/Src/stm32f1xx_hal_spi.o
LOAD Drivers/STM32F1xx_HAL_Driver/Src/stm32f1xx_hal_tim.o
LOAD Drivers/STM32F1xx_HAL_Driver/Src/stm32f1xx_hal_tim_ex.o
LOAD Drivers/STM32F1xx_HAL_Driver/Src/stm32f1xx_hal_uart.o
LOAD Drivers/STM32F1xx_HAL_Driver/Src/stm32f1xx_ll_usb.o
LOAD FATFS/App/fatfs.o
LOAD FATFS/Target/user_diskio.o
LOAD Middlewares/ST/STM32_USB_Device_Library/Class/CDC/Src/usbd_cdc.o
LOAD Middlewares/ST/STM32_USB_Device_Library/Core/Src/usbd_core.o
LOAD Middlewares/ST/STM32_USB_Device_Library/Core/Src/usbd_ctlreq.o
LOAD Middlewares/ST/STM32_USB_Device_Library/Core/Src/usbd_ioreq.o
LOAD Middlewares/Third_Party/FatFs/src/diskio.o
LOAD Middlewares/Third_Party/FatFs/src/ff.o
LOAD Middlewares/Third_Party/FatFs/src/ff_gen_drv.o
LOAD Middlewares/Third_Party/FatFs/src/option/syscall.o
LOAD USB_DEVICE/App/usb_device.o
LOAD USB_DEVICE/App/usbd_cdc_if.o
LOAD USB_DEVICE/App/usbd_desc.o
LOAD USB_DEVICE/Target/usbd_conf.o
START GROUP
LOAD /opt/stm32cubeide/plugins/com.st.stm32cube.ide.mcu.externaltools.gnu-tools-for-stm32.9-2020-q2-update.linux64_1.5.0.202011040924/tools/bin/../lib/gcc/arm-none-eabi/9.3.1/../../../../arm-none-eabi/lib/thumb/v7-m/nofp/libc_nano.a
LOAD /opt/stm32cubeide/plugins/com.st.stm32cube.ide.mcu.externaltools.gnu-tools-for-stm32.9-2020-q2-update.linux64_1.5.0.202011040924/tools/bin/../lib/gcc/arm-none-eabi/9.3.1/../../../../arm-none-eabi/lib/thumb/v7-m/nofp/libm.a
END GROUP
START GROUP
LOAD /opt/stm32cubeide/plugins/com.st.stm32cube.ide.mcu.externaltools.gnu-tools-for-stm32.9-2020-q2-update.linux64_1.5.0.202011040924/tools/bin/../lib/gcc/arm-none-eabi/9.3.1/thumb/v7-m/nofp/libgcc.a
LOAD /opt/stm32cubeide/plugins/com.st.stm32cube.ide.mcu.externaltools.gnu-tools-for-stm32.9-2020-q2-update.linux64_1.5.0.202011040924/tools/bin/../lib/gcc/arm-none-eabi/9.3.1/../../../../arm-none-eabi/lib/thumb/v7-m/nofp/libc_nano.a
END GROUP
START GROUP
LOAD /opt/stm32cubeide/plugins/com.st.stm32cube.ide.mcu.externaltools.gnu-tools-for-stm32.9-2020-q2-update.linux64_1.5.0.202011040924/tools/bin/../lib/gcc/arm-none-eabi/9.3.1/thumb/v7-m/nofp/libgcc.a
LOAD /opt/stm32cubeide/plugins/com.st.stm32cube.ide.mcu.externaltools.gnu-tools-for-stm32.9-2020-q2-update.linux64_1.5.0.202011040924/tools/bin/../lib/gcc/arm-none-eabi/9.3.1/../../../../arm-none-eabi/lib/thumb/v7-m/nofp/libc_nano.a
LOAD /opt/stm32cubeide/plugins/com.st.stm32cube.ide.mcu.externaltools.gnu-tools-for-stm32.9-2020-q2-update.linux64_1.5.0.202011040924/tools/bin/../lib/gcc/arm-none-eabi/9.3.1/../../../../arm-none-eabi/lib/thumb/v7-m/nofp/libnosys.a
END GROUP
START GROUP
LOAD /opt/stm32cubeide/plugins/com.st.stm32cube.ide.mcu.externaltools.gnu-tools-for-stm32.9-2020-q2-update.linux64_1.5.0.202011040924/tools/bin/../lib/gcc/arm-none-eabi/9.3.1/thumb/v7-m/nofp/libgcc.a
LOAD /opt/stm32cubeide/plugins/com.st.stm32cube.ide.mcu.externaltools.gnu-tools-for-stm32.9-2020-q2-update.linux64_1.5.0.202011040924/tools/bin/../lib/gcc/arm-none-eabi/9.3.1/../../../../arm-none-eabi/lib/thumb/v7-m/nofp/libc_nano.a
LOAD /opt/stm32cubeide/plugins/com.st.stm32cube.ide.mcu.externaltools.gnu-tools-for-stm32.9-2020-q2-update.linux64_1.5.0.202011040924/tools/bin/../lib/gcc/arm-none-eabi/9.3.1/../../../../arm-none-eabi/lib/thumb/v7-m/nofp/libnosys.a
END GROUP
LOAD /opt/stm32cubeide/plugins/com.st.stm32cube.ide.mcu.externaltools.gnu-tools-for-stm32.9-2020-q2-update.linux64_1.5.0.202011040924/tools/bin/../lib/gcc/arm-none-eabi/9.3.1/thumb/v7-m/nofp/crtend.o
LOAD /opt/stm32cubeide/plugins/com.st.stm32cube.ide.mcu.externaltools.gnu-tools-for-stm32.9-2020-q2-update.linux64_1.5.0.202011040924/tools/bin/../lib/gcc/arm-none-eabi/9.3.1/thumb/v7-m/nofp/crtn.o
                0x0000000020005000                _estack = (ORIGIN (RAM) + LENGTH (RAM))
                0x0000000000000200                _Min_Heap_Size = 0x200
                0x0000000000000400                _Min_Stack_Size = 0x400

.isr_vector     0x0000000008000000      0x10c
                0x0000000008000000                . = ALIGN (0x4)
 *(.isr_vector)
 .isr_vector    0x0000000008000000      0x10c Core/Startup/startup_stm32f103c8tx.o
                0x0000000008000000                g_pfnVectors
                0x000000000800010c                . = ALIGN (0x4)

.text           0x0000000008000110     0xec1c
                0x0000000008000110                . = ALIGN (0x4)
 *(.text)
 .text          0x0000000008000110       0x40 /opt/stm32cubeide/plugins/com.st.stm32cube.ide.mcu.externaltools.gnu-tools-for-stm32.9-2020-q2-update.linux64_1.5.0.202011040924/tools/bin/../lib/gcc/arm-none-eabi/9.3.1/thumb/v7-m/nofp/crtbegin.o
 .text          0x0000000008000150       0x14 /opt/stm32cubeide/plugins/com.st.stm32cube.ide.mcu.externaltools.gnu-tools-for-stm32.9-2020-q2-update.linux64_1.5.0.202011040924/tools/bin/../lib/gcc/arm-none-eabi/9.3.1/../../../../arm-none-eabi/lib/thumb/v7-m/nofp/libc_nano.a(lib_a-strcmp.o)
                0x0000000008000150                strcmp
 .text          0x0000000008000164       0x10 /opt/stm32cubeide/plugins/com.st.stm32cube.ide.mcu.externaltools.gnu-tools-for-stm32.9-2020-q2-update.linux64_1.5.0.202011040924/tools/bin/../lib/gcc/arm-none-eabi/9.3.1/../../../../arm-none-eabi/lib/thumb/v7-m/nofp/libc_nano.a(lib_a-strlen.o)
                0x0000000008000164                strlen
 .text          0x0000000008000174      0x378 /opt/stm32cubeide/plugins/com.st.stm32cube.ide.mcu.externaltools.gnu-tools-for-stm32.9-2020-q2-update.linux64_1.5.0.202011040924/tools/bin/../lib/gcc/arm-none-eabi/9.3.1/thumb/v7-m/nofp/libgcc.a(_arm_addsubdf3.o)
                0x0000000008000174                __aeabi_drsub
                0x000000000800017c                __aeabi_dsub
                0x000000000800017c                __subdf3
                0x0000000008000180                __adddf3
                0x0000000008000180                __aeabi_dadd
                0x00000000080003f8                __aeabi_ui2d
                0x00000000080003f8                __floatunsidf
                0x0000000008000418                __floatsidf
                0x0000000008000418                __aeabi_i2d
                0x000000000800043c                __extendsfdf2
                0x000000000800043c                __aeabi_f2d
                0x0000000008000480                __aeabi_ul2d
                0x0000000008000480                __floatundidf
                0x0000000008000490                __floatdidf
                0x0000000008000490                __aeabi_l2d
 .text          0x00000000080004ec      0x424 /opt/stm32cubeide/plugins/com.st.stm32cube.ide.mcu.externaltools.gnu-tools-for-stm32.9-2020-q2-update.linux64_1.5.0.202011040924/tools/bin/../lib/gcc/arm-none-eabi/9.3.1/thumb/v7-m/nofp/libgcc.a(_arm_muldivdf3.o)
                0x00000000080004ec                __aeabi_dmul
                0x00000000080004ec                __muldf3
                0x0000000008000740                __aeabi_ddiv
                0x0000000008000740                __divdf3
 .text          0x0000000008000910       0x50 /opt/stm32cubeide/plugins/com.st.stm32cube.ide.mcu.externaltools.gnu-tools-for-stm32.9-2020-q2-update.linux64_1.5.0.202011040924/tools/bin/../lib/gcc/arm-none-eabi/9.3.1/thumb/v7-m/nofp/libgcc.a(_arm_fixdfsi.o)
                0x0000000008000910                __fixdfsi
                0x0000000008000910                __aeabi_d2iz
 .text          0x0000000008000960      0x21c /opt/stm32cubeide/plugins/com.st.stm32cube.ide.mcu.externaltools.gnu-tools-for-stm32.9-2020-q2-update.linux64_1.5.0.202011040924/tools/bin/../lib/gcc/arm-none-eabi/9.3.1/thumb/v7-m/nofp/libgcc.a(_arm_addsubsf3.o)
                0x0000000008000960                __aeabi_frsub
                0x0000000008000968                __subsf3
                0x0000000008000968                __aeabi_fsub
                0x000000000800096c                __aeabi_fadd
                0x000000000800096c                __addsf3
                0x0000000008000acc                __aeabi_ui2f
                0x0000000008000acc                __floatunsisf
                0x0000000008000ad4                __aeabi_i2f
                0x0000000008000ad4                __floatsisf
                0x0000000008000af0                __floatundisf
                0x0000000008000af0                __aeabi_ul2f
                0x0000000008000b00                __floatdisf
                0x0000000008000b00                __aeabi_l2f
 .text          0x0000000008000b7c      0x2a0 /opt/stm32cubeide/plugins/com.st.stm32cube.ide.mcu.externaltools.gnu-tools-for-stm32.9-2020-q2-update.linux64_1.5.0.202011040924/tools/bin/../lib/gcc/arm-none-eabi/9.3.1/thumb/v7-m/nofp/libgcc.a(_arm_muldivsf3.o)
                0x0000000008000b7c                __mulsf3
                0x0000000008000b7c                __aeabi_fmul
                0x0000000008000ce4                __divsf3
                0x0000000008000ce4                __aeabi_fdiv
 .text          0x0000000008000e1c       0x4c /opt/stm32cubeide/plugins/com.st.stm32cube.ide.mcu.externaltools.gnu-tools-for-stm32.9-2020-q2-update.linux64_1.5.0.202011040924/tools/bin/../lib/gcc/arm-none-eabi/9.3.1/thumb/v7-m/nofp/libgcc.a(_arm_fixsfsi.o)
                0x0000000008000e1c                __fixsfsi
                0x0000000008000e1c                __aeabi_f2iz
 .text          0x0000000008000e68       0xa0 /opt/stm32cubeide/plugins/com.st.stm32cube.ide.mcu.externaltools.gnu-tools-for-stm32.9-2020-q2-update.linux64_1.5.0.202011040924/tools/bin/../lib/gcc/arm-none-eabi/9.3.1/thumb/v7-m/nofp/libgcc.a(_aeabi_ldivmod.o)
                0x0000000008000e68                __aeabi_ldivmod
 .text          0x0000000008000f08      0x2c4 /opt/stm32cubeide/plugins/com.st.stm32cube.ide.mcu.externaltools.gnu-tools-for-stm32.9-2020-q2-update.linux64_1.5.0.202011040924/tools/bin/../lib/gcc/arm-none-eabi/9.3.1/thumb/v7-m/nofp/libgcc.a(_udivmoddi4.o)
                0x0000000008000f08                __udivmoddi4
 .text          0x00000000080011cc        0x4 /opt/stm32cubeide/plugins/com.st.stm32cube.ide.mcu.externaltools.gnu-tools-for-stm32.9-2020-q2-update.linux64_1.5.0.202011040924/tools/bin/../lib/gcc/arm-none-eabi/9.3.1/thumb/v7-m/nofp/libgcc.a(_dvmd_tls.o)
                0x00000000080011cc                __aeabi_ldiv0
                0x00000000080011cc                __aeabi_idiv0
 *(.text*)
 .text.store_char
                0x00000000080011d0       0x3c Core/Src/UartRingbuffer.o
                0x00000000080011d0                store_char
 .text.Uart_isr
                0x000000000800120c       0xb4 Core/Src/UartRingbuffer.o
                0x000000000800120c                Uart_isr
 .text.bmp280_init_default_params
                0x00000000080012c0       0x36 Core/Src/bmp280.o
                0x00000000080012c0                bmp280_init_default_params
 .text.read_register16
                0x00000000080012f6       0x5e Core/Src/bmp280.o
 .text.read_data
                0x0000000008001354       0x50 Core/Src/bmp280.o
 .text.read_calibration_data
                0x00000000080013a4      0x104 Core/Src/bmp280.o
 .text.read_hum_calibration_data
                0x00000000080014a8       0xc0 Core/Src/bmp280.o
 .text.write_register8
                0x0000000008001568       0x4a Core/Src/bmp280.o
 .text.bmp280_init
                0x00000000080015b2      0x15a Core/Src/bmp280.o
                0x00000000080015b2                bmp280_init
 .text.compensate_temperature
                0x000000000800170c       0x70 Core/Src/bmp280.o
 .text.compensate_pressure
                0x000000000800177c      0x388 Core/Src/bmp280.o
 .text.compensate_humidity
                0x0000000008001b04       0xbc Core/Src/bmp280.o
 .text.bmp280_read_fixed
                0x0000000008001bc0       0xca Core/Src/bmp280.o
                0x0000000008001bc0                bmp280_read_fixed
 *fill*         0x0000000008001c8a        0x2 
 .text.bmp280_read_float
                0x0000000008001c8c       0x9c Core/Src/bmp280.o
                0x0000000008001c8c                bmp280_read_float
 .text.main     0x0000000008001d28       0x84 Core/Src/main.o
                0x0000000008001d28                main
 .text.SystemClock_Config
                0x0000000008001dac       0xba Core/Src/main.o
                0x0000000008001dac                SystemClock_Config
 *fill*         0x0000000008001e66        0x2 
 .text.MX_ADC1_Init
                0x0000000008001e68       0x9c Core/Src/main.o
 .text.MX_I2C1_Init
                0x0000000008001f04       0x5c Core/Src/main.o
 .text.MX_I2C2_Init
                0x0000000008001f60       0x5c Core/Src/main.o
 .text.MX_SPI1_Init
                0x0000000008001fbc       0x6c Core/Src/main.o
 .text.MX_TIM2_Init
                0x0000000008002028       0xec Core/Src/main.o
 .text.MX_TIM3_Init
                0x0000000008002114       0xb4 Core/Src/main.o
 .text.MX_TIM4_Init
                0x00000000080021c8       0x9c Core/Src/main.o
 .text.MX_USART2_UART_Init
                0x0000000008002264       0x54 Core/Src/main.o
 .text.MX_DMA_Init
                0x00000000080022b8       0x3c Core/Src/main.o
 .text.MX_GPIO_Init
                0x00000000080022f4       0xb0 Core/Src/main.o
 .text.usbwork  0x00000000080023a4      0x238 Core/Src/main.o
                0x00000000080023a4                usbwork
 .text.waittx   0x00000000080025dc       0x2c Core/Src/main.o
                0x00000000080025dc                waittx
 .text.polsens  0x0000000008002608       0xdc Core/Src/main.o
                0x0000000008002608                polsens
 .text.displaywork
                0x00000000080026e4       0xbc Core/Src/main.o
                0x00000000080026e4                displaywork
 .text.Error_Handler
                0x00000000080027a0        0xa Core/Src/main.o
                0x00000000080027a0                Error_Handler
 *fill*         0x00000000080027aa        0x2 
 .text._read_and_convert_temperature
                0x00000000080027ac       0xc8 Core/Src/si7021.o
 .text.si7021_measure_humidity
                0x0000000008002874       0x7e Core/Src/si7021.o
                0x0000000008002874                si7021_measure_humidity
 .text.si7021_measure_temperature
                0x00000000080028f2       0x44 Core/Src/si7021.o
                0x00000000080028f2                si7021_measure_temperature
 *fill*         0x0000000008002936        0x2 
 .text.SSD1306_Init
                0x0000000008002938      0x188 Core/Src/ssd1306.o
                0x0000000008002938                SSD1306_Init
 .text.SSD1306_UpdateScreen
                0x0000000008002ac0       0x5c Core/Src/ssd1306.o
                0x0000000008002ac0                SSD1306_UpdateScreen
 .text.SSD1306_Fill
                0x0000000008002b1c       0x30 Core/Src/ssd1306.o
                0x0000000008002b1c                SSD1306_Fill
 .text.SSD1306_GotoXY
                0x0000000008002b4c       0x2c Core/Src/ssd1306.o
                0x0000000008002b4c                SSD1306_GotoXY
 .text.SSD1306_Clear
                0x0000000008002b78       0x12 Core/Src/ssd1306.o
                0x0000000008002b78                SSD1306_Clear
 *fill*         0x0000000008002b8a        0x2 
 .text.ssd1306_I2C_Init
                0x0000000008002b8c       0x28 Core/Src/ssd1306.o
                0x0000000008002b8c                ssd1306_I2C_Init
 .text.ssd1306_I2C_WriteMulti
                0x0000000008002bb4       0x90 Core/Src/ssd1306.o
                0x0000000008002bb4                ssd1306_I2C_WriteMulti
 .text.ssd1306_I2C_Write
                0x0000000008002c44       0x3c Core/Src/ssd1306.o
                0x0000000008002c44                ssd1306_I2C_Write
 .text.HAL_MspInit
                0x0000000008002c80       0x64 Core/Src/stm32f1xx_hal_msp.o
                0x0000000008002c80                HAL_MspInit
 .text.HAL_ADC_MspInit
                0x0000000008002ce4       0xd0 Core/Src/stm32f1xx_hal_msp.o
                0x0000000008002ce4                HAL_ADC_MspInit
 .text.HAL_I2C_MspInit
                0x0000000008002db4       0xd8 Core/Src/stm32f1xx_hal_msp.o
                0x0000000008002db4                HAL_I2C_MspInit
 .text.HAL_SPI_MspInit
                0x0000000008002e8c       0x94 Core/Src/stm32f1xx_hal_msp.o
                0x0000000008002e8c                HAL_SPI_MspInit
 .text.HAL_TIM_Base_MspInit
                0x0000000008002f20       0x70 Core/Src/stm32f1xx_hal_msp.o
                0x0000000008002f20                HAL_TIM_Base_MspInit
 .text.HAL_TIM_PWM_MspInit
                0x0000000008002f90       0x3c Core/Src/stm32f1xx_hal_msp.o
                0x0000000008002f90                HAL_TIM_PWM_MspInit
 .text.HAL_TIM_MspPostInit
                0x0000000008002fcc       0xcc Core/Src/stm32f1xx_hal_msp.o
                0x0000000008002fcc                HAL_TIM_MspPostInit
 .text.HAL_UART_MspInit
                0x0000000008003098       0xa4 Core/Src/stm32f1xx_hal_msp.o
                0x0000000008003098                HAL_UART_MspInit
 .text.NMI_Handler
                0x000000000800313c        0x6 Core/Src/stm32f1xx_it.o
                0x000000000800313c                NMI_Handler
 .text.HardFault_Handler
                0x0000000008003142        0x6 Core/Src/stm32f1xx_it.o
                0x0000000008003142                HardFault_Handler
 .text.MemManage_Handler
                0x0000000008003148        0x6 Core/Src/stm32f1xx_it.o
                0x0000000008003148                MemManage_Handler
 .text.BusFault_Handler
                0x000000000800314e        0x6 Core/Src/stm32f1xx_it.o
                0x000000000800314e                BusFault_Handler
 .text.UsageFault_Handler
                0x0000000008003154        0x6 Core/Src/stm32f1xx_it.o
                0x0000000008003154                UsageFault_Handler
 .text.SVC_Handler
                0x000000000800315a        0xc Core/Src/stm32f1xx_it.o
                0x000000000800315a                SVC_Handler
 .text.DebugMon_Handler
                0x0000000008003166        0xc Core/Src/stm32f1xx_it.o
                0x0000000008003166                DebugMon_Handler
 .text.PendSV_Handler
                0x0000000008003172        0xc Core/Src/stm32f1xx_it.o
                0x0000000008003172                PendSV_Handler
 .text.SysTick_Handler
                0x000000000800317e        0xc Core/Src/stm32f1xx_it.o
                0x000000000800317e                SysTick_Handler
 *fill*         0x000000000800318a        0x2 
 .text.DMA1_Channel1_IRQHandler
                0x000000000800318c       0x14 Core/Src/stm32f1xx_it.o
                0x000000000800318c                DMA1_Channel1_IRQHandler
 .text.USB_LP_CAN1_RX0_IRQHandler
                0x00000000080031a0       0x14 Core/Src/stm32f1xx_it.o
                0x00000000080031a0                USB_LP_CAN1_RX0_IRQHandler
 .text.TIM4_IRQHandler
                0x00000000080031b4       0x30 Core/Src/stm32f1xx_it.o
                0x00000000080031b4                TIM4_IRQHandler
 .text.USART2_IRQHandler
                0x00000000080031e4       0x18 Core/Src/stm32f1xx_it.o
                0x00000000080031e4                USART2_IRQHandler
 .text._sbrk    0x00000000080031fc       0x6c Core/Src/sysmem.o
                0x00000000080031fc                _sbrk
 .text.SystemInit
                0x0000000008003268        0xc Core/Src/system_stm32f1xx.o
                0x0000000008003268                SystemInit
 .text.Reset_Handler
                0x0000000008003274       0x48 Core/Startup/startup_stm32f103c8tx.o
                0x0000000008003274                Reset_Handler
 .text.Default_Handler
                0x00000000080032bc        0x2 Core/Startup/startup_stm32f103c8tx.o
                0x00000000080032bc                RTC_Alarm_IRQHandler
                0x00000000080032bc                EXTI2_IRQHandler
                0x00000000080032bc                TIM1_CC_IRQHandler
                0x00000000080032bc                PVD_IRQHandler
                0x00000000080032bc                EXTI3_IRQHandler
                0x00000000080032bc                EXTI0_IRQHandler
                0x00000000080032bc                I2C2_EV_IRQHandler
                0x00000000080032bc                ADC1_2_IRQHandler
                0x00000000080032bc                SPI1_IRQHandler
                0x00000000080032bc                TAMPER_IRQHandler
                0x00000000080032bc                DMA1_Channel4_IRQHandler
                0x00000000080032bc                USART3_IRQHandler
                0x00000000080032bc                RTC_IRQHandler
                0x00000000080032bc                DMA1_Channel7_IRQHandler
                0x00000000080032bc                CAN1_RX1_IRQHandler
                0x00000000080032bc                I2C1_EV_IRQHandler
                0x00000000080032bc                DMA1_Channel6_IRQHandler
                0x00000000080032bc                TIM3_IRQHandler
                0x00000000080032bc                RCC_IRQHandler
                0x00000000080032bc                TIM1_TRG_COM_IRQHandler
                0x00000000080032bc                Default_Handler
                0x00000000080032bc                EXTI15_10_IRQHandler
                0x00000000080032bc                EXTI9_5_IRQHandler
                0x00000000080032bc                SPI2_IRQHandler
                0x00000000080032bc                DMA1_Channel5_IRQHandler
                0x00000000080032bc                EXTI4_IRQHandler
                0x00000000080032bc                USB_HP_CAN1_TX_IRQHandler
                0x00000000080032bc                DMA1_Channel3_IRQHandler
                0x00000000080032bc                TIM1_UP_IRQHandler
                0x00000000080032bc                WWDG_IRQHandler
                0x00000000080032bc                TIM2_IRQHandler
                0x00000000080032bc                TIM1_BRK_IRQHandler
                0x00000000080032bc                EXTI1_IRQHandler
                0x00000000080032bc                I2C2_ER_IRQHandler
                0x00000000080032bc                DMA1_Channel2_IRQHandler
                0x00000000080032bc                CAN1_SCE_IRQHandler
                0x00000000080032bc                FLASH_IRQHandler
                0x00000000080032bc                USART1_IRQHandler
                0x00000000080032bc                I2C1_ER_IRQHandler
                0x00000000080032bc                USBWakeUp_IRQHandler
 *fill*         0x00000000080032be        0x2 
 .text.HAL_Init
                0x00000000080032c0       0x2c Drivers/STM32F1xx_HAL_Driver/Src/stm32f1xx_hal.o
                0x00000000080032c0                HAL_Init
 .text.HAL_InitTick
                0x00000000080032ec       0x60 Drivers/STM32F1xx_HAL_Driver/Src/stm32f1xx_hal.o
                0x00000000080032ec                HAL_InitTick
 .text.HAL_IncTick
                0x000000000800334c       0x24 Drivers/STM32F1xx_HAL_Driver/Src/stm32f1xx_hal.o
                0x000000000800334c                HAL_IncTick
 .text.HAL_GetTick
                0x0000000008003370       0x14 Drivers/STM32F1xx_HAL_Driver/Src/stm32f1xx_hal.o
                0x0000000008003370                HAL_GetTick
 .text.HAL_Delay
                0x0000000008003384       0x48 Drivers/STM32F1xx_HAL_Driver/Src/stm32f1xx_hal.o
                0x0000000008003384                HAL_Delay
 .text.HAL_ADC_Init
                0x00000000080033cc      0x1b0 Drivers/STM32F1xx_HAL_Driver/Src/stm32f1xx_hal_adc.o
                0x00000000080033cc                HAL_ADC_Init
 .text.HAL_ADC_Start_DMA
                0x000000000800357c      0x1bc Drivers/STM32F1xx_HAL_Driver/Src/stm32f1xx_hal_adc.o
                0x000000000800357c                HAL_ADC_Start_DMA
 .text.HAL_ADC_ConvCpltCallback
                0x0000000008003738       0x12 Drivers/STM32F1xx_HAL_Driver/Src/stm32f1xx_hal_adc.o
                0x0000000008003738                HAL_ADC_ConvCpltCallback
 .text.HAL_ADC_ConvHalfCpltCallback
                0x000000000800374a       0x12 Drivers/STM32F1xx_HAL_Driver/Src/stm32f1xx_hal_adc.o
                0x000000000800374a                HAL_ADC_ConvHalfCpltCallback
 .text.HAL_ADC_ErrorCallback
                0x000000000800375c       0x12 Drivers/STM32F1xx_HAL_Driver/Src/stm32f1xx_hal_adc.o
                0x000000000800375c                HAL_ADC_ErrorCallback
 *fill*         0x000000000800376e        0x2 
 .text.HAL_ADC_ConfigChannel
                0x0000000008003770      0x1f0 Drivers/STM32F1xx_HAL_Driver/Src/stm32f1xx_hal_adc.o
                0x0000000008003770                HAL_ADC_ConfigChannel
 .text.ADC_Enable
                0x0000000008003960       0xb4 Drivers/STM32F1xx_HAL_Driver/Src/stm32f1xx_hal_adc.o
                0x0000000008003960                ADC_Enable
 .text.ADC_ConversionStop_Disable
                0x0000000008003a14       0x82 Drivers/STM32F1xx_HAL_Driver/Src/stm32f1xx_hal_adc.o
                0x0000000008003a14                ADC_ConversionStop_Disable
 .text.ADC_DMAConvCplt
                0x0000000008003a96       0x7c Drivers/STM32F1xx_HAL_Driver/Src/stm32f1xx_hal_adc.o
                0x0000000008003a96                ADC_DMAConvCplt
 .text.ADC_DMAHalfConvCplt
                0x0000000008003b12       0x1c Drivers/STM32F1xx_HAL_Driver/Src/stm32f1xx_hal_adc.o
                0x0000000008003b12                ADC_DMAHalfConvCplt
 .text.ADC_DMAError
                0x0000000008003b2e       0x34 Drivers/STM32F1xx_HAL_Driver/Src/stm32f1xx_hal_adc.o
                0x0000000008003b2e                ADC_DMAError
 *fill*         0x0000000008003b62        0x2 
 .text.HAL_ADCEx_Calibration_Start
                0x0000000008003b64      0x158 Drivers/STM32F1xx_HAL_Driver/Src/stm32f1xx_hal_adc_ex.o
                0x0000000008003b64                HAL_ADCEx_Calibration_Start
 .text.__NVIC_SetPriorityGrouping
                0x0000000008003cbc       0x48 Drivers/STM32F1xx_HAL_Driver/Src/stm32f1xx_hal_cortex.o
 .text.__NVIC_GetPriorityGrouping
                0x0000000008003d04       0x1c Drivers/STM32F1xx_HAL_Driver/Src/stm32f1xx_hal_cortex.o
 .text.__NVIC_EnableIRQ
                0x0000000008003d20       0x38 Drivers/STM32F1xx_HAL_Driver/Src/stm32f1xx_hal_cortex.o
 .text.__NVIC_SetPriority
                0x0000000008003d58       0x54 Drivers/STM32F1xx_HAL_Driver/Src/stm32f1xx_hal_cortex.o
 .text.NVIC_EncodePriority
                0x0000000008003dac       0x64 Drivers/STM32F1xx_HAL_Driver/Src/stm32f1xx_hal_cortex.o
 .text.SysTick_Config
                0x0000000008003e10       0x44 Drivers/STM32F1xx_HAL_Driver/Src/stm32f1xx_hal_cortex.o
 .text.HAL_NVIC_SetPriorityGrouping
                0x0000000008003e54       0x16 Drivers/STM32F1xx_HAL_Driver/Src/stm32f1xx_hal_cortex.o
                0x0000000008003e54                HAL_NVIC_SetPriorityGrouping
 .text.HAL_NVIC_SetPriority
                0x0000000008003e6a       0x38 Drivers/STM32F1xx_HAL_Driver/Src/stm32f1xx_hal_cortex.o
                0x0000000008003e6a                HAL_NVIC_SetPriority
 .text.HAL_NVIC_EnableIRQ
                0x0000000008003ea2       0x1c Drivers/STM32F1xx_HAL_Driver/Src/stm32f1xx_hal_cortex.o
                0x0000000008003ea2                HAL_NVIC_EnableIRQ
 .text.HAL_SYSTICK_Config
                0x0000000008003ebe       0x18 Drivers/STM32F1xx_HAL_Driver/Src/stm32f1xx_hal_cortex.o
                0x0000000008003ebe                HAL_SYSTICK_Config
 *fill*         0x0000000008003ed6        0x2 
 .text.HAL_DMA_Init
                0x0000000008003ed8       0xb4 Drivers/STM32F1xx_HAL_Driver/Src/stm32f1xx_hal_dma.o
                0x0000000008003ed8                HAL_DMA_Init
 .text.HAL_DMA_Start_IT
                0x0000000008003f8c       0xbe Drivers/STM32F1xx_HAL_Driver/Src/stm32f1xx_hal_dma.o
                0x0000000008003f8c                HAL_DMA_Start_IT
 .text.HAL_DMA_Abort
                0x000000000800404a       0x74 Drivers/STM32F1xx_HAL_Driver/Src/stm32f1xx_hal_dma.o
                0x000000000800404a                HAL_DMA_Abort
 *fill*         0x00000000080040be        0x2 
 .text.HAL_DMA_Abort_IT
                0x00000000080040c0       0xec Drivers/STM32F1xx_HAL_Driver/Src/stm32f1xx_hal_dma.o
                0x00000000080040c0                HAL_DMA_Abort_IT
 .text.HAL_DMA_IRQHandler
                0x00000000080041ac      0x20c Drivers/STM32F1xx_HAL_Driver/Src/stm32f1xx_hal_dma.o
                0x00000000080041ac                HAL_DMA_IRQHandler
 .text.DMA_SetConfig
                0x00000000080043b8       0x5a Drivers/STM32F1xx_HAL_Driver/Src/stm32f1xx_hal_dma.o
 *fill*         0x0000000008004412        0x2 
 .text.HAL_GPIO_Init
                0x0000000008004414      0x308 Drivers/STM32F1xx_HAL_Driver/Src/stm32f1xx_hal_gpio.o
                0x0000000008004414                HAL_GPIO_Init
 .text.HAL_GPIO_WritePin
                0x000000000800471c       0x30 Drivers/STM32F1xx_HAL_Driver/Src/stm32f1xx_hal_gpio.o
                0x000000000800471c                HAL_GPIO_WritePin
 .text.HAL_I2C_Init
                0x000000000800474c      0x288 Drivers/STM32F1xx_HAL_Driver/Src/stm32f1xx_hal_i2c.o
                0x000000000800474c                HAL_I2C_Init
 .text.HAL_I2C_Master_Transmit
                0x00000000080049d4      0x1fc Drivers/STM32F1xx_HAL_Driver/Src/stm32f1xx_hal_i2c.o
                0x00000000080049d4                HAL_I2C_Master_Transmit
 .text.HAL_I2C_Master_Receive
                0x0000000008004bd0      0x4c0 Drivers/STM32F1xx_HAL_Driver/Src/stm32f1xx_hal_i2c.o
                0x0000000008004bd0                HAL_I2C_Master_Receive
 .text.HAL_I2C_Mem_Write
                0x0000000008005090      0x1f4 Drivers/STM32F1xx_HAL_Driver/Src/stm32f1xx_hal_i2c.o
                0x0000000008005090                HAL_I2C_Mem_Write
 .text.HAL_I2C_Mem_Read
                0x0000000008005284      0x4d0 Drivers/STM32F1xx_HAL_Driver/Src/stm32f1xx_hal_i2c.o
                0x0000000008005284                HAL_I2C_Mem_Read
 .text.HAL_I2C_IsDeviceReady
                0x0000000008005754      0x25c Drivers/STM32F1xx_HAL_Driver/Src/stm32f1xx_hal_i2c.o
                0x0000000008005754                HAL_I2C_IsDeviceReady
 .text.I2C_MasterRequestWrite
                0x00000000080059b0      0x104 Drivers/STM32F1xx_HAL_Driver/Src/stm32f1xx_hal_i2c.o
 .text.I2C_MasterRequestRead
                0x0000000008005ab4      0x19c Drivers/STM32F1xx_HAL_Driver/Src/stm32f1xx_hal_i2c.o
 .text.I2C_RequestMemoryWrite
                0x0000000008005c50      0x12c Drivers/STM32F1xx_HAL_Driver/Src/stm32f1xx_hal_i2c.o
 .text.I2C_RequestMemoryRead
                0x0000000008005d7c      0x1d0 Drivers/STM32F1xx_HAL_Driver/Src/stm32f1xx_hal_i2c.o
 .text.I2C_WaitOnFlagUntilTimeout
                0x0000000008005f4c       0xae Drivers/STM32F1xx_HAL_Driver/Src/stm32f1xx_hal_i2c.o
 .text.I2C_WaitOnMasterAddressFlagUntilTimeout
                0x0000000008005ffa       0xfe Drivers/STM32F1xx_HAL_Driver/Src/stm32f1xx_hal_i2c.o
 .text.I2C_WaitOnTXEFlagUntilTimeout
                0x00000000080060f8       0x82 Drivers/STM32F1xx_HAL_Driver/Src/stm32f1xx_hal_i2c.o
 .text.I2C_WaitOnBTFFlagUntilTimeout
                0x000000000800617a       0x82 Drivers/STM32F1xx_HAL_Driver/Src/stm32f1xx_hal_i2c.o
 .text.I2C_WaitOnRXNEFlagUntilTimeout
                0x00000000080061fc       0xac Drivers/STM32F1xx_HAL_Driver/Src/stm32f1xx_hal_i2c.o
 .text.I2C_IsAcknowledgeFailed
                0x00000000080062a8       0x5c Drivers/STM32F1xx_HAL_Driver/Src/stm32f1xx_hal_i2c.o
 .text.HAL_PCD_Init
                0x0000000008006304      0x216 Drivers/STM32F1xx_HAL_Driver/Src/stm32f1xx_hal_pcd.o
                0x0000000008006304                HAL_PCD_Init
 .text.HAL_PCD_Start
                0x000000000800651a       0x4c Drivers/STM32F1xx_HAL_Driver/Src/stm32f1xx_hal_pcd.o
                0x000000000800651a                HAL_PCD_Start
 .text.HAL_PCD_IRQHandler
                0x0000000008006566      0x2aa Drivers/STM32F1xx_HAL_Driver/Src/stm32f1xx_hal_pcd.o
                0x0000000008006566                HAL_PCD_IRQHandler
 .text.HAL_PCD_SetAddress
                0x0000000008006810       0x4a Drivers/STM32F1xx_HAL_Driver/Src/stm32f1xx_hal_pcd.o
                0x0000000008006810                HAL_PCD_SetAddress
 .text.HAL_PCD_EP_Open
                0x000000000800685a       0xcc Drivers/STM32F1xx_HAL_Driver/Src/stm32f1xx_hal_pcd.o
                0x000000000800685a                HAL_PCD_EP_Open
 .text.HAL_PCD_EP_Close
                0x0000000008006926       0x90 Drivers/STM32F1xx_HAL_Driver/Src/stm32f1xx_hal_pcd.o
                0x0000000008006926                HAL_PCD_EP_Close
 .text.HAL_PCD_EP_Receive
                0x00000000080069b6       0x7a Drivers/STM32F1xx_HAL_Driver/Src/stm32f1xx_hal_pcd.o
                0x00000000080069b6                HAL_PCD_EP_Receive
 .text.HAL_PCD_EP_GetRxCount
                0x0000000008006a30       0x2e Drivers/STM32F1xx_HAL_Driver/Src/stm32f1xx_hal_pcd.o
                0x0000000008006a30                HAL_PCD_EP_GetRxCount
 .text.HAL_PCD_EP_Transmit
                0x0000000008006a5e       0x86 Drivers/STM32F1xx_HAL_Driver/Src/stm32f1xx_hal_pcd.o
                0x0000000008006a5e                HAL_PCD_EP_Transmit
 .text.HAL_PCD_EP_SetStall
                0x0000000008006ae4       0xc0 Drivers/STM32F1xx_HAL_Driver/Src/stm32f1xx_hal_pcd.o
                0x0000000008006ae4                HAL_PCD_EP_SetStall
 .text.HAL_PCD_EP_ClrStall
                0x0000000008006ba4       0xa8 Drivers/STM32F1xx_HAL_Driver/Src/stm32f1xx_hal_pcd.o
                0x0000000008006ba4                HAL_PCD_EP_ClrStall
 .text.PCD_EP_ISR_Handler
                0x0000000008006c4c      0x600 Drivers/STM32F1xx_HAL_Driver/Src/stm32f1xx_hal_pcd.o
 .text.HAL_PCD_EP_DB_Receive
                0x000000000800724c      0x21a Drivers/STM32F1xx_HAL_Driver/Src/stm32f1xx_hal_pcd.o
 .text.HAL_PCD_EP_DB_Transmit
                0x0000000008007466      0x7a4 Drivers/STM32F1xx_HAL_Driver/Src/stm32f1xx_hal_pcd.o
 .text.HAL_PCDEx_PMAConfig
                0x0000000008007c0a       0x84 Drivers/STM32F1xx_HAL_Driver/Src/stm32f1xx_hal_pcd_ex.o
                0x0000000008007c0a                HAL_PCDEx_PMAConfig
 *fill*         0x0000000008007c8e        0x2 
 .text.HAL_RCC_OscConfig
                0x0000000008007c90      0x500 Drivers/STM32F1xx_HAL_Driver/Src/stm32f1xx_hal_rcc.o
                0x0000000008007c90                HAL_RCC_OscConfig
 .text.HAL_RCC_ClockConfig
                0x0000000008008190      0x1d4 Drivers/STM32F1xx_HAL_Driver/Src/stm32f1xx_hal_rcc.o
                0x0000000008008190                HAL_RCC_ClockConfig
 .text.HAL_RCC_GetSysClockFreq
                0x0000000008008364       0xc0 Drivers/STM32F1xx_HAL_Driver/Src/stm32f1xx_hal_rcc.o
                0x0000000008008364                HAL_RCC_GetSysClockFreq
 .text.HAL_RCC_GetHCLKFreq
                0x0000000008008424       0x14 Drivers/STM32F1xx_HAL_Driver/Src/stm32f1xx_hal_rcc.o
                0x0000000008008424                HAL_RCC_GetHCLKFreq
 .text.HAL_RCC_GetPCLK1Freq
                0x0000000008008438       0x28 Drivers/STM32F1xx_HAL_Driver/Src/stm32f1xx_hal_rcc.o
                0x0000000008008438                HAL_RCC_GetPCLK1Freq
 .text.HAL_RCC_GetPCLK2Freq
                0x0000000008008460       0x28 Drivers/STM32F1xx_HAL_Driver/Src/stm32f1xx_hal_rcc.o
                0x0000000008008460                HAL_RCC_GetPCLK2Freq
 .text.RCC_Delay
                0x0000000008008488       0x3c Drivers/STM32F1xx_HAL_Driver/Src/stm32f1xx_hal_rcc.o
 .text.HAL_RCCEx_PeriphCLKConfig
                0x00000000080084c4      0x16c Drivers/STM32F1xx_HAL_Driver/Src/stm32f1xx_hal_rcc_ex.o
                0x00000000080084c4                HAL_RCCEx_PeriphCLKConfig
 .text.HAL_RCCEx_GetPeriphCLKFreq
                0x0000000008008630      0x188 Drivers/STM32F1xx_HAL_Driver/Src/stm32f1xx_hal_rcc_ex.o
                0x0000000008008630                HAL_RCCEx_GetPeriphCLKFreq
 .text.HAL_SPI_Init
                0x00000000080087b8      0x108 Drivers/STM32F1xx_HAL_Driver/Src/stm32f1xx_hal_spi.o
                0x00000000080087b8                HAL_SPI_Init
 .text.HAL_TIM_Base_Init
                0x00000000080088c0       0x9e Drivers/STM32F1xx_HAL_Driver/Src/stm32f1xx_hal_tim.o
                0x00000000080088c0                HAL_TIM_Base_Init
 .text.HAL_TIM_PWM_Init
                0x000000000800895e       0x9e Drivers/STM32F1xx_HAL_Driver/Src/stm32f1xx_hal_tim.o
                0x000000000800895e                HAL_TIM_PWM_Init
 .text.HAL_TIM_IRQHandler
                0x00000000080089fc      0x210 Drivers/STM32F1xx_HAL_Driver/Src/stm32f1xx_hal_tim.o
                0x00000000080089fc                HAL_TIM_IRQHandler
 .text.HAL_TIM_PWM_ConfigChannel
                0x0000000008008c0c      0x17c Drivers/STM32F1xx_HAL_Driver/Src/stm32f1xx_hal_tim.o
                0x0000000008008c0c                HAL_TIM_PWM_ConfigChannel
 .text.HAL_TIM_ConfigClockSource
                0x0000000008008d88      0x188 Drivers/STM32F1xx_HAL_Driver/Src/stm32f1xx_hal_tim.o
                0x0000000008008d88                HAL_TIM_ConfigClockSource
 .text.HAL_TIM_PeriodElapsedCallback
                0x0000000008008f10       0x12 Drivers/STM32F1xx_HAL_Driver/Src/stm32f1xx_hal_tim.o
                0x0000000008008f10                HAL_TIM_PeriodElapsedCallback
 .text.HAL_TIM_OC_DelayElapsedCallback
                0x0000000008008f22       0x12 Drivers/STM32F1xx_HAL_Driver/Src/stm32f1xx_hal_tim.o
                0x0000000008008f22                HAL_TIM_OC_DelayElapsedCallback
 .text.HAL_TIM_IC_CaptureCallback
                0x0000000008008f34       0x12 Drivers/STM32F1xx_HAL_Driver/Src/stm32f1xx_hal_tim.o
                0x0000000008008f34                HAL_TIM_IC_CaptureCallback
 .text.HAL_TIM_PWM_PulseFinishedCallback
                0x0000000008008f46       0x12 Drivers/STM32F1xx_HAL_Driver/Src/stm32f1xx_hal_tim.o
                0x0000000008008f46                HAL_TIM_PWM_PulseFinishedCallback
 .text.HAL_TIM_TriggerCallback
                0x0000000008008f58       0x12 Drivers/STM32F1xx_HAL_Driver/Src/stm32f1xx_hal_tim.o
                0x0000000008008f58                HAL_TIM_TriggerCallback
 *fill*         0x0000000008008f6a        0x2 
 .text.TIM_Base_SetConfig
                0x0000000008008f6c       0xc4 Drivers/STM32F1xx_HAL_Driver/Src/stm32f1xx_hal_tim.o
                0x0000000008008f6c                TIM_Base_SetConfig
 .text.TIM_OC1_SetConfig
                0x0000000008009030       0xcc Drivers/STM32F1xx_HAL_Driver/Src/stm32f1xx_hal_tim.o
 .text.TIM_OC2_SetConfig
                0x00000000080090fc       0xd4 Drivers/STM32F1xx_HAL_Driver/Src/stm32f1xx_hal_tim.o
                0x00000000080090fc                TIM_OC2_SetConfig
 .text.TIM_OC3_SetConfig
                0x00000000080091d0       0xd4 Drivers/STM32F1xx_HAL_Driver/Src/stm32f1xx_hal_tim.o
 .text.TIM_OC4_SetConfig
                0x00000000080092a4       0x9c Drivers/STM32F1xx_HAL_Driver/Src/stm32f1xx_hal_tim.o
 .text.TIM_TI1_ConfigInputStage
                0x0000000008009340       0x5c Drivers/STM32F1xx_HAL_Driver/Src/stm32f1xx_hal_tim.o
 .text.TIM_TI2_ConfigInputStage
                0x000000000800939c       0x5e Drivers/STM32F1xx_HAL_Driver/Src/stm32f1xx_hal_tim.o
 .text.TIM_ITRx_SetConfig
                0x00000000080093fa       0x34 Drivers/STM32F1xx_HAL_Driver/Src/stm32f1xx_hal_tim.o
 .text.TIM_ETR_SetConfig
                0x000000000800942e       0x3e Drivers/STM32F1xx_HAL_Driver/Src/stm32f1xx_hal_tim.o
                0x000000000800942e                TIM_ETR_SetConfig
 .text.HAL_TIMEx_MasterConfigSynchronization
                0x000000000800946c       0xbc Drivers/STM32F1xx_HAL_Driver/Src/stm32f1xx_hal_tim_ex.o
                0x000000000800946c                HAL_TIMEx_MasterConfigSynchronization
 .text.HAL_TIMEx_CommutCallback
                0x0000000008009528       0x12 Drivers/STM32F1xx_HAL_Driver/Src/stm32f1xx_hal_tim_ex.o
                0x0000000008009528                HAL_TIMEx_CommutCallback
 .text.HAL_TIMEx_BreakCallback
                0x000000000800953a       0x12 Drivers/STM32F1xx_HAL_Driver/Src/stm32f1xx_hal_tim_ex.o
                0x000000000800953a                HAL_TIMEx_BreakCallback
 .text.HAL_UART_Init
                0x000000000800954c       0x9a Drivers/STM32F1xx_HAL_Driver/Src/stm32f1xx_hal_uart.o
                0x000000000800954c                HAL_UART_Init
 *fill*         0x00000000080095e6        0x2 
 .text.HAL_UART_IRQHandler
                0x00000000080095e8      0x354 Drivers/STM32F1xx_HAL_Driver/Src/stm32f1xx_hal_uart.o
                0x00000000080095e8                HAL_UART_IRQHandler
 .text.HAL_UART_TxCpltCallback
                0x000000000800993c       0x12 Drivers/STM32F1xx_HAL_Driver/Src/stm32f1xx_hal_uart.o
                0x000000000800993c                HAL_UART_TxCpltCallback
 .text.HAL_UART_RxCpltCallback
                0x000000000800994e       0x12 Drivers/STM32F1xx_HAL_Driver/Src/stm32f1xx_hal_uart.o
                0x000000000800994e                HAL_UART_RxCpltCallback
 .text.HAL_UART_ErrorCallback
                0x0000000008009960       0x12 Drivers/STM32F1xx_HAL_Driver/Src/stm32f1xx_hal_uart.o
                0x0000000008009960                HAL_UART_ErrorCallback
 .text.HAL_UARTEx_RxEventCallback
                0x0000000008009972       0x16 Drivers/STM32F1xx_HAL_Driver/Src/stm32f1xx_hal_uart.o
                0x0000000008009972                HAL_UARTEx_RxEventCallback
 .text.UART_EndRxTransfer
                0x0000000008009988       0x58 Drivers/STM32F1xx_HAL_Driver/Src/stm32f1xx_hal_uart.o
 .text.UART_DMAAbortOnError
                0x00000000080099e0       0x28 Drivers/STM32F1xx_HAL_Driver/Src/stm32f1xx_hal_uart.o
 .text.UART_Transmit_IT
                0x0000000008009a08       0x9e Drivers/STM32F1xx_HAL_Driver/Src/stm32f1xx_hal_uart.o
 .text.UART_EndTransmit_IT
                0x0000000008009aa6       0x30 Drivers/STM32F1xx_HAL_Driver/Src/stm32f1xx_hal_uart.o
 .text.UART_Receive_IT
                0x0000000008009ad6      0x152 Drivers/STM32F1xx_HAL_Driver/Src/stm32f1xx_hal_uart.o
 .text.UART_SetConfig
                0x0000000008009c28      0x11c Drivers/STM32F1xx_HAL_Driver/Src/stm32f1xx_hal_uart.o
 .text.USB_CoreInit
                0x0000000008009d44       0x20 Drivers/STM32F1xx_HAL_Driver/Src/stm32f1xx_ll_usb.o
                0x0000000008009d44                USB_CoreInit
 .text.USB_EnableGlobalInt
                0x0000000008009d64       0x2c Drivers/STM32F1xx_HAL_Driver/Src/stm32f1xx_ll_usb.o
                0x0000000008009d64                USB_EnableGlobalInt
 .text.USB_DisableGlobalInt
                0x0000000008009d90       0x34 Drivers/STM32F1xx_HAL_Driver/Src/stm32f1xx_ll_usb.o
                0x0000000008009d90                USB_DisableGlobalInt
 .text.USB_SetCurrentMode
                0x0000000008009dc4       0x18 Drivers/STM32F1xx_HAL_Driver/Src/stm32f1xx_ll_usb.o
                0x0000000008009dc4                USB_SetCurrentMode
 .text.USB_DevInit
                0x0000000008009ddc       0x40 Drivers/STM32F1xx_HAL_Driver/Src/stm32f1xx_ll_usb.o
                0x0000000008009ddc                USB_DevInit
 .text.USB_ActivateEndpoint
                0x0000000008009e1c      0x6d4 Drivers/STM32F1xx_HAL_Driver/Src/stm32f1xx_ll_usb.o
                0x0000000008009e1c                USB_ActivateEndpoint
 .text.USB_DeactivateEndpoint
                0x000000000800a4f0      0x3d8 Drivers/STM32F1xx_HAL_Driver/Src/stm32f1xx_ll_usb.o
                0x000000000800a4f0                USB_DeactivateEndpoint
 .text.USB_EPStartXfer
                0x000000000800a8c8     0x15ee Drivers/STM32F1xx_HAL_Driver/Src/stm32f1xx_ll_usb.o
                0x000000000800a8c8                USB_EPStartXfer
 .text.USB_EPSetStall
                0x000000000800beb6       0xa0 Drivers/STM32F1xx_HAL_Driver/Src/stm32f1xx_ll_usb.o
                0x000000000800beb6                USB_EPSetStall
 .text.USB_EPClearStall
                0x000000000800bf56      0x15a Drivers/STM32F1xx_HAL_Driver/Src/stm32f1xx_ll_usb.o
                0x000000000800bf56                USB_EPClearStall
 .text.USB_SetDevAddress
                0x000000000800c0b0       0x26 Drivers/STM32F1xx_HAL_Driver/Src/stm32f1xx_ll_usb.o
                0x000000000800c0b0                USB_SetDevAddress
 .text.USB_DevConnect
                0x000000000800c0d6       0x14 Drivers/STM32F1xx_HAL_Driver/Src/stm32f1xx_ll_usb.o
                0x000000000800c0d6                USB_DevConnect
 .text.USB_DevDisconnect
                0x000000000800c0ea       0x14 Drivers/STM32F1xx_HAL_Driver/Src/stm32f1xx_ll_usb.o
                0x000000000800c0ea                USB_DevDisconnect
 .text.USB_ReadInterrupts
                0x000000000800c0fe       0x1e Drivers/STM32F1xx_HAL_Driver/Src/stm32f1xx_ll_usb.o
                0x000000000800c0fe                USB_ReadInterrupts
 .text.USB_EP0_OutStart
                0x000000000800c11c       0x16 Drivers/STM32F1xx_HAL_Driver/Src/stm32f1xx_ll_usb.o
                0x000000000800c11c                USB_EP0_OutStart
 .text.USB_WritePMA
                0x000000000800c132       0x8a Drivers/STM32F1xx_HAL_Driver/Src/stm32f1xx_ll_usb.o
                0x000000000800c132                USB_WritePMA
 .text.USB_ReadPMA
                0x000000000800c1bc       0x9e Drivers/STM32F1xx_HAL_Driver/Src/stm32f1xx_ll_usb.o
                0x000000000800c1bc                USB_ReadPMA
 *fill*         0x000000000800c25a        0x2 
 .text.MX_FATFS_Init
                0x000000000800c25c       0x24 FATFS/App/fatfs.o
                0x000000000800c25c                MX_FATFS_Init
 .text.USER_initialize
                0x000000000800c280       0x24 FATFS/Target/user_diskio.o
                0x000000000800c280                USER_initialize
 .text.USER_status
                0x000000000800c2a4       0x24 FATFS/Target/user_diskio.o
                0x000000000800c2a4                USER_status
 .text.USER_read
                0x000000000800c2c8       0x1c FATFS/Target/user_diskio.o
                0x000000000800c2c8                USER_read
 .text.USER_write
                0x000000000800c2e4       0x1c FATFS/Target/user_diskio.o
                0x000000000800c2e4                USER_write
 .text.USER_ioctl
                0x000000000800c300       0x20 FATFS/Target/user_diskio.o
                0x000000000800c300                USER_ioctl
 .text.USBD_CDC_Init
                0x000000000800c320       0xf4 Middlewares/ST/STM32_USB_Device_Library/Class/CDC/Src/usbd_cdc.o
 .text.USBD_CDC_DeInit
                0x000000000800c414       0x6e Middlewares/ST/STM32_USB_Device_Library/Class/CDC/Src/usbd_cdc.o
 .text.USBD_CDC_Setup
                0x000000000800c482      0x146 Middlewares/ST/STM32_USB_Device_Library/Class/CDC/Src/usbd_cdc.o
 .text.USBD_CDC_DataIn
                0x000000000800c5c8       0xa6 Middlewares/ST/STM32_USB_Device_Library/Class/CDC/Src/usbd_cdc.o
 .text.USBD_CDC_DataOut
                0x000000000800c66e       0x56 Middlewares/ST/STM32_USB_Device_Library/Class/CDC/Src/usbd_cdc.o
 .text.USBD_CDC_EP0_RxReady
                0x000000000800c6c4       0x50 Middlewares/ST/STM32_USB_Device_Library/Class/CDC/Src/usbd_cdc.o
 .text.USBD_CDC_GetFSCfgDesc
                0x000000000800c714       0x20 Middlewares/ST/STM32_USB_Device_Library/Class/CDC/Src/usbd_cdc.o
 .text.USBD_CDC_GetHSCfgDesc
                0x000000000800c734       0x20 Middlewares/ST/STM32_USB_Device_Library/Class/CDC/Src/usbd_cdc.o
 .text.USBD_CDC_GetOtherSpeedCfgDesc
                0x000000000800c754       0x20 Middlewares/ST/STM32_USB_Device_Library/Class/CDC/Src/usbd_cdc.o
 .text.USBD_CDC_GetDeviceQualifierDescriptor
                0x000000000800c774       0x20 Middlewares/ST/STM32_USB_Device_Library/Class/CDC/Src/usbd_cdc.o
                0x000000000800c774                USBD_CDC_GetDeviceQualifierDescriptor
 .text.USBD_CDC_RegisterInterface
                0x000000000800c794       0x2c Middlewares/ST/STM32_USB_Device_Library/Class/CDC/Src/usbd_cdc.o
                0x000000000800c794                USBD_CDC_RegisterInterface
 .text.USBD_CDC_SetTxBuffer
                0x000000000800c7c0       0x32 Middlewares/ST/STM32_USB_Device_Library/Class/CDC/Src/usbd_cdc.o
                0x000000000800c7c0                USBD_CDC_SetTxBuffer
 .text.USBD_CDC_SetRxBuffer
                0x000000000800c7f2       0x26 Middlewares/ST/STM32_USB_Device_Library/Class/CDC/Src/usbd_cdc.o
                0x000000000800c7f2                USBD_CDC_SetRxBuffer
 .text.USBD_CDC_TransmitPacket
                0x000000000800c818       0x5e Middlewares/ST/STM32_USB_Device_Library/Class/CDC/Src/usbd_cdc.o
                0x000000000800c818                USBD_CDC_TransmitPacket
 .text.USBD_CDC_ReceivePacket
                0x000000000800c876       0x54 Middlewares/ST/STM32_USB_Device_Library/Class/CDC/Src/usbd_cdc.o
                0x000000000800c876                USBD_CDC_ReceivePacket
 .text.USBD_Init
                0x000000000800c8ca       0x56 Middlewares/ST/STM32_USB_Device_Library/Core/Src/usbd_core.o
                0x000000000800c8ca                USBD_Init
 .text.USBD_RegisterClass
                0x000000000800c920       0x32 Middlewares/ST/STM32_USB_Device_Library/Core/Src/usbd_core.o
                0x000000000800c920                USBD_RegisterClass
 .text.USBD_Start
                0x000000000800c952       0x18 Middlewares/ST/STM32_USB_Device_Library/Core/Src/usbd_core.o
                0x000000000800c952                USBD_Start
 .text.USBD_RunTestMode
                0x000000000800c96a       0x14 Middlewares/ST/STM32_USB_Device_Library/Core/Src/usbd_core.o
                0x000000000800c96a                USBD_RunTestMode
 .text.USBD_SetClassConfig
                0x000000000800c97e       0x3e Middlewares/ST/STM32_USB_Device_Library/Core/Src/usbd_core.o
                0x000000000800c97e                USBD_SetClassConfig
 .text.USBD_ClrClassConfig
                0x000000000800c9bc       0x26 Middlewares/ST/STM32_USB_Device_Library/Core/Src/usbd_core.o
                0x000000000800c9bc                USBD_ClrClassConfig
 .text.USBD_LL_SetupStage
                0x000000000800c9e2       0x9a Middlewares/ST/STM32_USB_Device_Library/Core/Src/usbd_core.o
                0x000000000800c9e2                USBD_LL_SetupStage
 .text.USBD_LL_DataOutStage
                0x000000000800ca7c       0xe2 Middlewares/ST/STM32_USB_Device_Library/Core/Src/usbd_core.o
                0x000000000800ca7c                USBD_LL_DataOutStage
 .text.USBD_LL_DataInStage
                0x000000000800cb5e      0x14a Middlewares/ST/STM32_USB_Device_Library/Core/Src/usbd_core.o
                0x000000000800cb5e                USBD_LL_DataInStage
 .text.USBD_LL_Reset
                0x000000000800cca8       0x82 Middlewares/ST/STM32_USB_Device_Library/Core/Src/usbd_core.o
                0x000000000800cca8                USBD_LL_Reset
 .text.USBD_LL_SetSpeed
                0x000000000800cd2a       0x1e Middlewares/ST/STM32_USB_Device_Library/Core/Src/usbd_core.o
                0x000000000800cd2a                USBD_LL_SetSpeed
 .text.USBD_LL_Suspend
                0x000000000800cd48       0x28 Middlewares/ST/STM32_USB_Device_Library/Core/Src/usbd_core.o
                0x000000000800cd48                USBD_LL_Suspend
 .text.USBD_LL_Resume
                0x000000000800cd70       0x2a Middlewares/ST/STM32_USB_Device_Library/Core/Src/usbd_core.o
                0x000000000800cd70                USBD_LL_Resume
 .text.USBD_LL_SOF
                0x000000000800cd9a       0x34 Middlewares/ST/STM32_USB_Device_Library/Core/Src/usbd_core.o
                0x000000000800cd9a                USBD_LL_SOF
 *fill*         0x000000000800cdce        0x2 
 .text.USBD_StdDevReq
                0x000000000800cdd0       0xd4 Middlewares/ST/STM32_USB_Device_Library/Core/Src/usbd_ctlreq.o
                0x000000000800cdd0                USBD_StdDevReq
 .text.USBD_StdItfReq
                0x000000000800cea4       0x90 Middlewares/ST/STM32_USB_Device_Library/Core/Src/usbd_ctlreq.o
                0x000000000800cea4                USBD_StdItfReq
 .text.USBD_StdEPReq
                0x000000000800cf34      0x2c6 Middlewares/ST/STM32_USB_Device_Library/Core/Src/usbd_ctlreq.o
                0x000000000800cf34                USBD_StdEPReq
 *fill*         0x000000000800d1fa        0x2 
 .text.USBD_GetDescriptor
                0x000000000800d1fc      0x2d0 Middlewares/ST/STM32_USB_Device_Library/Core/Src/usbd_ctlreq.o
 .text.USBD_SetAddress
                0x000000000800d4cc       0x86 Middlewares/ST/STM32_USB_Device_Library/Core/Src/usbd_ctlreq.o
 *fill*         0x000000000800d552        0x2 
 .text.USBD_SetConfig
                0x000000000800d554      0x11c Middlewares/ST/STM32_USB_Device_Library/Core/Src/usbd_ctlreq.o
 .text.USBD_GetConfig
                0x000000000800d670       0x6a Middlewares/ST/STM32_USB_Device_Library/Core/Src/usbd_ctlreq.o
 .text.USBD_GetStatus
                0x000000000800d6da       0x66 Middlewares/ST/STM32_USB_Device_Library/Core/Src/usbd_ctlreq.o
 .text.USBD_SetFeature
                0x000000000800d740       0x28 Middlewares/ST/STM32_USB_Device_Library/Core/Src/usbd_ctlreq.o
 .text.USBD_ClrFeature
                0x000000000800d768       0x42 Middlewares/ST/STM32_USB_Device_Library/Core/Src/usbd_ctlreq.o
 .text.USBD_ParseSetupRequest
                0x000000000800d7aa       0x78 Middlewares/ST/STM32_USB_Device_Library/Core/Src/usbd_ctlreq.o
                0x000000000800d7aa                USBD_ParseSetupRequest
 .text.USBD_CtlError
                0x000000000800d822       0x22 Middlewares/ST/STM32_USB_Device_Library/Core/Src/usbd_ctlreq.o
                0x000000000800d822                USBD_CtlError
 .text.USBD_GetString
                0x000000000800d844       0x84 Middlewares/ST/STM32_USB_Device_Library/Core/Src/usbd_ctlreq.o
                0x000000000800d844                USBD_GetString
 .text.USBD_GetLen
                0x000000000800d8c8       0x2e Middlewares/ST/STM32_USB_Device_Library/Core/Src/usbd_ctlreq.o
 .text.USBD_CtlSendData
                0x000000000800d8f6       0x38 Middlewares/ST/STM32_USB_Device_Library/Core/Src/usbd_ioreq.o
                0x000000000800d8f6                USBD_CtlSendData
 .text.USBD_CtlContinueSendData
                0x000000000800d92e       0x24 Middlewares/ST/STM32_USB_Device_Library/Core/Src/usbd_ioreq.o
                0x000000000800d92e                USBD_CtlContinueSendData
 .text.USBD_CtlPrepareRx
                0x000000000800d952       0x3c Middlewares/ST/STM32_USB_Device_Library/Core/Src/usbd_ioreq.o
                0x000000000800d952                USBD_CtlPrepareRx
 .text.USBD_CtlContinueRx
                0x000000000800d98e       0x24 Middlewares/ST/STM32_USB_Device_Library/Core/Src/usbd_ioreq.o
                0x000000000800d98e                USBD_CtlContinueRx
 .text.USBD_CtlSendStatus
                0x000000000800d9b2       0x26 Middlewares/ST/STM32_USB_Device_Library/Core/Src/usbd_ioreq.o
                0x000000000800d9b2                USBD_CtlSendStatus
 .text.USBD_CtlReceiveStatus
                0x000000000800d9d8       0x26 Middlewares/ST/STM32_USB_Device_Library/Core/Src/usbd_ioreq.o
                0x000000000800d9d8                USBD_CtlReceiveStatus
 *fill*         0x000000000800d9fe        0x2 
 .text.FATFS_LinkDriverEx
                0x000000000800da00       0x94 Middlewares/Third_Party/FatFs/src/ff_gen_drv.o
                0x000000000800da00                FATFS_LinkDriverEx
 .text.FATFS_LinkDriver
                0x000000000800da94       0x1e Middlewares/Third_Party/FatFs/src/ff_gen_drv.o
                0x000000000800da94                FATFS_LinkDriver
 *fill*         0x000000000800dab2        0x2 
 .text.MX_USB_DEVICE_Init
                0x000000000800dab4       0x60 USB_DEVICE/App/usb_device.o
                0x000000000800dab4                MX_USB_DEVICE_Init
 .text.CDC_Init_FS
                0x000000000800db14       0x28 USB_DEVICE/App/usbd_cdc_if.o
 .text.CDC_DeInit_FS
                0x000000000800db3c        0xe USB_DEVICE/App/usbd_cdc_if.o
 *fill*         0x000000000800db4a        0x2 
 .text.CDC_Control_FS
                0x000000000800db4c       0xbc USB_DEVICE/App/usbd_cdc_if.o
 .text.CDC_Receive_FS
                0x000000000800dc08       0x44 USB_DEVICE/App/usbd_cdc_if.o
 .text.CDC_Transmit_FS
                0x000000000800dc4c       0x4c USB_DEVICE/App/usbd_cdc_if.o
                0x000000000800dc4c                CDC_Transmit_FS
 .text.USBD_FS_DeviceDescriptor
                0x000000000800dc98       0x24 USB_DEVICE/App/usbd_desc.o
                0x000000000800dc98                USBD_FS_DeviceDescriptor
 .text.USBD_FS_LangIDStrDescriptor
                0x000000000800dcbc       0x24 USB_DEVICE/App/usbd_desc.o
                0x000000000800dcbc                USBD_FS_LangIDStrDescriptor
 .text.USBD_FS_ProductStrDescriptor
                0x000000000800dce0       0x3c USB_DEVICE/App/usbd_desc.o
                0x000000000800dce0                USBD_FS_ProductStrDescriptor
 .text.USBD_FS_ManufacturerStrDescriptor
                0x000000000800dd1c       0x28 USB_DEVICE/App/usbd_desc.o
                0x000000000800dd1c                USBD_FS_ManufacturerStrDescriptor
 .text.USBD_FS_SerialStrDescriptor
                0x000000000800dd44       0x24 USB_DEVICE/App/usbd_desc.o
                0x000000000800dd44                USBD_FS_SerialStrDescriptor
 .text.USBD_FS_ConfigStrDescriptor
                0x000000000800dd68       0x3c USB_DEVICE/App/usbd_desc.o
                0x000000000800dd68                USBD_FS_ConfigStrDescriptor
 .text.USBD_FS_InterfaceStrDescriptor
                0x000000000800dda4       0x3c USB_DEVICE/App/usbd_desc.o
                0x000000000800dda4                USBD_FS_InterfaceStrDescriptor
 .text.Get_SerialNum
                0x000000000800dde0       0x58 USB_DEVICE/App/usbd_desc.o
 .text.IntToUnicode
                0x000000000800de38       0x7c USB_DEVICE/App/usbd_desc.o
 .text.HAL_PCD_MspInit
                0x000000000800deb4       0x4c USB_DEVICE/Target/usbd_conf.o
                0x000000000800deb4                HAL_PCD_MspInit
 .text.HAL_PCD_SetupStageCallback
                0x000000000800df00       0x24 USB_DEVICE/Target/usbd_conf.o
                0x000000000800df00                HAL_PCD_SetupStageCallback
 .text.HAL_PCD_DataOutStageCallback
                0x000000000800df24       0x36 USB_DEVICE/Target/usbd_conf.o
                0x000000000800df24                HAL_PCD_DataOutStageCallback
 .text.HAL_PCD_DataInStageCallback
                0x000000000800df5a       0x34 USB_DEVICE/Target/usbd_conf.o
                0x000000000800df5a                HAL_PCD_DataInStageCallback
 .text.HAL_PCD_SOFCallback
                0x000000000800df8e       0x1c USB_DEVICE/Target/usbd_conf.o
                0x000000000800df8e                HAL_PCD_SOFCallback
 .text.HAL_PCD_ResetCallback
                0x000000000800dfaa       0x3c USB_DEVICE/Target/usbd_conf.o
                0x000000000800dfaa                HAL_PCD_ResetCallback
 *fill*         0x000000000800dfe6        0x2 
 .text.HAL_PCD_SuspendCallback
                0x000000000800dfe8       0x34 USB_DEVICE/Target/usbd_conf.o
                0x000000000800dfe8                HAL_PCD_SuspendCallback
 .text.HAL_PCD_ResumeCallback
                0x000000000800e01c       0x1c USB_DEVICE/Target/usbd_conf.o
                0x000000000800e01c                HAL_PCD_ResumeCallback
 .text.USBD_LL_Init
                0x000000000800e038       0xb4 USB_DEVICE/Target/usbd_conf.o
                0x000000000800e038                USBD_LL_Init
 .text.USBD_LL_Start
                0x000000000800e0ec       0x36 USB_DEVICE/Target/usbd_conf.o
                0x000000000800e0ec                USBD_LL_Start
 .text.USBD_LL_OpenEP
                0x000000000800e122       0x4c USB_DEVICE/Target/usbd_conf.o
                0x000000000800e122                USBD_LL_OpenEP
 .text.USBD_LL_CloseEP
                0x000000000800e16e       0x3e USB_DEVICE/Target/usbd_conf.o
                0x000000000800e16e                USBD_LL_CloseEP
 .text.USBD_LL_StallEP
                0x000000000800e1ac       0x3e USB_DEVICE/Target/usbd_conf.o
                0x000000000800e1ac                USBD_LL_StallEP
 .text.USBD_LL_ClearStallEP
                0x000000000800e1ea       0x3e USB_DEVICE/Target/usbd_conf.o
                0x000000000800e1ea                USBD_LL_ClearStallEP
 .text.USBD_LL_IsStallEP
                0x000000000800e228       0x58 USB_DEVICE/Target/usbd_conf.o
                0x000000000800e228                USBD_LL_IsStallEP
 .text.USBD_LL_SetUSBAddress
                0x000000000800e280       0x3e USB_DEVICE/Target/usbd_conf.o
                0x000000000800e280                USBD_LL_SetUSBAddress
 .text.USBD_LL_Transmit
                0x000000000800e2be       0x46 USB_DEVICE/Target/usbd_conf.o
                0x000000000800e2be                USBD_LL_Transmit
 .text.USBD_LL_PrepareReceive
                0x000000000800e304       0x46 USB_DEVICE/Target/usbd_conf.o
                0x000000000800e304                USBD_LL_PrepareReceive
 .text.USBD_LL_GetRxDataSize
                0x000000000800e34a       0x26 USB_DEVICE/Target/usbd_conf.o
                0x000000000800e34a                USBD_LL_GetRxDataSize
 .text.USBD_static_malloc
                0x000000000800e370       0x18 USB_DEVICE/Target/usbd_conf.o
                0x000000000800e370                USBD_static_malloc
 .text.USBD_static_free
                0x000000000800e388       0x12 USB_DEVICE/Target/usbd_conf.o
                0x000000000800e388                USBD_static_free
 .text.HAL_PCDEx_SetConnectionState
                0x000000000800e39a       0x16 USB_DEVICE/Target/usbd_conf.o
                0x000000000800e39a                HAL_PCDEx_SetConnectionState
 .text.USBD_Get_USB_Status
                0x000000000800e3b0       0x58 USB_DEVICE/Target/usbd_conf.o
 .text.__errno  0x000000000800e408        0xc /opt/stm32cubeide/plugins/com.st.stm32cube.ide.mcu.externaltools.gnu-tools-for-stm32.9-2020-q2-update.linux64_1.5.0.202011040924/tools/bin/../lib/gcc/arm-none-eabi/9.3.1/../../../../arm-none-eabi/lib/thumb/v7-m/nofp/libc_nano.a(lib_a-errno.o)
                0x000000000800e408                __errno
 .text.__libc_init_array
                0x000000000800e414       0x48 /opt/stm32cubeide/plugins/com.st.stm32cube.ide.mcu.externaltools.gnu-tools-for-stm32.9-2020-q2-update.linux64_1.5.0.202011040924/tools/bin/../lib/gcc/arm-none-eabi/9.3.1/../../../../arm-none-eabi/lib/thumb/v7-m/nofp/libc_nano.a(lib_a-init.o)
                0x000000000800e414                __libc_init_array
 .text.memset   0x000000000800e45c       0x10 /opt/stm32cubeide/plugins/com.st.stm32cube.ide.mcu.externaltools.gnu-tools-for-stm32.9-2020-q2-update.linux64_1.5.0.202011040924/tools/bin/../lib/gcc/arm-none-eabi/9.3.1/../../../../arm-none-eabi/lib/thumb/v7-m/nofp/libc_nano.a(lib_a-memset.o)
                0x000000000800e45c                memset
 .text.sprintf  0x000000000800e46c       0x40 /opt/stm32cubeide/plugins/com.st.stm32cube.ide.mcu.externaltools.gnu-tools-for-stm32.9-2020-q2-update.linux64_1.5.0.202011040924/tools/bin/../lib/gcc/arm-none-eabi/9.3.1/../../../../arm-none-eabi/lib/thumb/v7-m/nofp/libc_nano.a(lib_a-sprintf.o)
                0x000000000800e46c                sprintf
                0x000000000800e46c                siprintf
 .text.strcpy   0x000000000800e4ac       0x10 /opt/stm32cubeide/plugins/com.st.stm32cube.ide.mcu.externaltools.gnu-tools-for-stm32.9-2020-q2-update.linux64_1.5.0.202011040924/tools/bin/../lib/gcc/arm-none-eabi/9.3.1/../../../../arm-none-eabi/lib/thumb/v7-m/nofp/libc_nano.a(lib_a-strcpy.o)
                0x000000000800e4ac                strcpy
 .text.strncpy  0x000000000800e4bc       0x26 /opt/stm32cubeide/plugins/com.st.stm32cube.ide.mcu.externaltools.gnu-tools-for-stm32.9-2020-q2-update.linux64_1.5.0.202011040924/tools/bin/../lib/gcc/arm-none-eabi/9.3.1/../../../../arm-none-eabi/lib/thumb/v7-m/nofp/libc_nano.a(lib_a-strncpy.o)
                0x000000000800e4bc                strncpy
 .text.__ssputs_r
                0x000000000800e4e2       0xb6 /opt/stm32cubeide/plugins/com.st.stm32cube.ide.mcu.externaltools.gnu-tools-for-stm32.9-2020-q2-update.linux64_1.5.0.202011040924/tools/bin/../lib/gcc/arm-none-eabi/9.3.1/../../../../arm-none-eabi/lib/thumb/v7-m/nofp/libc_nano.a(lib_a-nano-svfprintf.o)
                0x000000000800e4e2                __ssputs_r
 .text._svfprintf_r
                0x000000000800e598      0x200 /opt/stm32cubeide/plugins/com.st.stm32cube.ide.mcu.externaltools.gnu-tools-for-stm32.9-2020-q2-update.linux64_1.5.0.202011040924/tools/bin/../lib/gcc/arm-none-eabi/9.3.1/../../../../arm-none-eabi/lib/thumb/v7-m/nofp/libc_nano.a(lib_a-nano-svfprintf.o)
                0x000000000800e598                _svfprintf_r
                0x000000000800e598                _svfiprintf_r
 .text._printf_common
                0x000000000800e798       0xde /opt/stm32cubeide/plugins/com.st.stm32cube.ide.mcu.externaltools.gnu-tools-for-stm32.9-2020-q2-update.linux64_1.5.0.202011040924/tools/bin/../lib/gcc/arm-none-eabi/9.3.1/../../../../arm-none-eabi/lib/thumb/v7-m/nofp/libc_nano.a(lib_a-nano-vfprintf_i.o)
                0x000000000800e798                _printf_common
 *fill*         0x000000000800e876        0x2 
 .text._printf_i
                0x000000000800e878      0x24c /opt/stm32cubeide/plugins/com.st.stm32cube.ide.mcu.externaltools.gnu-tools-for-stm32.9-2020-q2-update.linux64_1.5.0.202011040924/tools/bin/../lib/gcc/arm-none-eabi/9.3.1/../../../../arm-none-eabi/lib/thumb/v7-m/nofp/libc_nano.a(lib_a-nano-vfprintf_i.o)
                0x000000000800e878                _printf_i
 .text.memchr   0x000000000800eac4       0x1c /opt/stm32cubeide/plugins/com.st.stm32cube.ide.mcu.externaltools.gnu-tools-for-stm32.9-2020-q2-update.linux64_1.5.0.202011040924/tools/bin/../lib/gcc/arm-none-eabi/9.3.1/../../../../arm-none-eabi/lib/thumb/v7-m/nofp/libc_nano.a(lib_a-memchr-stub.o)
                0x000000000800eac4                memchr
 .text.memcpy   0x000000000800eae0       0x1c /opt/stm32cubeide/plugins/com.st.stm32cube.ide.mcu.externaltools.gnu-tools-for-stm32.9-2020-q2-update.linux64_1.5.0.202011040924/tools/bin/../lib/gcc/arm-none-eabi/9.3.1/../../../../arm-none-eabi/lib/thumb/v7-m/nofp/libc_nano.a(lib_a-memcpy-stub.o)
                0x000000000800eae0                memcpy
 .text.memmove  0x000000000800eafc       0x34 /opt/stm32cubeide/plugins/com.st.stm32cube.ide.mcu.externaltools.gnu-tools-for-stm32.9-2020-q2-update.linux64_1.5.0.202011040924/tools/bin/../lib/gcc/arm-none-eabi/9.3.1/../../../../arm-none-eabi/lib/thumb/v7-m/nofp/libc_nano.a(lib_a-memmove.o)
                0x000000000800eafc                memmove
 .text._free_r  0x000000000800eb30       0x98 /opt/stm32cubeide/plugins/com.st.stm32cube.ide.mcu.externaltools.gnu-tools-for-stm32.9-2020-q2-update.linux64_1.5.0.202011040924/tools/bin/../lib/gcc/arm-none-eabi/9.3.1/../../../../arm-none-eabi/lib/thumb/v7-m/nofp/libc_nano.a(lib_a-nano-freer.o)
                0x000000000800eb30                _free_r
 .text._malloc_r
                0x000000000800ebc8       0xb4 /opt/stm32cubeide/plugins/com.st.stm32cube.ide.mcu.externaltools.gnu-tools-for-stm32.9-2020-q2-update.linux64_1.5.0.202011040924/tools/bin/../lib/gcc/arm-none-eabi/9.3.1/../../../../arm-none-eabi/lib/thumb/v7-m/nofp/libc_nano.a(lib_a-nano-mallocr.o)
                0x000000000800ebc8                _malloc_r
 .text._realloc_r
                0x000000000800ec7c       0x4c /opt/stm32cubeide/plugins/com.st.stm32cube.ide.mcu.externaltools.gnu-tools-for-stm32.9-2020-q2-update.linux64_1.5.0.202011040924/tools/bin/../lib/gcc/arm-none-eabi/9.3.1/../../../../arm-none-eabi/lib/thumb/v7-m/nofp/libc_nano.a(lib_a-nano-reallocr.o)
                0x000000000800ec7c                _realloc_r
 .text._sbrk_r  0x000000000800ecc8       0x20 /opt/stm32cubeide/plugins/com.st.stm32cube.ide.mcu.externaltools.gnu-tools-for-stm32.9-2020-q2-update.linux64_1.5.0.202011040924/tools/bin/../lib/gcc/arm-none-eabi/9.3.1/../../../../arm-none-eabi/lib/thumb/v7-m/nofp/libc_nano.a(lib_a-sbrkr.o)
                0x000000000800ecc8                _sbrk_r
 .text.__malloc_lock
                0x000000000800ece8        0xc /opt/stm32cubeide/plugins/com.st.stm32cube.ide.mcu.externaltools.gnu-tools-for-stm32.9-2020-q2-update.linux64_1.5.0.202011040924/tools/bin/../lib/gcc/arm-none-eabi/9.3.1/../../../../arm-none-eabi/lib/thumb/v7-m/nofp/libc_nano.a(lib_a-mlock.o)
                0x000000000800ece8                __malloc_lock
 .text.__malloc_unlock
                0x000000000800ecf4        0xc /opt/stm32cubeide/plugins/com.st.stm32cube.ide.mcu.externaltools.gnu-tools-for-stm32.9-2020-q2-update.linux64_1.5.0.202011040924/tools/bin/../lib/gcc/arm-none-eabi/9.3.1/../../../../arm-none-eabi/lib/thumb/v7-m/nofp/libc_nano.a(lib_a-mlock.o)
                0x000000000800ecf4                __malloc_unlock
 .text._malloc_usable_size_r
                0x000000000800ed00       0x10 /opt/stm32cubeide/plugins/com.st.stm32cube.ide.mcu.externaltools.gnu-tools-for-stm32.9-2020-q2-update.linux64_1.5.0.202011040924/tools/bin/../lib/gcc/arm-none-eabi/9.3.1/../../../../arm-none-eabi/lib/thumb/v7-m/nofp/libc_nano.a(lib_a-nano-msizer.o)
                0x000000000800ed00                _malloc_usable_size_r
 .text.__retarget_lock_acquire_recursive
                0x000000000800ed10        0x2 /opt/stm32cubeide/plugins/com.st.stm32cube.ide.mcu.externaltools.gnu-tools-for-stm32.9-2020-q2-update.linux64_1.5.0.202011040924/tools/bin/../lib/gcc/arm-none-eabi/9.3.1/../../../../arm-none-eabi/lib/thumb/v7-m/nofp/libc_nano.a(lib_a-lock.o)
                0x000000000800ed10                __retarget_lock_acquire_recursive
 .text.__retarget_lock_release_recursive
                0x000000000800ed12        0x2 /opt/stm32cubeide/plugins/com.st.stm32cube.ide.mcu.externaltools.gnu-tools-for-stm32.9-2020-q2-update.linux64_1.5.0.202011040924/tools/bin/../lib/gcc/arm-none-eabi/9.3.1/../../../../arm-none-eabi/lib/thumb/v7-m/nofp/libc_nano.a(lib_a-lock.o)
                0x000000000800ed12                __retarget_lock_release_recursive
 *(.glue_7)
 .glue_7        0x000000000800ed14        0x0 linker stubs
 *(.glue_7t)
 .glue_7t       0x000000000800ed14        0x0 linker stubs
 *(.eh_frame)
 .eh_frame      0x000000000800ed14        0x0 /opt/stm32cubeide/plugins/com.st.stm32cube.ide.mcu.externaltools.gnu-tools-for-stm32.9-2020-q2-update.linux64_1.5.0.202011040924/tools/bin/../lib/gcc/arm-none-eabi/9.3.1/thumb/v7-m/nofp/crtbegin.o
 *(.init)
 .init          0x000000000800ed14        0x4 /opt/stm32cubeide/plugins/com.st.stm32cube.ide.mcu.externaltools.gnu-tools-for-stm32.9-2020-q2-update.linux64_1.5.0.202011040924/tools/bin/../lib/gcc/arm-none-eabi/9.3.1/thumb/v7-m/nofp/crti.o
                0x000000000800ed14                _init
 .init          0x000000000800ed18        0x8 /opt/stm32cubeide/plugins/com.st.stm32cube.ide.mcu.externaltools.gnu-tools-for-stm32.9-2020-q2-update.linux64_1.5.0.202011040924/tools/bin/../lib/gcc/arm-none-eabi/9.3.1/thumb/v7-m/nofp/crtn.o
 *(.fini)
 .fini          0x000000000800ed20        0x4 /opt/stm32cubeide/plugins/com.st.stm32cube.ide.mcu.externaltools.gnu-tools-for-stm32.9-2020-q2-update.linux64_1.5.0.202011040924/tools/bin/../lib/gcc/arm-none-eabi/9.3.1/thumb/v7-m/nofp/crti.o
                0x000000000800ed20                _fini
 .fini          0x000000000800ed24        0x8 /opt/stm32cubeide/plugins/com.st.stm32cube.ide.mcu.externaltools.gnu-tools-for-stm32.9-2020-q2-update.linux64_1.5.0.202011040924/tools/bin/../lib/gcc/arm-none-eabi/9.3.1/thumb/v7-m/nofp/crtn.o
                0x000000000800ed2c                . = ALIGN (0x4)
                0x000000000800ed2c                _etext = .

.vfp11_veneer   0x000000000800ed2c        0x0
 .vfp11_veneer  0x000000000800ed2c        0x0 linker stubs

.v4_bx          0x000000000800ed2c        0x0
 .v4_bx         0x000000000800ed2c        0x0 linker stubs

.iplt           0x000000000800ed2c        0x0
 .iplt          0x000000000800ed2c        0x0 /opt/stm32cubeide/plugins/com.st.stm32cube.ide.mcu.externaltools.gnu-tools-for-stm32.9-2020-q2-update.linux64_1.5.0.202011040924/tools/bin/../lib/gcc/arm-none-eabi/9.3.1/thumb/v7-m/nofp/crtbegin.o

.rodata         0x000000000800ed2c      0x13c
                0x000000000800ed2c                . = ALIGN (0x4)
 *(.rodata)
 .rodata        0x000000000800ed2c       0x8a Core/Src/main.o
 *fill*         0x000000000800edb6        0x2 
 .rodata        0x000000000800edb8       0x10 Drivers/STM32F1xx_HAL_Driver/Src/stm32f1xx_hal_rcc.o
 .rodata        0x000000000800edc8       0x10 Drivers/STM32F1xx_HAL_Driver/Src/stm32f1xx_hal_rcc_ex.o
 .rodata        0x000000000800edd8       0x42 USB_DEVICE/App/usbd_desc.o
 *(.rodata*)
 *fill*         0x000000000800ee1a        0x2 
 .rodata.AHBPrescTable
                0x000000000800ee1c       0x10 Core/Src/system_stm32f1xx.o
                0x000000000800ee1c                AHBPrescTable
 .rodata.APBPrescTable
                0x000000000800ee2c        0x8 Core/Src/system_stm32f1xx.o
                0x000000000800ee2c                APBPrescTable
 .rodata._svfprintf_r.str1.1
                0x000000000800ee34       0x11 /opt/stm32cubeide/plugins/com.st.stm32cube.ide.mcu.externaltools.gnu-tools-for-stm32.9-2020-q2-update.linux64_1.5.0.202011040924/tools/bin/../lib/gcc/arm-none-eabi/9.3.1/../../../../arm-none-eabi/lib/thumb/v7-m/nofp/libc_nano.a(lib_a-nano-svfprintf.o)
 .rodata._printf_i.str1.1
                0x000000000800ee45       0x22 /opt/stm32cubeide/plugins/com.st.stm32cube.ide.mcu.externaltools.gnu-tools-for-stm32.9-2020-q2-update.linux64_1.5.0.202011040924/tools/bin/../lib/gcc/arm-none-eabi/9.3.1/../../../../arm-none-eabi/lib/thumb/v7-m/nofp/libc_nano.a(lib_a-nano-vfprintf_i.o)
                0x000000000800ee68                . = ALIGN (0x4)
 *fill*         0x000000000800ee67        0x1 

.ARM.extab      0x000000000800ee68        0x0
                0x000000000800ee68                . = ALIGN (0x4)
 *(.ARM.extab* .gnu.linkonce.armextab.*)
                0x000000000800ee68                . = ALIGN (0x4)

.ARM            0x000000000800ee68        0x8
                0x000000000800ee68                . = ALIGN (0x4)
                0x000000000800ee68                __exidx_start = .
 *(.ARM.exidx*)
 .ARM.exidx     0x000000000800ee68        0x8 /opt/stm32cubeide/plugins/com.st.stm32cube.ide.mcu.externaltools.gnu-tools-for-stm32.9-2020-q2-update.linux64_1.5.0.202011040924/tools/bin/../lib/gcc/arm-none-eabi/9.3.1/thumb/v7-m/nofp/libgcc.a(_udivmoddi4.o)
                0x000000000800ee70                __exidx_end = .
                0x000000000800ee70                . = ALIGN (0x4)

.rel.dyn        0x000000000800ee70        0x0
 .rel.iplt      0x000000000800ee70        0x0 /opt/stm32cubeide/plugins/com.st.stm32cube.ide.mcu.externaltools.gnu-tools-for-stm32.9-2020-q2-update.linux64_1.5.0.202011040924/tools/bin/../lib/gcc/arm-none-eabi/9.3.1/thumb/v7-m/nofp/crtbegin.o

.preinit_array  0x000000000800ee70        0x0
                0x000000000800ee70                . = ALIGN (0x4)
                0x000000000800ee70                PROVIDE (__preinit_array_start = .)
 *(.preinit_array*)
                0x000000000800ee70                PROVIDE (__preinit_array_end = .)
                0x000000000800ee70                . = ALIGN (0x4)

.init_array     0x000000000800ee70        0x4
                0x000000000800ee70                . = ALIGN (0x4)
                0x000000000800ee70                PROVIDE (__init_array_start = .)
 *(SORT_BY_NAME(.init_array.*))
 *(.init_array*)
 .init_array    0x000000000800ee70        0x4 /opt/stm32cubeide/plugins/com.st.stm32cube.ide.mcu.externaltools.gnu-tools-for-stm32.9-2020-q2-update.linux64_1.5.0.202011040924/tools/bin/../lib/gcc/arm-none-eabi/9.3.1/thumb/v7-m/nofp/crtbegin.o
                0x000000000800ee74                PROVIDE (__init_array_end = .)
                0x000000000800ee74                . = ALIGN (0x4)

.fini_array     0x000000000800ee74        0x4
                0x000000000800ee74                . = ALIGN (0x4)
                [!provide]                        PROVIDE (__fini_array_start = .)
 *(SORT_BY_NAME(.fini_array.*))
 *(.fini_array*)
 .fini_array    0x000000000800ee74        0x4 /opt/stm32cubeide/plugins/com.st.stm32cube.ide.mcu.externaltools.gnu-tools-for-stm32.9-2020-q2-update.linux64_1.5.0.202011040924/tools/bin/../lib/gcc/arm-none-eabi/9.3.1/thumb/v7-m/nofp/crtbegin.o
                [!provide]                        PROVIDE (__fini_array_end = .)
                0x000000000800ee78                . = ALIGN (0x4)
                0x000000000800ee78                _sidata = LOADADDR (.data)

.data           0x0000000020000000      0x1f4 load address 0x000000000800ee78
                0x0000000020000000                . = ALIGN (0x4)
                0x0000000020000000                _sdata = .
 *(.data)
 *(.data*)
 .data.SystemCoreClock
                0x0000000020000000        0x4 Core/Src/system_stm32f1xx.o
                0x0000000020000000                SystemCoreClock
 .data.uwTickPrio
                0x0000000020000004        0x4 Drivers/STM32F1xx_HAL_Driver/Src/stm32f1xx_hal.o
                0x0000000020000004                uwTickPrio
 .data.uwTickFreq
                0x0000000020000008        0x1 Drivers/STM32F1xx_HAL_Driver/Src/stm32f1xx_hal.o
                0x0000000020000008                uwTickFreq
 .data.Stat     0x0000000020000009        0x1 FATFS/Target/user_diskio.o
 *fill*         0x000000002000000a        0x2 
 .data.USER_Driver
                0x000000002000000c       0x14 FATFS/Target/user_diskio.o
                0x000000002000000c                USER_Driver
 .data.USBD_CDC_DeviceQualifierDesc
                0x0000000020000020        0xa Middlewares/ST/STM32_USB_Device_Library/Class/CDC/Src/usbd_cdc.o
 *fill*         0x000000002000002a        0x2 
 .data.USBD_CDC
                0x000000002000002c       0x38 Middlewares/ST/STM32_USB_Device_Library/Class/CDC/Src/usbd_cdc.o
                0x000000002000002c                USBD_CDC
 .data.USBD_CDC_CfgHSDesc
                0x0000000020000064       0x43 Middlewares/ST/STM32_USB_Device_Library/Class/CDC/Src/usbd_cdc.o
                0x0000000020000064                USBD_CDC_CfgHSDesc
 *fill*         0x00000000200000a7        0x1 
 .data.USBD_CDC_CfgFSDesc
                0x00000000200000a8       0x43 Middlewares/ST/STM32_USB_Device_Library/Class/CDC/Src/usbd_cdc.o
                0x00000000200000a8                USBD_CDC_CfgFSDesc
 *fill*         0x00000000200000eb        0x1 
 .data.USBD_CDC_OtherSpeedCfgDesc
                0x00000000200000ec       0x43 Middlewares/ST/STM32_USB_Device_Library/Class/CDC/Src/usbd_cdc.o
                0x00000000200000ec                USBD_CDC_OtherSpeedCfgDesc
 *fill*         0x000000002000012f        0x1 
 .data.USBD_Interface_fops_FS
                0x0000000020000130       0x10 USB_DEVICE/App/usbd_cdc_if.o
                0x0000000020000130                USBD_Interface_fops_FS
 .data.FS_Desc  0x0000000020000140       0x1c USB_DEVICE/App/usbd_desc.o
                0x0000000020000140                FS_Desc
 .data.USBD_FS_DeviceDesc
                0x000000002000015c       0x12 USB_DEVICE/App/usbd_desc.o
                0x000000002000015c                USBD_FS_DeviceDesc
 *fill*         0x000000002000016e        0x2 
 .data.USBD_LangIDDesc
                0x0000000020000170        0x4 USB_DEVICE/App/usbd_desc.o
                0x0000000020000170                USBD_LangIDDesc
 .data.USBD_StringSerial
                0x0000000020000174       0x1a USB_DEVICE/App/usbd_desc.o
                0x0000000020000174                USBD_StringSerial
 *fill*         0x000000002000018e        0x2 
 .data._impure_ptr
                0x0000000020000190        0x4 /opt/stm32cubeide/plugins/com.st.stm32cube.ide.mcu.externaltools.gnu-tools-for-stm32.9-2020-q2-update.linux64_1.5.0.202011040924/tools/bin/../lib/gcc/arm-none-eabi/9.3.1/../../../../arm-none-eabi/lib/thumb/v7-m/nofp/libc_nano.a(lib_a-impure.o)
                0x0000000020000190                _impure_ptr
 .data.impure_data
                0x0000000020000194       0x60 /opt/stm32cubeide/plugins/com.st.stm32cube.ide.mcu.externaltools.gnu-tools-for-stm32.9-2020-q2-update.linux64_1.5.0.202011040924/tools/bin/../lib/gcc/arm-none-eabi/9.3.1/../../../../arm-none-eabi/lib/thumb/v7-m/nofp/libc_nano.a(lib_a-impure.o)
 *(.RamFunc)
 *(.RamFunc*)
                0x00000000200001f4                . = ALIGN (0x4)
                0x00000000200001f4                _edata = .

.igot.plt       0x00000000200001f4        0x0 load address 0x000000000800f06c
 .igot.plt      0x00000000200001f4        0x0 /opt/stm32cubeide/plugins/com.st.stm32cube.ide.mcu.externaltools.gnu-tools-for-stm32.9-2020-q2-update.linux64_1.5.0.202011040924/tools/bin/../lib/gcc/arm-none-eabi/9.3.1/thumb/v7-m/nofp/crtbegin.o
                0x00000000200001f4                . = ALIGN (0x4)

.bss            0x00000000200001f4     0x1de4 load address 0x000000000800f06c
                0x00000000200001f4                _sbss = .
                0x00000000200001f4                __bss_start__ = _sbss
 *(.bss)
 .bss           0x00000000200001f4       0x1c /opt/stm32cubeide/plugins/com.st.stm32cube.ide.mcu.externaltools.gnu-tools-for-stm32.9-2020-q2-update.linux64_1.5.0.202011040924/tools/bin/../lib/gcc/arm-none-eabi/9.3.1/thumb/v7-m/nofp/crtbegin.o
 *(.bss*)
 .bss.tx_buffer
                0x0000000020000210       0x48 Core/Src/UartRingbuffer.o
                0x0000000020000210                tx_buffer
 .bss.humidair  0x0000000020000258        0x4 Core/Src/main.o
                0x0000000020000258                humidair
 .bss.temp1     0x000000002000025c        0x4 Core/Src/main.o
                0x000000002000025c                temp1
 .bss.wifiint   0x0000000020000260        0x4 Core/Src/main.o
                0x0000000020000260                wifiint
 .bss.nowscreen
                0x0000000020000264        0x4 Core/Src/main.o
                0x0000000020000264                nowscreen
 .bss.timer_val
                0x0000000020000268        0x2 Core/Src/main.o
                0x0000000020000268                timer_val
 *fill*         0x000000002000026a        0x2 
 .bss.time_work
                0x000000002000026c        0x4 Core/Src/main.o
                0x000000002000026c                time_work
 .bss.SSD1306_Buffer
                0x0000000020000270      0x400 Core/Src/ssd1306.o
 .bss.SSD1306   0x0000000020000670        0x6 Core/Src/ssd1306.o
 *fill*         0x0000000020000676        0x2 
 .bss.__sbrk_heap_end
                0x0000000020000678        0x4 Core/Src/sysmem.o
 .bss.cfgidx.8897
                0x000000002000067c        0x1 Middlewares/ST/STM32_USB_Device_Library/Core/Src/usbd_ctlreq.o
 *fill*         0x000000002000067d        0x3 
 .bss.disk      0x0000000020000680        0xc Middlewares/Third_Party/FatFs/src/ff_gen_drv.o
                0x0000000020000680                disk
 .bss.mem.8967  0x000000002000068c      0x220 USB_DEVICE/Target/usbd_conf.o
 .bss.__malloc_free_list
                0x00000000200008ac        0x4 /opt/stm32cubeide/plugins/com.st.stm32cube.ide.mcu.externaltools.gnu-tools-for-stm32.9-2020-q2-update.linux64_1.5.0.202011040924/tools/bin/../lib/gcc/arm-none-eabi/9.3.1/../../../../arm-none-eabi/lib/thumb/v7-m/nofp/libc_nano.a(lib_a-nano-mallocr.o)
                0x00000000200008ac                __malloc_free_list
 .bss.__malloc_sbrk_start
                0x00000000200008b0        0x4 /opt/stm32cubeide/plugins/com.st.stm32cube.ide.mcu.externaltools.gnu-tools-for-stm32.9-2020-q2-update.linux64_1.5.0.202011040924/tools/bin/../lib/gcc/arm-none-eabi/9.3.1/../../../../arm-none-eabi/lib/thumb/v7-m/nofp/libc_nano.a(lib_a-nano-mallocr.o)
                0x00000000200008b0                __malloc_sbrk_start
 *(COMMON)
 COMMON         0x00000000200008b4       0x4c Core/Src/UartRingbuffer.o
                0x00000000200008b4                _tx_buffer
                0x00000000200008b8                _rx_buffer
                0x00000000200008bc                huart2
 COMMON         0x0000000020000900      0x5a4 Core/Src/main.o
                0x0000000020000900                hUsbDeviceFS
                0x0000000020000bc4                psi
                0x0000000020000bc8                temp2
                0x0000000020000bcc                htim4
                0x0000000020000c14                hi2c1
                0x0000000020000c68                hi2c2
                0x0000000020000cbc                strRX
                0x0000000020000cd1                month
                0x0000000020000cd4                temperature
                0x0000000020000cd8                htim3
                0x0000000020000d20                pressure
                0x0000000020000d24                hadc1
                0x0000000020000d54                humidity
                0x0000000020000d58                hour
                0x0000000020000d5c                hdma_adc1
                0x0000000020000da0                bufferRX
                0x0000000020000db5                min
                0x0000000020000db6                year
                0x0000000020000db7                sec
                0x0000000020000db8                day
                0x0000000020000dbc                humidearth
                0x0000000020000dc0                hspi1
                0x0000000020000e18                htim2
                0x0000000020000e60                bmp280
                0x0000000020000e94                date
                0x0000000020000e98                gasq
                0x0000000020000e9c                adcval
 COMMON         0x0000000020000ea4        0x4 Drivers/STM32F1xx_HAL_Driver/Src/stm32f1xx_hal.o
                0x0000000020000ea4                uwTick
 COMMON         0x0000000020000ea8      0x464 FATFS/App/fatfs.o
                0x0000000020000ea8                USERPath
                0x0000000020000eac                retUSER
                0x0000000020000eb0                USERFile
                0x00000000200010dc                USERFatFS
 COMMON         0x000000002000130c      0x7d0 USB_DEVICE/App/usbd_cdc_if.o
                0x000000002000130c                UserRxBufferFS
                0x00000000200016f4                UserTxBufferFS
 COMMON         0x0000000020001adc      0x200 USB_DEVICE/App/usbd_desc.o
                0x0000000020001adc                USBD_StrDesc
 COMMON         0x0000000020001cdc      0x2ec USB_DEVICE/Target/usbd_conf.o
                0x0000000020001cdc                hpcd_USB_FS
 COMMON         0x0000000020001fc8        0x4 /opt/stm32cubeide/plugins/com.st.stm32cube.ide.mcu.externaltools.gnu-tools-for-stm32.9-2020-q2-update.linux64_1.5.0.202011040924/tools/bin/../lib/gcc/arm-none-eabi/9.3.1/../../../../arm-none-eabi/lib/thumb/v7-m/nofp/libc_nano.a(lib_a-reent.o)
                0x0000000020001fc8                errno
 COMMON         0x0000000020001fcc        0x9 /opt/stm32cubeide/plugins/com.st.stm32cube.ide.mcu.externaltools.gnu-tools-for-stm32.9-2020-q2-update.linux64_1.5.0.202011040924/tools/bin/../lib/gcc/arm-none-eabi/9.3.1/../../../../arm-none-eabi/lib/thumb/v7-m/nofp/libc_nano.a(lib_a-lock.o)
                0x0000000020001fcc                __lock___atexit_recursive_mutex
                0x0000000020001fcd                __lock___arc4random_mutex
                0x0000000020001fce                __lock___env_recursive_mutex
                0x0000000020001fcf                __lock___sinit_recursive_mutex
                0x0000000020001fd0                __lock___malloc_recursive_mutex
                0x0000000020001fd1                __lock___at_quick_exit_mutex
                0x0000000020001fd2                __lock___dd_hash_mutex
                0x0000000020001fd3                __lock___tz_mutex
                0x0000000020001fd4                __lock___sfp_recursive_mutex
                0x0000000020001fd8                . = ALIGN (0x4)
 *fill*         0x0000000020001fd5        0x3 
                0x0000000020001fd8                _ebss = .
                0x0000000020001fd8                __bss_end__ = _ebss

._user_heap_stack
                0x0000000020001fd8      0x600 load address 0x000000000800f06c
                0x0000000020001fd8                . = ALIGN (0x8)
                [!provide]                        PROVIDE (end = .)
                0x0000000020001fd8                PROVIDE (_end = .)
                0x00000000200021d8                . = (. + _Min_Heap_Size)
 *fill*         0x0000000020001fd8      0x200 
                0x00000000200025d8                . = (. + _Min_Stack_Size)
 *fill*         0x00000000200021d8      0x400 
                0x00000000200025d8                . = ALIGN (0x8)

/DISCARD/
 libc.a(*)
 libm.a(*)
 libgcc.a(*)

.ARM.attributes
                0x0000000000000000       0x29
 *(.ARM.attributes)
 .ARM.attributes
                0x0000000000000000       0x1d /opt/stm32cubeide/plugins/com.st.stm32cube.ide.mcu.externaltools.gnu-tools-for-stm32.9-2020-q2-update.linux64_1.5.0.202011040924/tools/bin/../lib/gcc/arm-none-eabi/9.3.1/thumb/v7-m/nofp/crti.o
 .ARM.attributes
                0x000000000000001d       0x2d /opt/stm32cubeide/plugins/com.st.stm32cube.ide.mcu.externaltools.gnu-tools-for-stm32.9-2020-q2-update.linux64_1.5.0.202011040924/tools/bin/../lib/gcc/arm-none-eabi/9.3.1/thumb/v7-m/nofp/crtbegin.o
 .ARM.attributes
                0x000000000000004a       0x2d Core/Src/UartRingbuffer.o
 .ARM.attributes
                0x0000000000000077       0x2d Core/Src/bmp280.o
 .ARM.attributes
                0x00000000000000a4       0x2d Core/Src/main.o
 .ARM.attributes
                0x00000000000000d1       0x2d Core/Src/si7021.o
 .ARM.attributes
                0x00000000000000fe       0x2d Core/Src/ssd1306.o
 .ARM.attributes
                0x000000000000012b       0x2d Core/Src/stm32f1xx_hal_msp.o
 .ARM.attributes
                0x0000000000000158       0x2d Core/Src/stm32f1xx_it.o
 .ARM.attributes
                0x0000000000000185       0x2d Core/Src/sysmem.o
 .ARM.attributes
                0x00000000000001b2       0x2d Core/Src/system_stm32f1xx.o
 .ARM.attributes
                0x00000000000001df       0x21 Core/Startup/startup_stm32f103c8tx.o
 .ARM.attributes
                0x0000000000000200       0x2d Drivers/STM32F1xx_HAL_Driver/Src/stm32f1xx_hal.o
 .ARM.attributes
                0x000000000000022d       0x2d Drivers/STM32F1xx_HAL_Driver/Src/stm32f1xx_hal_adc.o
 .ARM.attributes
                0x000000000000025a       0x2d Drivers/STM32F1xx_HAL_Driver/Src/stm32f1xx_hal_adc_ex.o
 .ARM.attributes
                0x0000000000000287       0x2d Drivers/STM32F1xx_HAL_Driver/Src/stm32f1xx_hal_cortex.o
 .ARM.attributes
                0x00000000000002b4       0x2d Drivers/STM32F1xx_HAL_Driver/Src/stm32f1xx_hal_dma.o
 .ARM.attributes
                0x00000000000002e1       0x2d Drivers/STM32F1xx_HAL_Driver/Src/stm32f1xx_hal_gpio.o
 .ARM.attributes
                0x000000000000030e       0x2d Drivers/STM32F1xx_HAL_Driver/Src/stm32f1xx_hal_i2c.o
 .ARM.attributes
                0x000000000000033b       0x2d Drivers/STM32F1xx_HAL_Driver/Src/stm32f1xx_hal_pcd.o
 .ARM.attributes
                0x0000000000000368       0x2d Drivers/STM32F1xx_HAL_Driver/Src/stm32f1xx_hal_pcd_ex.o
 .ARM.attributes
                0x0000000000000395       0x2d Drivers/STM32F1xx_HAL_Driver/Src/stm32f1xx_hal_rcc.o
 .ARM.attributes
                0x00000000000003c2       0x2d Drivers/STM32F1xx_HAL_Driver/Src/stm32f1xx_hal_rcc_ex.o
 .ARM.attributes
                0x00000000000003ef       0x2d Drivers/STM32F1xx_HAL_Driver/Src/stm32f1xx_hal_spi.o
 .ARM.attributes
                0x000000000000041c       0x2d Drivers/STM32F1xx_HAL_Driver/Src/stm32f1xx_hal_tim.o
 .ARM.attributes
                0x0000000000000449       0x2d Drivers/STM32F1xx_HAL_Driver/Src/stm32f1xx_hal_tim_ex.o
 .ARM.attributes
                0x0000000000000476       0x2d Drivers/STM32F1xx_HAL_Driver/Src/stm32f1xx_hal_uart.o
 .ARM.attributes
                0x00000000000004a3       0x2d Drivers/STM32F1xx_HAL_Driver/Src/stm32f1xx_ll_usb.o
 .ARM.attributes
                0x00000000000004d0       0x2d FATFS/App/fatfs.o
 .ARM.attributes
                0x00000000000004fd       0x2d FATFS/Target/user_diskio.o
 .ARM.attributes