main.c:114:5:main	8	static
main.c:179:6:SystemClock_Config	88	static
main.c:226:13:MX_ADC1_Init	24	static
main.c:279:13:MX_I2C1_Init	8	static
main.c:313:13:MX_I2C2_Init	8	static
main.c:347:13:MX_SPI1_Init	8	static
main.c:385:13:MX_TIM2_Init	64	static
main.c:444:13:MX_TIM3_Init	48	static
main.c:493:13:MX_TIM4_Init	32	static
main.c:538:13:MX_USART2_UART_Init	8	static
main.c:569:13:MX_DMA_Init	16	static
main.c:587:13:MX_GPIO_Init	40	static
main.c:615:6:usbwork	8	static
main.c:661:5:waittx	16	static
main.c:669:6:polsens	16	static
main.c:686:5:wifiinit	8	static
main.c:690:6:displaywork	8	static
main.c:752:6:Error_Handler	4	static,ignoring_inline_asm
